******************************************************************************
            TI ARM Clang Linker PC v3.2.2                      
******************************************************************************
>> Linked Fri Aug  1 20:47:04 2025

OUTPUT FILE NAME:   <flower_ota_onchip_CC2340R5.out>
ENTRY POINT SYMBOL: "resetISR"  address: 00034db5


MEMORY CONFIGURATION

         name            origin    length      used     unused   attr    fill
----------------------  --------  ---------  --------  --------  ----  --------
  FLASH                 00004100   0003c700  00035924  00006ddc  R  X
  NVRAM                 0007f000   00001000  00001000  00000000  R  X
  SRAM                  20000000   00009000  000070f4  00001f0c  RW X
  S2RRAM                40098000   00001000  00000000  00001000  RW  
  CCFG                  4e020000   00000800  00000800  00000000  R   
  LOG_DATA              90000000   00040000  00000000  00040000  R   
  LOG_PTR               94000008   00040000  00000000  00040000  R   


SEGMENT ALLOCATION MAP

run origin  load origin   length   init length attrs members
----------  ----------- ---------- ----------- ----- -------
00004100    00004100    00035928   00035928    r-x
  00004100    00004100    0000008c   0000008c    r-- .resetVecs
  00004190    00004190    00031fac   00031fac    r-x .text
  0003613c    0003613c    0000364c   0000364c    r-- .rodata
  00039788    00039788    000002a0   000002a0    r-- .cinit
0007f000    0007f000    00001000   00000000    rw-
  0007f000    0007f000    00001000   00000000    rw- .TI.bound:flashBuf0
20000440    20000440    00000020   00000000    rw-
  20000440    20000440    00000010   00000000    rw- .TI.bound:dmaChannel4ControlTableEntry
  20000450    20000450    00000010   00000000    rw- .TI.bound:dmaChannel5ControlTableEntry
20000460    20000460    00006c4c   00000000    rw-
  20000460    20000460    00004b24   00000000    rw- .bss
  20004f88    20004f88    00002124   00000000    rw- .data
20008c00    20008c00    00000400   00000000    rw-
  20008c00    20008c00    00000400   00000000    rw- .stack
4e020000    4e020000    00000800   00000800    r--
  4e020000    4e020000    00000800   00000800    r-- .ccfg


SECTION ALLOCATION MAP

 output                                  attributes/
section   page    origin      length       input sections
--------  ----  ----------  ----------   ----------------
.resetVecs 
*          0    00004100    0000008c     
                  00004100    0000008c     ti_freertos_config.o (.resetVecs)

.binit     0    00004100    00000000     

.text      0    00004190    00031fac     
                  00004190    00002e2c     zb_zdo_ed.a : zboss_r23_zdo_zdo_rx.obj (.text.zb_zdo_data_indication)
                  00006fbc    00001ba0     zb_ed_role.a : zboss_r23_common_zb_nvram.obj (.text.zb_nvram_load)
                  00008b5c    000012a0     rcl_cc23x0r5.a : ieee.c.obj (.text.RCL_Handler_Ieee_RxTx)
                  00009dfc    000012a0     ti_f3_main.o (.text.main_task_function)
                  0000b09c    0000102c     zb_ed_role.a : zboss_r23_aps_aps_main.obj (.text.zb_nlde_data_indication_continue)
                  0000c0c8    00000e2c     lto51 (.text.write_dataset_body_by_type)
                  0000cef4    00000d9c     lto51 (.text.zb_zcl_process_ota_upgrade_specific_commands_cli)
                  0000dc90    00000a58     lto51 (.text.ep_process_zcl_cmd)
                  0000e6e8    000008f8     zb_ed_role.a : zboss_r23_mac_mac.obj (.text.zb_mac_logic_iteration)
                  0000efe0    00000880                  : zboss_r23_nwk_nwk_discovery.obj (.text.zb_mlme_beacon_notify_indication)
                  0000f860    00000828                  : zboss_r23_nwk_nwk_main.obj (.text.zb_mcps_data_indication_process_nwk)
                  00010088    000006cc     zb_cluster_ed.a : zboss_r23_zcl_zcl_scenes.obj (.text.zb_zcl_process_scenes_specific_commands_cli)
                  00010754    000006bc     lto51 (.text.zb_apsde_data_request_main)
                  00010e10    000005e0     zb_cluster_ed.a : zboss_r23_zcl_zcl_on_off_commands.obj (.text.zb_zcl_process_on_off_specific_commands_cli)
                  000113f0    00000524     lto51 (.text.zb_sw_crypto_scalarmult)
                  00011914    000004d8     rcl_cc23x0r5.a : LRFCC23X0.c.obj (.text.LRF_setupRadio)
                  00011dec    000004c8     lto51 (.text.done_with_frag_tx_ack)
                  000122b4    00000484     zb_ti_platform_zed_log.a : mac_ti_f3_mac.obj (.text.rfCallback)
                  00012738    0000047c     on_off_switch_ota_client.o (.text.device_interface_cb)
                  00012bb4    0000043c     zb_zdo_ed.a : zboss_r23_zdo_af_rx.obj (.text.zb_apsde_data_acknowledged)
                  00012ff0    0000040c     zb_cluster_ed.a : zboss_r23_zcl_zcl_reporting.obj (.text.zb_zcl_report_attr)
                  000133fc    000003d0     on_off_switch_ota_client.o (.text.zboss_signal_handler)
                  000137cc    000003cc     lto51 (.text.zb_zcl_read_attr_handler_continue)
                  00013b98    000003c8     zb_ed_role.a : zboss_r23_nwk_nwk_join.obj (.text.zb_nlme_rejoin_response)
                  00013f60    000003b8                  : zboss_r23_nwk_nwk_discovery.obj (.text.zb_mlme_scan_confirm)
                  00014318    000003b0     lto51 (.text.zb_zdo_common_response_handler)
                  000146c8    0000036c     zb_ed_role.a : zboss_r23_secur_zdo_secur.obj (.text.zb_apsme_transport_key_indication)
                  00014a34    00000368     zb_cluster_ed.a : zboss_r23_zcl_zcl_general_commands.obj (.text.zb_zcl_write_attr_handler)
                  00014d9c    00000344     on_off_switch_ota_client.o (.text.my_main_loop)
                  000150e0    00000344     zb_ed_role.a : zboss_r23_aps_aps_main.obj (.text.zb_apsde_data_request)
                  00015424    0000032c                  : zboss_r23_secur_aps_secur.obj (.text.zb_aps_unsecure_frame)
                  00015750    00000320                  : zboss_r23_nwk_nwk_main.obj (.text.nwk_frame_indication)
                  00015a70    00000310     lto51 (.text.LRF_temperatureCompensateTrim)
                  00015d80    00000304     zb_ed_role.a : zboss_r23_aps_aps_main.obj (.text.zb_nlde_data_confirm)
                  00016084    000002fc     zb_zdo_ed.a : zboss_r23_zdo_zdo_bind_manage.obj (.text.zb_zdo_bind_unbind_res)
                  00016380    000002e0     lto51 (.text.bdb_rejoin_machine)
                  00016660    000002d0     zb_ed_role.a : zboss_r23_common_zb_scheduler.obj (.text.zb_schedule_alarm)
                  00016930    000002c8                  : zboss_r23_aps_aps_bind.obj (.text.zb_apsme_bind_request)
                  00016bf8    000002c4     drivers_cc23x0r5.a : AESCMACLPF3.c.obj (.text.AESCMAC_oneStepSign)
                  00016ebc    000002c0     rcl_cc23x0r5.a : LRFCC23X0.c.obj (.text.LRF_programFrequency)
                  0001717c    000002ac     zb_ed_role.a : zboss_r23_nwk_nwk_main.obj (.text.zb_nwk_handle_mcps_data_confirm)
                  00017428    0000029c     lto51 (.text.bdb_network_steering_machine)
                  000176c4    00000298     lto51 (.text.rclCommandHwi)
                  0001795c    00000294     ti_f3_main.o (.text.main)
                  00017bf0    00000290     lto51 (.text.zb_zcl_finish_and_send_packet_common)
                  00017e80    0000027c     lto51 (.text.bdb_handle_comm_signal)
                  000180fc    00000278     ti_freertos_config.o (.text.PowerCC23X0_standbyPolicy)
                  00018374    00000274     zb_ed_role.a : zboss_r23_mac_mac_scan.obj (.text.zb_mlme_scan_step)
                  000185e8    0000026c                  : zboss_r23_secur_aps_secur.obj (.text.zb_aps_secure_frame)
                  00018854    00000268     lto51 (.text.process_binding_for_respondent)
                  00018abc    00000268     lto51 (.text.sendTx)
                  00018d24    0000025c     zb_zdo_ed.a : zboss_r23_zdo_zdo_app_join.obj (.text.zb_nlme_network_discovery_confirm)
                  00018f80    0000025c     zb_cluster_ed.a : zboss_r23_zcl_zcl_reporting.obj (.text.zb_zcl_mark_attr_for_reporting_manuf)
                  000191dc    0000024c     rcl_cc23x0r5.a : adc_noise.c.obj (.text.RCL_Handler_ADC_Noise_getNoise)
                  00019428    00000248     lto51 (.text.zb_nvram_get_length_dataset)
                  00019670    00000248     lto51 (.text.zcl_write_attr_post_process)
                  000198b8    00000244     zb_ed_role.a : zboss_r23_common_zb_address.obj (.text.zb_address_update)
                  00019afc    00000240     lto51 (.text.rclSchedulerHwi)
                  00019d3c    00000240     zb_ed_role.a : zboss_r23_aps_aps_main.obj (.text.zb_nlde_data_indication)
                  00019f7c    00000230                  : zboss_r23_mac_mac.obj (.text.zb_mac_send_frame)
                  0001a1ac    0000022c     lto51 (.text.aps_ack_send_handle)
                  0001a3d8    0000022c     zb_ed_role.a : zboss_r23_nwk_nwk_join.obj (.text.zb_mlme_associate_confirm)
                  0001a604    00000224                  : zboss_r23_nwk_nwk_main.obj (.text.zb_nwk_forward)
                  0001a828    00000218                  : zboss_r23_commissioning_bdb_zdo_commissioning_bdb.obj (.text.bdb_commissioning_machine)
                  0001aa40    00000218                  : zboss_r23_mac_mac_pib.obj (.text.zb_mlme_set_request_sync)
                  0001ac58    00000210                  : zboss_r23_mac_mac_pib.obj (.text.zb_mlme_get_request)
                  0001ae68    0000020c                  : zboss_r23_aps_aps_main.obj (.text.zb_aps_ack_timer_cb)
                  0001b074    000001f8     lto51 (.text.find_datasets_on_page)
                  0001b26c    000001f8     zb_ed_role.a : zboss_r23_nwk_nwk_join.obj (.text.zb_nlme_join_request)
                  0001b464    000001f4     lto51 (.text.zb_aps_unsecure_frame_bykey)
                  0001b658    000001f0     zb_cluster_ed.a : zboss_r23_zcl_zcl_common.obj (.text.zb_zcl_get_attribute_size)
                  0001b848    000001ec     lto51 (.text.zb_aps_out_frag_schedule_send_next_block)
                  0001ba34    000001e8     zb_zdo_ed.a : zboss_r23_zdo_zdo_wwah_survey_beacons.obj (.text.zb_nlme_beacon_survey_scan_confirm)
                  0001bc1c    000001e0     lto51 (.text.zb_zcl_put_attribute_value)
                  0001bdfc    000001e0     lto51 (.text.zb_zcl_scenes_process_add_scene_command)
                  0001bfdc    000001dc     zb_ed_role.a : zboss_r23_nwk_nwk_main.obj (.text.zb_nwk_do_leave)
                  0001c1b8    000001d8     lto51 (.text.addr_add)
                  0001c390    000001d4     zb_ti_platform_zed_log.a : osif_ti_f3_crypto.obj (.text.hw_aes128)
                  0001c564    000001d4     lto51 (.text.nwk_choose_parent)
                  0001c738    000001d4     lto51 (.text.zb_aps_send_command_main)
                  0001c90c    000001d0     lto51 (.text.zb_zcl_disc_attr_handler)
                  0001cadc    000001cc     drivers_cc23x0r5.a : AESCTRLPF3.c.obj (.text.AESCTR_oneStepEncrypt)
                  0001cca8    00000010     lto51 (.tramp.OUTLINED_FUNCTION_439.1)
                  0001ccb8    000001c8     zb_ed_role.a : zboss_r23_secur_zdo_secur.obj (.text.zb_secur_update_key_pair_ex)
                  0001ce80    000001c0     lto51 (.text.nwk_association_join)
                  0001d040    000001bc     zb_cluster_ed.a : zboss_r23_zcl_zcl_identify_commands.obj (.text.zb_zcl_process_identify_specific_commands_srv)
                  0001d1fc    000001a8     zb_ed_role.a : zboss_r23_nwk_nwk_disc_table.obj (.text.zb_nwk_neighbor_ext_to_base)
                  0001d3a4    000001a8     zb_cluster_ed.a : zboss_r23_zcl_zcl_common.obj (.text.zb_zcl_process_device_command)
                  0001d54c    000001a4     lto51 (.text.resend_buffer)
                  0001d6f0    000001a0     lto51 (.text.done_with_this_ack)
                  0001d890    00000194     lto51 (.text.migrate_curr_page_to_new_version)
                  0001da24    00000190     zb_cluster_ed.a : zboss_r23_zcl_zcl_general_commands.obj (.text.zb_zcl_discover_commands_res)
                  0001dbb4    0000018c     ti_freertos_config.o (.text.xQueueSemaphoreTake)
                  0001dd40    00000188     zb_ed_role.a : zboss_r23_nwk_nwk_nlme.obj (.text.zb_nwk_load_pib_stm)
                  0001dec8    00000188                  : zboss_r23_secur_zdo_secur.obj (.text.zb_zdo_secur_ecdhe_start)
                  0001e050    00000184                  : zboss_r23_aps_aps_main.obj (.text.zb_aps_hdr_parse)
                  0001e1d4    0000017c     lto51 (.text.mlme_get_mac_diag_info)
                  0001e350    0000017c     zb_ed_role.a : zboss_r23_mac_mac_scan.obj (.text.zb_mac_send_enhanced_beacon_request_command)
                  0001e4cc    0000017c                  : zboss_r23_mac_mac_data.obj (.text.zb_mcps_data_request)
                  0001e648    00000178     lto51 (.text.zdo_send_req)
                  0001e7c0    00000174     zb_ti_platform_zed_log.a : mac_ti_f3_mac.obj (.text.mac_ti23xx_radio_init)
                  0001e934    00000170     zb_ed_role.a : zboss_r23_mac_mac_scan.obj (.text.zb_mlme_scan_request)
                  0001eaa4    0000016c     lto51 (.text.prvTimerTask)
                  0001ec10    00000160     zb_zdo_ed.a : zboss_r23_zdo_zdo_poll.obj (.text.zb_nlme_sync_confirm)
                  0001ed70    0000015c     lto51 (.text.nwk_alloc_and_fill_hdr_int)
                  0001eecc    0000015c     lto51 (.text.rclSchedulerProcessCmdStartStopTime)
                  0001f028    0000015c     lto51 (.text.zb_zcl_scenes_process_view_scene_command)
                  0001f184    00000158     zb_cluster_ed.a : zboss_r23_zcl_zcl_alarms_commands.obj (.text.zb_zcl_process_alarms_specific_commands_srv)
                  0001f2dc    00000150     lto51 (.text.zb_nvram_migrate_current_page)
                  0001f42c    00000150     zb_ed_role.a : zboss_r23_secur_nwk_secur.obj (.text.zb_nwk_secure_frame)
                  0001f57c    0000014c                  : zboss_r23_aps_aps_main.obj (.text.zb_aps_clear_after_leave)
                  0001f6c8    0000014c                  : zboss_r23_commissioning_bdb_bdb_finding_binding.obj (.text.zb_bdb_process_identify_query_res)
                  0001f814    00000148     lto51 (.text.rclStop)
                  0001f95c    00000148     ti_freertos_config.o (.text.xQueueGenericSend)
                  0001faa4    00000144     lto51 (.text.RNGLPF3RF_generateEntropy)
                  0001fbe8    0000013c     lto51 (.text.process_ed_timeout_resp)
                  0001fd24    0000013c     zb_ed_role.a : zboss_r23_mac_mac.obj (.text.zb_mac_change_channel)
                  0001fe60    00000138     drivers_cc23x0r5.a : NVSLPF3.c.obj (.text.NVSLPF3_write)
                  0001ff98    00000138     zb_ed_role.a : zboss_r23_secur_secur_ccm.obj (.text.zb_ccm_auth_trans)
                  000200d0    00000138     zb_zdo_ed.a : zboss_r23_zdo_zdo_disc_cli.obj (.text.zb_zdo_initiate_nwk_addr_req_2param)
                  00020208    00000138     lto51 (.text.zb_zdo_node_desc_req_2param_cb)
                  00020340    00000130     lto51 (.text.bdb_initialization_machine)
                  00020470    00000130     lto51 (.text.prvAddNewTaskToReadyList)
                  000205a0    0000012c     zb_cluster_ed.a : zboss_r23_zcl_zcl_s_wwah.obj (.text.zb_zcl_wwah_periodic_checkin_tc_poll)
                  000206cc    00000128     zb_zdo_ed.a : zboss_r23_zdo_zdo_app_leave.obj (.text.zb_nlme_leave_confirm)
                  000207f4    00000128     zb_ed_role.a : zboss_r23_common_zb_scheduler.obj (.text.zb_schedule_alarm_cancel)
                  0002091c    00000128     zb_zdo_ed.a : zboss_r23_zdo_zdo_commissioning.obj (.text.zdo_commissioning_join_via_scanlist)
                  00020a44    00000124     rcl_cc23x0r5.a : RCL.c.obj (.text.RCL_init)
                  00020b68    00000124     ti_freertos_config.o (.text.xQueueReceive)
                  00020c8c    00000124     zb_zdo_ed.a : zboss_r23_zdo_zdo_commissioning.obj (.text.zdo_commissioning_leave_done)
                  00020db0    00000124                 : zboss_r23_zdo_zdo_diagnostics.obj (.text.zdo_diagnostics_inc)
                  00020ed4    00000124     lto51 (.text.zdo_ed_scan_completed_by_update_request)
                  00020ff8    00000120     zb_ed_role.a : zboss_r23_aps_aps_main.obj (.text.aps_data_hdr_fill_datareq)
                  00021118    00000120                  : zboss_r23_commissioning_bdb_bdb_finding_binding.obj (.text.zb_bdb_active_eps_check_cb)
                  00021238    0000011c     lto51 (.text.allocate_buffer_unsafe)
                  00021354    0000011c     lto51 (.text.check_in_handle_check_binding_confirm)
                  00021470    0000011c     ti_freertos_config.o (.text.xTaskResumeAll)
                  0002158c    0000011c     zb_zdo_ed.a : zboss_r23_zdo_af_rx.obj (.text.zb_apsde_data_indication)
                  000216a8    0000011c     zb_ed_role.a : zboss_r23_nwk_nwk_nlme.obj (.text.zb_nlme_leave_request)
                  000217c4    00000118                  : zboss_r23_commissioning_bdb_zdo_commissioning_bdb.obj (.text.bdb_initialization_procedure)
                  000218dc    00000118     lto51 (.text.zb_zcl_ota_server_discovery_callback)
                  000219f4    00000118     zb_ed_role.a : zboss_r23_secur_zdo_secur.obj (.text.zb_zdo_secur_send_challenge_req)
                  00021b0c    00000114     lto51 (.text.AESCTRDRBG_reseed)
                  00021c20    00000114     zb_zdo_ed.a : zboss_r23_zdo_zdo_app_join.obj (.text.zdo_authenticated_send_device_annce)
                  00021d34    00000110                 : zboss_r23_zdo_zdo_disc_cli.obj (.text.zb_zdo_init_node_desc_req_2param)
                  00021e44    0000010c                 : zboss_r23_zdo_zdo_app.obj (.text.zb_apsde_data_confirm)
                  00021f50    0000010c     lto51 (.text.zdo_mgmt_leave_local)
                  0002205c    00000108     ti_freertos_config.o (.text.xTaskIncrementTick)
                  00022164    00000108     zb_ed_role.a : zboss_r23_secur_aps_secur.obj (.text.zb_aps_secure_frame_by_key)
                  0002226c    00000108                  : zboss_r23_mac_mac_data.obj (.text.zb_handle_mcps_data_req)
                  00022374    00000108                  : zboss_r23_mac_mac.obj (.text.zb_mlme_handle_in_command)
                  0002247c    00000108     zb_cluster_ed.a : zboss_r23_zcl_zcl_ota_upgrade_commands.obj (.text.zcl_ota_abort)
                  00022584    00000106     lto51 (.text.encrypt_trans)
                  0002268a    00000002     libclang_rt.builtins.a : aeabi_div0.c.obj (.text.__aeabi_idiv0)
                  0002268c    00000100     zb_zdo_ed.a : zboss_r23_zdo_zdo_app.obj (.text.zb_aps_command_confirm)
                  0002278c    00000100     zb_ed_role.a : zboss_r23_commissioning_bdb_bdb_finding_binding.obj (.text.zb_bdb_process_ext_addr_resp)
                  0002288c    000000fc     lto51 (.text.aps_in_frag_do_merge_blocks)
                  00022988    000000fc     zb_ti_platform_zed_log.a : osif_ti_f3_nvram.obj (.text.zb_osif_nvram_erase_async)
                  00022a84    000000fc     zb_cluster_ed.a : zboss_r23_zcl_zcl_reporting.obj (.text.zb_zcl_reporting_timer_handler)
                  00022b80    000000f8     zb_ed_role.a : zboss_r23_common_zb_nvram.obj (.text.zb_nvram_write_end)
                  00022c78    000000f8     lto51 (.text.zb_zcl_on_off_timer_handler)
                  00022d70    000000f8     lto51 (.text.zb_zcl_ota_upgrade_send_block_request)
                  00022e68    000000f4     zb_ed_role.a : zboss_r23_aps_aps_main.obj (.text.zb_apsde_data_request_relay)
                  00022f5c    000000f4     lto51 (.text.zb_apsme_unbind_all)
                  00023050    000000f0     lto51 (.text.rclDispatchHwi)
                  00023140    000000f0     zb_ed_role.a : zboss_r23_aps_aps_bind.obj (.text.zb_apsme_unbind_by_ref)
                  00023230    000000f0     lto51 (.text.zdo_diagnostics_get_mac_stats_cb)
                  00023320    000000ec     lto51 (.text.bdb_restore_saved_rr)
                  0002340c    000000ec     lto51 (.text.zb_nvram_dataset_data_is_valid)
                  000234f8    000000ec     lto51 (.text.zb_zcl_conform_singleton)
                  000235e4    000000e8     zb_cluster_ed.a : zboss_r23_zcl_zcl_common.obj (.text.zb_zcl_check_attribute_writable)
                  000236cc    000000e8     lto51 (.text.zb_zcl_send_command_short_schedule)
                  000237b4    000000e4     zb_ed_role.a : zboss_r23_common_zb_address.obj (.text.zb_address_set_pan_id)
                  00023898    000000e4                  : zboss_r23_nwk_nwk_main.obj (.text.zb_nlde_data_request)
                  0002397c    000000e0     ti_freertos_config.o (.text.pvPortMalloc)
                  00023a5c    000000e0     zb_ed_role.a : zboss_r23_secur_apsme_secur.obj (.text.zb_apsme_verify_key_req)
                  00023b3c    000000e0                  : zboss_r23_secur_zdo_secur.obj (.text.zb_zdo_sec_st_key_neg_req_send)
                  00023c1c    000000e0     lto51 (.text.zdo_initiate_rejoin_cont)
                  00023cfc    000000dc     lto51 (.text.bdb_key_exchg_node_desc_callback)
                  00023dd8    000000dc     lto51 (.text.zb_nvram_read_aps_counters)
                  00023eb4    000000dc     zb_cluster_ed.a : zboss_r23_zcl_zcl_s_wwah.obj (.text.zb_zcl_wwah_send_survey_beacons_response)
                  00023f90    000000d8     zb_ti_platform_zed_log.a : mac_ti_f3_mac.obj (.text.mac_ti23xx_trans_set_rx_on_off)
                  00024068    000000d8     lto51 (.text.nvram_read_aps_keypair)
                  00024140    000000d8     ti_freertos_config.o (.text.pthread_create)
                  00024218    000000d8     zb_ed_role.a : zboss_r23_nwk_nwk_nlme.obj (.text.zb_nlme_sync_request)
                  000242f0    000000d4                  : zboss_r23_commissioning_bdb_zdo_commissioning_bdb.obj (.text.bdb_force_link)
                  000243c4    000000d4                  : zboss_r23_aps_aps_main.obj (.text.zb_aps_add_max_trans_size)
                  00024498    000000d4                  : zboss_r23_aps_aps_main.obj (.text.zb_aps_pass_group_msg_up)
                  0002456c    000000d4     zb_cluster_ed.a : zboss_r23_zcl_zcl_s_wwah.obj (.text.zb_zcl_wwah_periodic_checkin_match_desc_req)
                  00024640    000000d0     zb_ed_role.a : zboss_r23_nwk_nwk_main.obj (.text.mcps_indication_process_in)
                  00024710    000000d0                  : zboss_r23_secur_apsme_secur.obj (.text.zb_aps_in_relay)
                  000247e0    000000d0     lto51 (.text.zb_check_frag_queue_cleanup_and_send_fail_confirm)
                  000248b0    000000d0     zb_ed_role.a : zboss_r23_nwk_nwk_join.obj (.text.zb_nlme_rejoin_scan_confirm)
                  00024980    000000d0     zb_ti_platform_zed_log.a : osif_ti_f3_crypto.obj (.text.zb_osif_random_hw)
                  00024a50    000000d0     zb_zdo_ed.a : zboss_r23_zdo_zdo_commissioning.obj (.text.zdo_commissioning_dev_annce_sent)
                  00024b20    000000cc     zb_ed_role.a : zboss_r23_mac_mac.obj (.text.zb_handle_mlme_poll_request)
                  00024bec    000000cc     lto51 (.text.zb_zdo_pim_turbo_poll_adaptation)
                  00024cb8    000000c8     lto51 (.text.zb_nlme_nwk_commis_req_send_pkt)
                  00024d80    000000c8     zb_ed_role.a : zboss_r23_mac_mac_common.obj (.text.zb_parse_mhr_ptr)
                  00024e48    000000c4                  : zboss_r23_nwk_nwk_main.obj (.text.zb_nwk_forget_device)
                  00024f0c    000000c4     zb_zdo_ed.a : zboss_r23_zdo_zdo_common.obj (.text.zdo_send_req_by_short)
                  00024fd0    000000c0                 : zboss_r23_zdo_af_descriptor.obj (.text.zb_set_default_ed_descriptor_values)
                  00025090    000000c0     lto51 (.text.zb_zcl_adjust_reporting_timer)
                  00025150    000000c0     zb_cluster_ed.a : zboss_r23_zcl_zcl_reporting.obj (.text.zb_zcl_find_reporting_info_manuf)
                  00025210    000000c0     zb_zdo_ed.a : zboss_r23_zdo_zdo_disc_cli.obj (.text.zb_zdo_match_desc_req)
                  000252d0    000000bc     rcl_cc23x0r5.a : RCL_Scheduler.c.obj (.text.RCL_Scheduler_setStopTimes)
                  0002538c    000000bc     zb_ed_role.a : zboss_r23_mac_mac_associate.obj (.text.mac_call_associate_confirm_fail)
                  00025448    000000bc     ti_freertos_config.o (.text.vTaskSuspend)
                  00025504    000000bc     ti_freertos_config.o (.text.xQueueGenericReset)
                  000255c0    000000bc     zb_ed_role.a : zboss_r23_common_zb_address.obj (.text.zb_add_short_addr_sorted)
                  0002567c    000000bc                  : zboss_r23_common_zb_bufpool_mult.obj (.text.zb_buf_copy_func)
                  00025738    000000bc     zb_cluster_ed.a : zboss_r23_zcl_zcl_common.obj (.text.zb_zcl_get_next_target_endpoint)
                  000257f4    000000bc     lto51 (.text.zdo_nwk_update_req_process_channel_ed_scan)
                  000258b0    000000b8     lto51 (.text.PowerCC23X0_oscillatorISR)
                  00025968    000000b8     zb_ed_role.a : zboss_r23_commissioning_bdb_bdb_finding_binding.obj (.text.zb_bdb_simple_desc_check_cb)
                  00025a20    000000b8                  : zboss_r23_nwk_nwk_join.obj (.text.zb_nlme_rejoin_send_pkt)
                  00025ad8    000000b8                  : zboss_r23_secur_ic_secur.obj (.text.zb_secur_ic_get_key_by_address)
                  00025b90    000000b6     lto51 (.text.zb_channel_page_list_set_logical_channel)
                  00025c46    00000002     libclang_rt.builtins.a : aeabi_div0.c.obj (.text.__aeabi_ldiv0)
                  00025c48    000000b4     zb_ed_role.a : zboss_r23_aps_aps_main.obj (.text.aps_send_fail_confirm)
                  00025cfc    000000b4                  : zboss_r23_common_zb_nvram.obj (.text.zb_nvram_write_start)
                  00025db0    000000b4     zb_cluster_ed.a : zboss_r23_zcl_zcl_reporting.obj (.text.zb_zcl_wait_reporting_timeout)
                  00025e64    000000b4     zb_zdo_ed.a : zboss_r23_zdo_af_rx.obj (.text.zb_zdo_device_is_unreachable)
                  00025f18    000000b4                 : zboss_r23_zdo_zdo_common.obj (.text.zdo_af_resp)
                  00025fcc    000000b4                 : zboss_r23_zdo_zdo_app_join.obj (.text.zdo_join_to_nwk_descr)
                  00026080    000000b0     ti_freertos_config.o (.text.xTaskRemoveFromEventList)
                  00026130    000000b0     zb_ed_role.a : zboss_r23_mac_mac_associate.obj (.text.zb_mlme_send_association_req_cmd)
                  000261e0    000000ac     rcl_cc23x0r5.a : RCL_Scheduler.c.obj (.text.RCL_Scheduler_cancelSchedStopTime)
                  0002628c    000000ac     lto51 (.text.aps_in_frag_assemble_window_delayed)
                  00026338    000000ac     lto51 (.text.nwk_fill_alloc_hdr_req)
                  000263e4    000000ac     lto51 (.text.send_bind_unbind_req)
                  00026490    000000ac     ti_freertos_config.o (.text.vTaskDelete)
                  0002653c    000000ac     lto51 (.text.zdo_mgmt_leave_req)
                  000265e8    000000a8     ti_f3_led_buttons.o (.text.button_callback)
                  00026690    000000a8     lto51 (.text.handle_bind_confirm.1252)
                  00026738    000000a8     zb_ed_role.a : zboss_r23_common_zb_nvram.obj (.text.zb_aps_keypair_write)
                  000267e0    000000a8     lto51 (.text.zb_mlme_reset_request_sync)
                  00026888    000000a4     zb_ed_role.a : zboss_r23_secur_secur_ccm.obj (.text.zb_ccm_decrypt_n_auth)
                  0002692c    000000a4     lto51 (.text.zb_clear_bind_trans)
                  000269d0    000000a4     zb_ed_role.a : zboss_r23_nwk_nwk_nlme.obj (.text.zb_nlme_send_status)
                  00026a74    000000a4     lto51 (.text.zb_nlme_status_indication_process)
                  00026b18    000000a4     zb_ed_role.a : zboss_r23_nwk_nwk_neighbor.obj (.text.zb_nwk_neighbor_get)
                  00026bbc    000000a4     lto51 (.text.zb_zcl_set_attr_val)
                  00026c60    000000a4     lto51 (.text.zdo_cb_killer)
                  00026d04    000000a2     libclang_rt.builtins.a : udivmoddi4.S.obj (.text)
                  00026da6    00000002     lto51 (.text.errorSpin)
                  00026da8    000000a0     rcl_cc23x0r5.a : RCL.c.obj (.text.RCL_open)
                  00026e48    000000a0     zb_ed_role.a : zboss_r23_nwk_nwk_nlme.obj (.text.nwk_next_rejoin_poll)
                  00026ee8    000000a0     lto51 (.text.prvUnlockQueue)
                  00026f88    000000a0     zb_ed_role.a : zboss_r23_commissioning_bdb_bdb_finding_binding.obj (.text.zb_bdb_process_active_eps_res)
                  00027028    000000a0                  : zboss_r23_secur_aps_secur.obj (.text.zb_increase_aps_outgoing_frame_counter)
                  000270c8    000000a0                  : zboss_r23_mac_mac_data.obj (.text.zb_mac_get_indirect_data)
                  00027168    000000a0                  : zboss_r23_nwk_nwk_join.obj (.text.zb_nlme_rejoin_response_timeout)
                  00027208    000000a0     zb_cluster_ed.a : zboss_r23_zcl_zcl_reporting.obj (.text.zb_zcl_reporting_cb)
                  000272a8    000000a0     lto51 (.text.zb_zdo_nwk_addr_req_2param_cb)
                  00027348    000000a0     zb_zdo_ed.a : zboss_r23_zdo_zdo_tlv_mgmt.obj (.text.zb_zdo_upd_key_req_process_tlv)
                  000273e8    0000009c     zb_ed_role.a : zboss_r23_common_zb_address.obj (.text.zb_address_unlock_func)
                  00027484    0000009c                  : zboss_r23_common_zb_bufpool_mult.obj (.text.zb_buf_free_func)
                  00027520    0000009c     lto51 (.text.zb_zcl_ota_upgrade_request_server_send)
                  000275bc    0000009c     lto51 (.text.zb_zdo_poll_parent)
                  00027658    00000098     lto51 (.text.RCL_Handler_Ieee_setCustomEventTime)
                  000276f0    00000098     lto51 (.text.doErase)
                  00027788    00000098     zb_ed_role.a : zboss_r23_secur_zdo_secur.obj (.text.secur_nwk_key_switch)
                  00027820    00000098     lto51 (.text.zb_aps_relay_secured)
                  000278b8    00000098     zb_ed_role.a : zboss_r23_nwk_nwk_main.obj (.text.zb_mcps_data_indication)
                  00027950    00000098     zb_cluster_ed.a : zboss_r23_zcl_zcl_poll_control_commands.obj (.text.zb_zcl_poll_control_start_check_in)
                  000279e8    00000098     lto51 (.text.zb_zcl_start_identifying)
                  00027a80    00000094     driverlib.a : interrupt.c.obj (.text.IntSetPriority)
                  00027b14    00000094     lto51 (.text.RCL_Handler_Ieee_updateRxCurBufferAndFifo)
                  00027ba8    00000094     on_off_switch_ota_client.o (.text.start_finding_binding)
                  00027c3c    00000094     zb_ed_role.a : zboss_r23_common_zb_bufpool_mult.obj (.text.zb_buf_initial_alloc_func)
                  00027cd0    00000094     lto51 (.text.zb_mac_send_data_conf)
                  00027d64    00000094     zb_ed_role.a : zboss_r23_nwk_nwk_nlme.obj (.text.zb_nlme_reset_request)
                  00027df8    00000094                  : zboss_r23_secur_zdo_secur.obj (.text.zb_secur_create_best_suitable_link_key_pair_set)
                  00027e8c    00000094     zb_cluster_ed.a : zboss_r23_zcl_zcl_ias_zone_commands.obj (.text.zb_zcl_ias_zone_put_cie_address_to_binding_whitelist)
                  00027f20    00000094                     : zboss_r23_zcl_zcl_main.obj (.text.zb_zcl_send_default_resp_ext)
                  00027fb4    00000094     lto51 (.text.zdo_join_done_cont)
                  00028048    00000092     lto51 (.text.square)
                  000280da    00000006     driverlib.a : cpu.c.obj (.text.CPUDelay)
                  000280e0    00000092                 : aes_ticlang.s.obj (.text)
                  00028172    00000002     ti_freertos_config.o (.text.vApplicationStackOverflowHook)
                  00028174    00000090     lto51 (.text.aps_send_frame_via_binding)
                  00028204    00000090     lto51 (.text.nwk_scan_find_next_channel_mask)
                  00028294    00000090     lto51 (.text.prvInitialiseNewTask)
                  00028324    00000090     lto51 (.text.short_search)
                  000283b4    00000090     ti_freertos_config.o (.text.vTaskStartScheduler)
                  00028444    00000090     zb_ed_role.a : zboss_r23_mac_mac_common.obj (.text.zb_mac_fill_mhr)
                  000284d4    00000090                  : zboss_r23_mac_mac_data.obj (.text.zb_mac_indirect_data_rx_failed)
                  00028564    00000090                  : zboss_r23_nwk_nwk_discovery.obj (.text.zb_nlme_network_discovery_request)
                  000285f4    00000090                  : zboss_r23_common_zb_nvram.obj (.text.zb_nvram_write_dataset)
                  00028684    00000090     zb_zdo_ed.a : zboss_r23_zdo_zdo_hubs.obj (.text.zb_wwah_set_pending_channel)
                  00028714    00000090     zb_cluster_ed.a : zboss_r23_zcl_zcl_on_off_commands.obj (.text.zb_zcl_on_off_invoke_user_app)
                  000287a4    00000090                     : zboss_r23_zcl_zcl_reporting.obj (.text.zb_zcl_reporting_slot_number)
                  00028834    00000090     zb_zdo_ed.a : zboss_r23_zdo_zdo_poll.obj (.text.zb_zdo_pim_init_defaults)
                  000288c4    00000090     lto51 (.text.zdo_initiate_rejoin)
                  00028954    0000008c     lto51 (.text.AESCMACLPF3_getResult)
                  000289e0    0000008c     ti_freertos_config.o (.text.ClockP_startup)
                  00028a6c    0000008c     lto51 (.text.aps_in_frag_get_received_mask)
                  00028af8    0000008c     zb_ed_role.a : zboss_r23_aps_aps_main.obj (.text.zb_aps_pass_local_msg_up)
                  00028b84    0000008c                  : zboss_r23_mac_mac_pib.obj (.text.zb_mac_reinit_pib)
                  00028c10    00000088     lto51 (.text.ClockP_hwiCallback)
                  00028c98    00000088     zb_cluster_ed.a : zboss_r23_zcl_zcl_common.obj (.text.cluster_needs_aps_encryption)
                  00028d20    00000088     lto51 (.text.zb_get_buf_tail_ptr)
                  00028da8    00000088     zb_cluster_ed.a : zboss_r23_zcl_zcl_main.obj (.text.zb_zcl_process_command_finish)
                  00028e30    00000088     lto51 (.text.zdo_nwk_update_req_process_new_active_channel)
                  00028eb8    00000084     lto51 (.text.get_new_reporting_info)
                  00028f3c    00000084     lto51 (.text.handle_bind_unbind_confirm)
                  00028fc0    00000084     lto51 (.text.ieee_search)
                  00029044    00000084     ti_freertos_config.o (.text.memalign)
                  000290c8    00000084     lto51 (.text.prvAddCurrentTaskToDelayedList)
                  0002914c    00000084     lto51 (.text.send_bind_unbind_with_check)
                  000291d0    00000084     ti_freertos_config.o (.text.vTaskSwitchContext)
                  00029254    00000084     zb_ed_role.a : zboss_r23_aps_aps_bind.obj (.text.zb_apsme_move_dst_bind_table)
                  000292d8    00000084                  : zboss_r23_common_zb_bufpool_mult.obj (.text.zb_buf_alloc_right_func)
                  0002935c    00000084                  : zboss_r23_aps_aps_binding_whitelist.obj (.text.zb_check_binding_table_whitelist)
                  000293e0    00000084                  : zboss_r23_nwk_nwk_broadcasting.obj (.text.zb_nwk_broadcasting_add_btr)
                  00029464    00000084     zb_cluster_ed.a : zboss_r23_zcl_zcl_common.obj (.text.zb_zcl_is_target_endpoint)
                  000294e8    00000084                     : zboss_r23_zcl_zcl_ota_upgrade_commands.obj (.text.zb_zcl_ota_upgrade_init_client)
                  0002956c    00000080     lto51 (.text.check_cluster_list)
                  000295ec    00000080     lto51 (.text.nwk_do_retry)
                  0002966c    00000080     lto51 (.text.prvCheckForValidListAndQueue)
                  000296ec    00000080     lto51 (.text.send_ed_timeout_req)
                  0002976c    00000080     ti_freertos_config.o (.text.xTaskPriorityInherit)
                  000297ec    00000080     lto51 (.text.zb_ccm_encrypt_n_auth)
                  0002986c    00000080     zb_ed_role.a : zboss_r23_mac_mac_associate.obj (.text.zb_mlme_associate_request_do)
                  000298ec    00000080     lto51 (.text.zb_nvram_write_aps_counters)
                  0002996c    00000080     lto51 (.text.zb_nwk_neighbor_delete)
                  000299ec    00000080     zb_ed_role.a : zboss_r23_common_zb_tlv.obj (.text.zb_tlv_general_tlv_processing)
                  00029a6c    00000080     lto51 (.text.zb_zdo_bind_unbind_req)
                  00029aec    00000080     lto51 (.text.zdo_nwk_update_req_process_new_channel_mask)
                  00029b6c    0000007e     lto51 (.text.zb_sec_b6_hash)
                  00029bea    00000002     ti_freertos_portable_config.o (.text.vPortSVCHandler)
                  00029bec    0000007c     lto51 (.text.AESCTRDRBGXX_updateState)
                  00029c68    0000007c     rcl_cc23x0r5.a : RCL.c.obj (.text.RCL_Command_submit)
                  00029ce4    0000007c     lto51 (.text.call_scan_complete_cb)
                  00029d60    0000007c     lto51 (.text.prvIdleTask)
                  00029ddc    0000007c     lto51 (.text.temperatureEventCb)
                  00029e58    0000007c     zb_ed_role.a : zboss_r23_common_zb_address.obj (.text.zb_address_ieee_by_ref)
                  00029ed4    0000007c                  : zboss_r23_common_zb_address.obj (.text.zb_address_ieee_by_short)
                  00029f50    0000007c                  : zboss_r23_secur_zdo_secur.obj (.text.zb_zdo_sec_get_auth_tok_req_snd)
                  00029fcc    0000007c     zb_zdo_ed.a : zboss_r23_zdo_zdo_app_join.obj (.text.zdo_next_nwk_discovery_req)
                  0002a048    00000078     ti_freertos_config.o (.text.HwiP_construct)
                  0002a0c0    00000078     rcl_cc23x0r5.a : RCL_Scheduler.c.obj (.text.RCL_Scheduler_findStopStatus)
                  0002a138    00000078     lto51 (.text.bdb_node_desc_workaround_callback)
                  0002a1b0    00000078     ti_freertos_config.o (.text.xQueueReceiveFromISR)
                  0002a228    00000078     zb_ed_role.a : zboss_r23_commissioning_bdb_bdb_finding_binding.obj (.text.zb_bdb_finding_binding_target_alarm_ep)
                  0002a2a0    00000078                  : zboss_r23_mac_mac_pib.obj (.text.zb_mlme_set_request)
                  0002a318    00000078     zb_cluster_ed.a : zboss_r23_zcl_zcl_scenes.obj (.text.zb_zcl_scenes_process_recall_scene)
                  0002a390    00000078                     : zboss_r23_zcl_zcl_scenes.obj (.text.zb_zcl_scenes_process_store_scene)
                  0002a408    00000078                     : zboss_r23_zcl_zcl_poll_control_commands.obj (.text.zcl_poll_control_check_in_send_cb)
                  0002a480    00000078     libc.a : copy_decompress_lzss.c.obj (.text:decompress:lzss)
                  0002a4f8    00000076     lto51 (.text.prvCopyDataToQueue)
                  0002a56e    00000076     lto51 (.text.zb_zcl_set_attr_val_manuf_internal)
                  0002a5e4    00000074     lto51 (.text.AESCTRLPF3_hwiFxn)
                  0002a658    00000074     lto51 (.text.alloc_new_extneiboar)
                  0002a6cc    00000074     lto51 (.text.broadcast_endpoint_delivery_step)
                  0002a740    00000074     lto51 (.text.channel_page_get_edge_channel_number)
                  0002a7b4    00000074     lto51 (.text.ed_scan_timer_callback)
                  0002a828    00000074     zb_ed_role.a : zboss_r23_common_zb_address.obj (.text.zb_address_lock_func)
                  0002a89c    00000074                  : zboss_r23_common_zb_nvram.obj (.text.zb_aps_keypair_load_by_idx)
                  0002a910    00000074                  : zboss_r23_aps_aps_main.obj (.text.zb_aps_pass_local_group_pkt_up)
                  0002a984    00000074                  : zboss_r23_common_zb_nvram.obj (.text.zb_nvram_write_data)
                  0002a9f8    00000074     zb_cluster_ed.a : zboss_r23_zcl_zcl_diagnostics_commands.obj (.text.zb_zcl_diagnostics_sync_counters)
                  0002aa6c    00000074     lto51 (.text.zb_zcl_ota_upgrade_end)
                  0002aae0    00000074     zb_zdo_ed.a : zboss_r23_zdo_zdo_poll.obj (.text.zb_zdo_pim_start_turbo_poll_packets)
                  0002ab54    00000070     ti_freertos_config.o (.text.ClockP_start)
                  0002abc4    00000070     lto51 (.text.PowerCC23X0_startHFXT)
                  0002ac34    00000070     lto51 (.text.age_dups)
                  0002aca4    00000070     lto51 (.text.aps_in_frag_mac_ack_for_aps_ack_arrived)
                  0002ad14    00000070     zb_ed_role.a : zboss_r23_secur_bdb_secur.obj (.text.bdb_initiate_key_exchange)
                  0002ad84    00000070     lto51 (.text.mult)
                  0002adf4    00000070     zb_ed_role.a : zboss_r23_nwk_nwk_discovery.obj (.text.nlme_scan_request)
                  0002ae64    00000070     lto51 (.text.process_delayed_buf_entry_unsafe)
                  0002aed4    00000070     zb_ti_platform_zed_log.a : mac_ti_f3_mac.obj (.text.update_rx_panconfig)
                  0002af44    00000070     zb_ed_role.a : zboss_r23_common_zb_address.obj (.text.zb_address_delete)
                  0002afb4    00000070                  : zboss_r23_aps_aps_bind.obj (.text.zb_aps_check_binding_request)
                  0002b024    00000070     lto51 (.text.zb_aps_check_max_trans_size_timer_cb)
                  0002b094    00000070     zb_ed_role.a : zboss_r23_nwk_nwk_discovery.obj (.text.zb_nlme_ed_scan_request)
                  0002b104    00000070                  : zboss_r23_nwk_nwk_neighbor.obj (.text.zb_nwk_neighbor_clear)
                  0002b174    00000070     lto51 (.text.zb_zcl_diagnostics_sync_counters_cb)
                  0002b1e4    00000070     zb_cluster_ed.a : zboss_r23_zcl_zcl_general_commands.obj (.text.zb_zcl_get_attr_desc_manuf)
                  0002b254    00000070     lto51 (.text.zdo_kill_cb_by_index)
                  0002b2c4    00000070     zb_zdo_ed.a : zboss_r23_zdo_zdo_app_join.obj (.text.zdo_rejoin_clear_prev_join)
                  0002b334    0000006c     ti_freertos_config.o (.text.ClockP_stop)
                  0002b3a0    0000006c     lto51 (.text.zb_aps_hdr_mod)
                  0002b40c    0000006c     zb_ed_role.a : zboss_r23_commissioning_bdb_bdb_finding_binding.obj (.text.zb_bdb_process_simple_desc_res)
                  0002b478    0000006c     zb_zdo_ed.a : zboss_r23_zdo_zdo_app_join.obj (.text.zb_nlme_join_confirm)
                  0002b4e4    0000006c     zb_ed_role.a : zboss_r23_nwk_nwk_join.obj (.text.zb_nlme_rejoin_set_parent_long)
                  0002b550    0000006c                  : zboss_r23_nwk_nwk_tlv_mgmt.obj (.text.zb_nwk_commissioning_req_put_tlv)
                  0002b5bc    0000006c     lto51 (.text.zb_zcl_add_cluster_handlers)
                  0002b628    00000068     lto51 (.text.LRF_setTrimCommon)
                  0002b690    00000068     drivers_cc23x0r5.a : NVSLPF3.c.obj (.text.NVSLPF3_open)
                  0002b6f8    00000068     lto51 (.text.RCL_Handler_Adc_Noise_powerDown)
                  0002b760    00000068     lto51 (.text.aps_in_frag_restart_ack_timer)
                  0002b7c8    00000068     lto51 (.text.aps_in_frag_stop_entry)
                  0002b830    00000068     zb_ed_role.a : zboss_r23_commissioning_bdb_zdo_commissioning_bdb.obj (.text.bdb_network_steering_start_scan)
                  0002b898    00000068     zb_cluster_ed.a : zboss_r23_zcl_zcl_common.obj (.text.get_profile_id_by_endpoint)
                  0002b900    00000068     ti_freertos_config.o (.text.vTaskPriorityDisinheritAfterTimeout)
                  0002b968    00000068     ti_freertos_config.o (.text.xTaskCheckForTimeOut)
                  0002b9d0    00000068     zb_ed_role.a : zboss_r23_common_zb_address.obj (.text.zb_address_get_pan_id_ref)
                  0002ba38    00000068                  : zboss_r23_secur_apsme_secur.obj (.text.zb_aps_secur_init)
                  0002baa0    00000068                  : zboss_r23_secur_zdo_secur.obj (.text.zb_secur_get_link_key_by_address)
                  0002bb08    00000068     zb_zdo_ed.a : zboss_r23_zdo_zdo_hubs.obj (.text.zb_wwah_set_leave_without_rejoin_allowed)
                  0002bb70    00000068     lto51 (.text.zb_zcl_finish_and_send_packet_new)
                  0002bbd8    00000068     zb_cluster_ed.a : zboss_r23_zcl_zcl_identify_commands.obj (.text.zb_zcl_identify_effect_invoke_user_app)
                  0002bc40    00000068     lto51 (.text.zdo_validate_desc_resp)
                  0002bca8    00000064     drivers_cc23x0r5.a : AESCommonLPF3.c.obj (.text.AESCommonLPF3_construct)
                  0002bd0c    00000064     lto51 (.text.RCL_Handler_Ieee_findPbeErrorEndStatus)
                  0002bd70    00000064     lto51 (.text.bdb_finding_n_binding_machine)
                  0002bdd4    00000064     lto51 (.text.bdb_force_rejoin_if_not_in_progress)
                  0002be38    00000064     lto51 (.text.bdb_precomm_rejoin_over_all_channels)
                  0002be9c    00000064     zb_cluster_ed.a : zboss_r23_zcl_zcl_common.obj (.text.get_endpoint_by_cluster)
                  0002bf00    00000064     zb_ed_role.a : zboss_r23_nwk_nwk_main.obj (.text.nwk_call_nlde_data_confirm)
                  0002bf64    00000064     lto51 (.text.nwk_cancel_network_discovery_response)
                  0002bfc8    00000064     ti_freertos_config.o (.text.xTaskCreate)
                  0002c02c    00000064     ti_freertos_config.o (.text.xTaskPriorityDisinherit)
                  0002c090    00000064     zb_ed_role.a : zboss_r23_common_zb_address.obj (.text.zb_address_by_ref)
                  0002c0f4    00000064                  : zboss_r23_common_zb_address.obj (.text.zb_address_cmp_two_refs)
                  0002c158    00000064     zb_zdo_ed.a : zboss_r23_zdo_af_rx.obj (.text.zb_apsde_data_indication_cont)
                  0002c1bc    00000064     zb_ed_role.a : zboss_r23_commissioning_bdb_zdo_commissioning_bdb.obj (.text.zb_bdb_initiate_tc_rejoin)
                  0002c220    00000064                  : zboss_r23_commissioning_bdb_bdb_finding_binding.obj (.text.zb_bdb_send_identify_query_req)
                  0002c284    00000064     zb_cluster_ed.a : zboss_r23_zcl_zcl_identify_commands.obj (.text.zb_zcl_identify_time_handler)
                  0002c2e8    00000064     lto51 (.text.zb_zdo_node_desc_req)
                  0002c34c    00000064     lto51 (.text.zb_zdo_pim_restart_poll)
                  0002c3b0    00000062     zb_cluster_ed.a : zboss_r23_zcl_zcl_common.obj (.text.zb_zcl_finish_and_send_packet)
                  0002c412    00000002     lto51 (.text.zb_zcl_wwah_trace_ctx)
                  0002c414    00000060     lto51 (.text.RCL_Handler_Ieee_updateStats)
                  0002c474    00000060     lto51 (.text.aps_in_frag_send_ack)
                  0002c4d4    00000060     zb_ti_platform_zed_log.a : mac_ti_f3_mac.obj (.text.mac_ti23xx_start_ed_scan)
                  0002c534    00000060     lto51 (.text.nwk_broadcasting_btr_aging_alarm)
                  0002c594    00000060     lto51 (.text.rclSchedulerFindEarliestStopTime)
                  0002c5f4    00000060     ti_freertos_config.o (.text.xQueueGiveFromISR)
                  0002c654    00000060     zb_cluster_ed.a : zboss_r23_zcl_zcl_common.obj (.text.zb_af_get_endpoint_desc)
                  0002c6b4    00000060     lto51 (.text.zb_get_buf_delayed)
                  0002c714    00000060     zb_ti_platform_zed_log.a : osif_ti_f3_crypto.obj (.text.zb_hw_sha_256)
                  0002c774    00000060     lto51 (.text.zb_nvram_get_dataset_version)
                  0002c7d4    00000060     zb_ed_role.a : zboss_r23_nwk_nwk_disc_table.obj (.text.zb_nwk_exneighbor_by_short)
                  0002c834    00000060     zb_cluster_ed.a : zboss_r23_zcl_zcl_groups.obj (.text.zb_zcl_process_groups_commands_cli)
                  0002c894    00000060     zb_zdo_ed.a : zboss_r23_zdo_zdo_bind_manage.obj (.text.zb_zdo_send_check_bind_unbind)
                  0002c8f4    00000060     on_off_switch_ota_client.o (.text.zcl_specific_cluster_cmd_handler)
                  0002c954    00000060     zb_ed_role.a : zboss_r23_secur_bdb_secur.obj (.text.zdo_secur_update_tclk_done)
                  0002c9b4    00000060     zb_zdo_ed.a : zboss_r23_zdo_zdo_common.obj (.text.zdo_send_resp_by_short)
                  0002ca14    0000005c     drivers_cc23x0r5.a : AESCommonLPF3.c.obj (.text.AESCommonLPF3_init)
                  0002ca70    0000005c     ti_freertos_config.o (.text.ClockP_walkQueueDynamic)
                  0002cacc    0000005c     rcl_cc23x0r5.a : LRFCC23X0.c.obj (.text.LRF_enableTemperatureMonitoring)
                  0002cb28    0000005c     lto51 (.text.get_endpoint_by_cluster_with_role)
                  0002cb84    0000005c     lto51 (.text.get_manufacturer_index_by_ieee_addr)
                  0002cbe0    0000005c     lto51 (.text.nwk_join_failure_confirm)
                  0002cc3c    0000005c     zb_ed_role.a : zboss_r23_common_zb_address.obj (.text.zb_address_done_ieee_disc)
                  0002cc98    0000005c                  : zboss_r23_commissioning_bdb_bdb_finding_binding.obj (.text.zb_bdb_error_handle_buf)
                  0002ccf4    0000005c                  : zboss_r23_common_zb_bufpool_mult.obj (.text.zb_buf_alloc_left_func)
                  0002cd50    0000005c                  : zboss_r23_common_zb_sleep.obj (.text.zb_sleep_calc_sleep_tmo)
                  0002cdac    0000005c                  : zboss_r23_common_zb_time.obj (.text.zb_timer_start)
                  0002ce08    0000005c     lto51 (.text.zb_zcl_basic_reset_invoke_user_app)
                  0002ce64    0000005c     zb_zdo_ed.a : zboss_r23_zdo_zdo_channel_manager.obj (.text.zb_zdo_ed_scan_request)
                  0002cec0    0000005c                 : zboss_r23_zdo_zdo_nwk_manage_srv.obj (.text.zb_zdo_nwk_upd_notify)
                  0002cf1c    0000005c                 : zboss_r23_zdo_zdo_app.obj (.text.zb_zdo_startup_complete_int)
                  0002cf78    0000005c                 : zboss_r23_zdo_zdo_app.obj (.text.zb_zdo_tclk_valid)
                  0002cfd4    00000058     lto51 (.text.AESCMACLPF3_hwiFxn)
                  0002d02c    00000058     lto51 (.text.LogSinkBuf_printf)
                  0002d084    00000058     libclang_rt.builtins.a : clzsi2.c.obj (.text.__clzsi2)
                  0002d0dc    00000058     zb_ed_role.a : zboss_r23_commissioning_bdb_zdo_commissioning_bdb.obj (.text.bdb_not_ever_joined)
                  0002d134    00000058     zb_cluster_ed.a : zboss_r23_zcl_zcl_scenes.obj (.text.check_value_scenes)
                  0002d18c    00000058     lto51 (.text.mac_ti23xx_set_channel)
                  0002d1e4    00000058     lto51 (.text.send_unknown_command_status)
                  0002d23c    00000058     zb_ed_role.a : zboss_r23_common_zb_address.obj (.text.zb_ieee_addr_compress)
                  0002d294    00000058     lto51 (.text.zb_nvram_dataset_is_supported)
                  0002d2ec    00000058     zb_ed_role.a : zboss_r23_common_zb_scheduler.obj (.text.zb_schedule_callback2)
                  0002d344    00000058                  : zboss_r23_common_zb_scheduler.obj (.text.zb_schedule_get_alarm_time)
                  0002d39c    00000058                  : zboss_r23_common_zb_scheduler.obj (.text.zb_schedule_tx_cb)
                  0002d3f4    00000058     lto51 (.text.zb_secur_get_auth_token_key_by_ieee)
                  0002d44c    00000058     lto51 (.text.zb_start_device_interview_on_joiner)
                  0002d4a4    00000058     zb_zdo_ed.a : zboss_r23_zdo_zdo_hubs.obj (.text.zb_wwah_set_require_lk_encryption)
                  0002d4fc    00000058     lto51 (.text.zb_zcl_init_periodic_activities)
                  0002d554    00000058     zb_zdo_ed.a : zboss_r23_zdo_zdo_disc_cli.obj (.text.zb_zdo_nwk_addr_req)
                  0002d5ac    00000058     zb_ed_role.a : zboss_r23_secur_zdo_secur.obj (.text.zb_zdo_verify_tclk)
                  0002d604    00000058     lto51 (.text.zdo_wwah_start_survey_beacons_cont)
                  0002d65c    00000056     libclang_rt.builtins.a : aeabi_idivmod.S.obj (.text.__aeabi_idivmod)
                  0002d6b2    00000056     ti_freertos_config.o (.text.xQueueGenericCreate)
                  0002d708    00000056     zb_ed_role.a : zboss_r23_secur_secur_ccm.obj (.text.zb_cmm_key_hash)
                  0002d75e    00000002     --HOLE-- [fill = 0]
                  0002d760    00000054     lto51 (.text.AESECBLPF3_hwiFxn)
                  0002d7b4    00000054     lto51 (.text.GPIO_setConfig)
                  0002d808    00000054     rcl_cc23x0r5.a : RCL.c.obj (.text.RCL_Command_pend)
                  0002d85c    00000054     lto51 (.text.RCL_Handler_Ieee_restoreStopTime)
                  0002d8b0    00000054     rcl_cc23x0r5.a : RCL_Scheduler.c.obj (.text.RCL_Scheduler_setStartStopTimeEarliestStart)
                  0002d904    00000054     lto51 (.text.aps_in_frag_kill_stopped_entries)
                  0002d958    00000054     lto51 (.text.aps_in_frag_send_ack_delayed)
                  0002d9ac    00000054     lto51 (.text.aps_in_frag_total_window_size)
                  0002da00    00000054     lto51 (.text.bdb_network_formation_machine)
                  0002da54    00000054     lto51 (.text.bdb_start_top_level_commissioning)
                  0002daa8    00000054     lto51 (.text.manuf_tbl_clear_unusable_entries)
                  0002dafc    00000054     ti_freertos_config.o (.text.vQueueWaitForMessageRestricted)
                  0002db50    00000054     zb_ed_role.a : zboss_r23_common_zb_signal_common.obj (.text.zb_get_app_signal)
                  0002dba4    00000054     lto51 (.text.zb_mac_diagnostics_init)
                  0002dbf8    00000054     zb_ed_role.a : zboss_r23_mac_mac_scan.obj (.text.zb_mac_send_beacon_request_command)
                  0002dc4c    00000054                  : zboss_r23_common_zb_nvram.obj (.text.zb_nvram_read_data)
                  0002dca0    00000054     lto51 (.text.zb_schedule_callback_prior)
                  0002dcf4    00000054     lto51 (.text.zb_secur_ic_generate_key)
                  0002dd48    00000054     lto51 (.text.zb_timer_callback)
                  0002dd9c    00000054     zb_ed_role.a : zboss_r23_common_zb_tlv.obj (.text.zb_tlv_get_tlv_ptr)
                  0002ddf0    00000054     zb_zdo_ed.a : zboss_r23_zdo_zdo_hubs.obj (.text.zb_wwah_set_configuration_mode)
                  0002de44    00000054     zb_cluster_ed.a : zboss_r23_zcl_zcl_basic_commands.obj (.text.zb_zcl_check_is_device_enabled)
                  0002de98    00000054                     : zboss_r23_zcl_zcl_identify_commands.obj (.text.zb_zcl_stop_identifying)
                  0002deec    00000054                     : zboss_r23_zcl_zcl_reporting.obj (.text.zb_zcl_update_reporting_info)
                  0002df40    00000054                     : zboss_r23_zcl_zcl_s_wwah.obj (.text.zb_zcl_wwah_check_if_aps_link_key_authorization_needed)
                  0002df94    00000054     zb_zdo_ed.a : zboss_r23_zdo_zdo_bind_manage.obj (.text.zb_zdo_bind_unbind_check_cb)
                  0002dfe8    00000054     zb_ed_role.a : zboss_r23_secur_zdo_secur.obj (.text.zb_zdo_update_tclk)
                  0002e03c    00000050     drivers_cc23x0r5.a : AESCommonLPF3.c.obj (.text.AESCommonLPF3_cleanup)
                  0002e08c    00000050     lto51 (.text.Power_releaseDependency)
                  0002e0dc    00000050     lto51 (.text.Power_setDependency)
                  0002e12c    00000050     ti_freertos_config.o (.text.__aeabi_errno_addr)
                  0002e17c    00000050     lto51 (.text.aps_in_frag_find_by_hdr)
                  0002e1cc    00000050     lto51 (.text.aps_out_frag_schedule_queued_requests)
                  0002e21c    00000050     lto51 (.text.handle_bind_check_response)
                  0002e26c    00000050     lto51 (.text.nvram_write_dataset_tail)
                  0002e2bc    00000050     lto51 (.text.rclPowerNotify)
                  0002e30c    00000050     lto51 (.text.sleepTicks)
                  0002e35c    00000050     lto51 (.text.uDMASetChannelTransfer)
                  0002e3ac    00000050     lto51 (.text.validate_new_channel)
                  0002e3fc    00000050     ti_freertos_config.o (.text.xTaskCreateStatic)
                  0002e44c    00000050     zb_ed_role.a : zboss_r23_common_zb_address.obj (.text.zb_address_by_ieee)
                  0002e49c    00000050     zb_zdo_ed.a : zboss_r23_zdo_af_rx.obj (.text.zb_af_handle_zcl_frame)
                  0002e4ec    00000050     lto51 (.text.zb_bdb_finding_binding_initiator_stop)
                  0002e53c    00000050     zb_ed_role.a : zboss_r23_mac_mac.obj (.text.zb_mlme_poll_request)
                  0002e58c    00000050     lto51 (.text.zb_nvram_check_and_read_page_hdr_ds)
                  0002e5dc    00000050     zb_ti_platform_zed_log.a : osif_ti_f3_nvram.obj (.text.zb_osif_nvram_read)
                  0002e62c    00000050                              : osif_ti_f3_nvram.obj (.text.zb_osif_nvram_write)
                  0002e67c    00000050     zb_ed_role.a : zboss_r23_common_zb_scheduler.obj (.text.zb_schedule_callback)
                  0002e6cc    00000050     lto51 (.text.zb_zcl_ota_upgrade_finish_upgrade)
                  0002e71c    00000050     zb_cluster_ed.a : zboss_r23_zcl_zcl_basic_commands.obj (.text.zb_zcl_process_basic_specific_commands_srv)
                  0002e76c    00000050                     : zboss_r23_zcl_zcl_common.obj (.text.zb_zcl_register_cb)
                  0002e7bc    00000050                     : zboss_r23_zcl_zcl_s_wwah.obj (.text.zb_zcl_wwah_match_desc_resp_handle)
                  0002e80c    00000050     zb_zdo_ed.a : zboss_r23_zdo_zdo_tlv_mgmt.obj (.text.zb_zdo_get_tunneled_frame_from_relay)
                  0002e85c    00000050     lto51 (.text.zb_zdo_mgmt_permit_joining_req)
                  0002e8ac    00000050     zb_zdo_ed.a : zboss_r23_zdo_zdo_commissioning.obj (.text.zdo_commissioning_nwk_discovery_failed)
                  0002e8fc    0000004e     ti_freertos_config.o (.text.realloc)
                  0002e94a    0000004e     lto51 (.text.zb_nwk_neighbor_update_lqa)
                  0002e998    0000004e     lto51 (.text.zb_zdo_process_eui64_array)
                  0002e9e6    00000002     --HOLE-- [fill = 0]
                  0002e9e8    0000004c     lto51 (.text.AESCTRLPF3_processData)
                  0002ea34    0000004c     driverlib.a : lrfd.c.obj (.text.LRFDApplyClockDependencies)
                  0002ea80    0000004c     rcl_cc23x0r5.a : LRFCC23X0.c.obj (.text.LRF_programTemperatureCompensatedTxPower)
                  0002eacc    0000004c                    : LRFCC23X0.c.obj (.text.LRF_writeTxFifoWords)
                  0002eb18    0000004c     lto51 (.text.SHA2_open)
                  0002eb64    0000004c     drivers_cc23x0r5.a : UDMALPF3.c.obj (.text.UDMALPF3_init)
                  0002ebb0    0000004c     lto51 (.text.aps_in_frag_find_by_buf)
                  0002ebfc    0000004c     zb_ed_role.a : zboss_r23_secur_bdb_secur.obj (.text.bdb_initiate_key_verify)
                  0002ec48    0000004c                  : zboss_r23_commissioning_bdb_zdo_commissioning_bdb.obj (.text.bdb_start_rejoin_recovery)
                  0002ec94    0000004c     on_off_switch_ota_client.o (.text.button_press_handler)
                  0002ece0    0000004c     lto51 (.text.call_nlme_status_ind)
                  0002ed2c    0000004c     lto51 (.text.del_short_sorted)
                  0002ed78    0000004c     lto51 (.text.forward_req_packet_or_delay)
                  0002edc4    0000004c     zb_cluster_ed.a : zboss_r23_zcl_zcl_common.obj (.text.get_cluster_desc)
                  0002ee10    0000004c     lto51 (.text.schedule_resend_buffer)
                  0002ee5c    0000004c     zb_ed_role.a : zboss_r23_secur_zdo_secur.obj (.text.secur_nwk_key_by_seq)
                  0002eea8    0000004c                  : zboss_r23_common_zb_signal_common.obj (.text.zb_app_signal_pack_with_detailed_status)
                  0002eef4    0000004c                  : zboss_r23_commissioning_bdb_bdb_finding_binding.obj (.text.zb_bdb_finding_binding_target_cancel)
                  0002ef40    0000004c                  : zboss_r23_mac_mac.obj (.text.zb_mac_check_frame_dst_addr)
                  0002ef8c    0000004c                  : zboss_r23_mac_mac_zcl_diagnostic.obj (.text.zb_mac_diagnostics_periodic_handler)
                  0002efd8    0000004c                  : zboss_r23_nwk_nwk_main.obj (.text.zb_nwk_handle_init)
                  0002f024    0000004c     lto51 (.text.zb_nwk_reset_nwk_addr_in_mac_pib)
                  0002f070    0000004c     zb_ed_role.a : zboss_r23_nwk_nwk_main.obj (.text.zb_nwk_unlock_in)
                  0002f0bc    0000004c                  : zboss_r23_secur_zdo_secur.obj (.text.zb_secur_delete_link_key_by_idx)
                  0002f108    0000004c     lto51 (.text.zb_zcl_send_default_handler)
                  0002f154    0000004c     zb_zdo_ed.a : zboss_r23_zdo_zdo_bind_manage.obj (.text.zb_zdo_end_device_bind_resp)
                  0002f1a0    0000004c     lto51 (.text.zb_zdo_pim_start_fast_poll)
                  0002f1ec    0000004a     rcl_cc23x0r5.a : LRF.c.obj (.text.LRF_loadImage)
                  0002f236    0000004a     ti_freertos_config.o (.text.calloc)
                  0002f280    0000004a     zb_ed_role.a : zboss_r23_secur_apsme_secur.obj (.text.zb_secur_apsme_request_key)
                  0002f2ca    0000004a     zb_cluster_ed.a : zboss_r23_zcl_zcl_common.obj (.text.zb_zcl_schedule_status_abort)
                  0002f314    00000048     ti_freertos_config.o (.text.ClockP_construct)
                  0002f35c    00000048     lto51 (.text.LRF_setTemperatureTrim)
                  0002f3a4    00000048     lto51 (.text.PowerCC23X0_hfxtAmpsettledTimeout)
                  0002f3ec    00000048     lto51 (.text.degreesToCode)
                  0002f434    00000048     lto51 (.text.handle_scan_during_poll)
                  0002f47c    00000048     lto51 (.text.initiate_short_disc)
                  0002f4c4    00000048     ti_freertos_config.o (.text.localProgramStart)
                  0002f50c    00000048     lto51 (.text.mac_get_tx_power)
                  0002f554    00000048     lto51 (.text.prvSampleTimeNow)
                  0002f59c    00000048     lto51 (.text.removeThreadKeys)
                  0002f5e4    00000048     ti_freertos_config.o (.text.xTimerCreateTimerTask)
                  0002f62c    00000048     zb_ed_role.a : zboss_r23_aps_aps_bind.obj (.text.zb_apsme_clear_all_bind_by_ieee)
                  0002f674    00000048                  : zboss_r23_common_zb_bufpool_mult.obj (.text.zb_buf_reuse_func)
                  0002f6bc    00000048     lto51 (.text.zb_calculate_mic64_for_challenge)
                  0002f704    00000048     lto51 (.text.zb_ecc_dlk_create_base_point)
                  0002f74c    00000048     zb_ed_role.a : zboss_r23_mac_mac_associate.obj (.text.zb_mac_assoc_send_data_req)
                  0002f794    00000048                  : zboss_r23_nwk_nwk_nlme.obj (.text.zb_mlme_poll_confirm)
                  0002f7dc    00000048                  : zboss_r23_nwk_nwk_broadcasting.obj (.text.zb_nwk_broadcasting_find_btr)
                  0002f824    00000048     lto51 (.text.zb_panid_conflict_set_panid_conf)
                  0002f86c    00000048     zb_ed_role.a : zboss_r23_common_zb_tlv.obj (.text.zb_tlv_parse_value_fragmentation_parameters)
                  0002f8b4    00000048     zb_zdo_ed.a : zboss_r23_zdo_zdo_hubs.obj (.text.zb_wwah_set_pending_panid)
                  0002f8fc    00000048     zb_cluster_ed.a : zboss_r23_zcl_zcl_s_wwah.obj (.text.zb_zcl_wwah_bad_parent_recovery_signal)
                  0002f944    00000048                     : zboss_r23_zcl_zcl_s_wwah.obj (.text.zb_zcl_wwah_recounter_checkin)
                  0002f98c    00000048     zb_zdo_ed.a : zboss_r23_zdo_zdo_poll.obj (.text.zb_zdo_pim_set_long_poll_interval)
                  0002f9d4    00000048     lto51 (.text.zb_zdo_pim_start_poll)
                  0002fa1c    00000048     lto51 (.text.zb_zdo_pim_stop_poll)
                  0002fa64    00000048     zb_zdo_ed.a : zboss_r23_zdo_zdo_poll.obj (.text.zb_zdo_pim_turbo_poll_continuous_leave)
                  0002faac    00000048     lto51 (.text.zb_zdo_pim_work_poll_interval_update)
                  0002faf4    00000048     zb_zdo_ed.a : zboss_r23_zdo_zdo_app_leave.obj (.text.zdo_device_removed)
                  0002fb3c    00000046     ti_freertos_config.o (.text.pthread_exit)
                  0002fb82    00000002     --HOLE-- [fill = 0]
                  0002fb84    00000044     lto51 (.text.AESCMACLPF3_generateSubKey)
                  0002fbc8    00000044     zb_ed_role.a : zboss_r23_aps_aps_main.obj (.text.aps_force_retx)
                  0002fc0c    00000044     lto51 (.text.aps_in_frag_stop_ack_timer)
                  0002fc50    00000044     lto51 (.text.aps_retrans_ent_free)
                  0002fc94    00000044     zb_ed_role.a : zboss_r23_secur_bdb_secur.obj (.text.bdb_request_tclk_alarm)
                  0002fcd8    00000044     lto51 (.text.bdb_touchlink_machine)
                  0002fd1c    00000044     zb_ed_role.a : zboss_r23_secur_bdb_secur.obj (.text.bdb_verify_tclk_alarm)
                  0002fd60    00000044     lto51 (.text.call_status_indication)
                  0002fda4    00000044     rcl_cc23x0r5.a : hal_cc23x0.c.obj (.text.hal_power_release_swtcxo_update_constraint)
                  0002fde8    00000044     lto51 (.text.mgmt_leave_to_unauth_chld)
                  0002fe2c    00000044     lto51 (.text.prvInsertBlockIntoFreeList)
                  0002fe70    00000044     lto51 (.text.setNextThresholds)
                  0002feb4    00000044     lto51 (.text.startCSMABackoff)
                  0002fef8    00000044     ti_freertos_config.o (.text.vPortFree)
                  0002ff3c    00000004     ti_freertos_config.o (.text.Exception_handlerSpin)
                  0002ff40    00000044     ti_freertos_portable_config.o (.text.xPortPendSVHandler)
                  0002ff84    00000044     zb_ed_role.a : zboss_r23_aps_aps_main.obj (.text.zb_aps_get_max_buffer_size)
                  0002ffc8    00000044                  : zboss_r23_aps_aps_main.obj (.text.zb_aps_get_max_trans_size)
                  0003000c    00000044     lto51 (.text.zb_apsde_check_selfie)
                  00030050    00000044     zb_ed_role.a : zboss_r23_common_zb_address.obj (.text.zb_ieee_addr_decompress)
                  00030094    00000044     ti_f3_main.o (.text.zb_memmove)
                  000300d8    00000044     zb_ed_role.a : zboss_r23_nwk_nwk_nlme.obj (.text.zb_nwk_pib_set)
                  0003011c    00000044                  : zboss_r23_common_zb_random.obj (.text.zb_random_val)
                  00030160    00000044     lto51 (.text.zb_zcl_call_identify_time_attr_device_cb)
                  000301a4    00000044     zb_cluster_ed.a : zboss_r23_zcl_zcl_attr_value.obj (.text.zb_zcl_write_attr_hook)
                  000301e8    00000044     zb_zdo_ed.a : zboss_r23_zdo_zdo_app.obj (.text.zb_zdo_dev_start_cont)
                  0003022c    00000044     lto51 (.text.zb_zdo_set_channel_cont)
                  00030270    00000044     lto51 (.text.zdo_validate_nwk_addr_resp)
                  000302b4    00000042     lto51 (.text.squeeze)
                  000302f6    00000042     zb_zdo_ed.a : zboss_r23_zdo_zdo_rx.obj (.text.zb_zdo_send_status_res)
                  00030338    00000040     drivers_cc23x0r5.a : NVSLPF3.c.obj (.text.NVSLPF3_read)
                  00030378    00000040     ti_freertos_config.o (.text.SemaphoreP_construct)
                  000303b8    00000040     libclang_rt.builtins.a : aeabi_uidivmod.S.obj (.text.__aeabi_uidivmod)
                  000303f8    00000040     lto51 (.text.find_binding_whitelist_entry)
                  00030438    00000040     zb_ed_role.a : zboss_r23_mac_mac_associate.obj (.text.mac_association_req_sent)
                  00030478    00000040     lto51 (.text.schedule_wwah_rejoin_backoff_attempt)
                  000304b8    00000040     lto51 (.text.start_wait_reporting_timer)
                  000304f8    00000040     ti_freertos_config.o (.text.vTaskPlaceOnEventListRestricted)
                  00030538    00000040     ti_freertos_config.o (.text.vTaskStepTick)
                  00030578    00000040     lto51 (.text.zb_bdb_find_respondent)
                  000305b8    00000040     zb_ed_role.a : zboss_r23_commissioning_bdb_bdb_finding_binding.obj (.text.zb_bdb_finding_binding_initiator_alarm)
                  000305f8    00000040                  : zboss_r23_common_zb_bufpool_mult.obj (.text.zb_buf_cut_left_func)
                  00030638    00000040     zb_zdo_ed.a : zboss_r23_zdo_zdo_app_leave.obj (.text.zb_nlme_leave_indication)
                  00030678    00000040     zb_ed_role.a : zboss_r23_nwk_nwk_join.obj (.text.zb_nlme_rejoin_set_channel)
                  000306b8    00000040     lto51 (.text.zb_nvs_open)
                  000306f8    00000040     zb_cluster_ed.a : zboss_r23_zcl_zcl_main.obj (.text.zb_zcl_map_ret_code_to_zcl_status)
                  00030738    00000040     lto51 (.text.zb_zcl_ota_upgrade_request_server)
                  00030778    00000040     zb_cluster_ed.a : zboss_r23_zcl_zcl_s_wwah.obj (.text.zb_zcl_wwah_periodic_checkin_timeout)
                  000307b8    00000040     zb_zdo_ed.a : zboss_r23_zdo_zdo_disc_cli.obj (.text.zb_zdo_ieee_addr_req)
                  000307f8    00000040                 : zboss_r23_zdo_zdo_poll.obj (.text.zb_zdo_pim_set_fast_poll_timeout)
                  00030838    00000040     lto51 (.text.zdo_join_done)
                  00030878    0000003c     drivers_cc23x0r5.a : GPIO.c.obj (.text.GPIO_resetConfig)
                  000308b4    0000003c     lto51 (.text.SHA2_finalize)
                  000308f0    0000003c     ti_freertos_config.o (.text.SemaphoreP_pend)
                  0003092c    0000003c     lto51 (.text.aps_start_dups_alarm)
                  00030968    0000003c     zb_ed_role.a : zboss_r23_commissioning_bdb_zdo_commissioning_bdb.obj (.text.bdb_joined)
                  000309a4    0000003c     lto51 (.text.call_ed_scan_confirm)
                  000309e0    0000003c     lto51 (.text.countLeadingZeros)
                  00030a1c    0000003c     ti_freertos_config.o (.text.eTaskConfirmSleepModeStatus)
                  00030a58    0000003c     zb_ti_platform_zed_log.a : mac_ti_f3_mac.obj (.text.mac_ti23xx_24_set_tx_power)
                  00030a94    0000003c                              : mac_ti_f3_mac.obj (.text.mac_ti23xx_get_energy_level)
                  00030ad0    0000003c     lto51 (.text.prvProcessExpiredTimer)
                  00030b0c    0000003c     lto51 (.text.updateThresholds)
                  00030b48    0000003c     zb_ed_role.a : zboss_r23_aps_aps_main.obj (.text.zb_aps_send_command)
                  00030b84    0000003c                  : zboss_r23_mac_mac_data.obj (.text.zb_mlme_send_data_req_done)
                  00030bc0    0000003c                  : zboss_r23_secur_zdo_secur.obj (.text.zb_need_start_device_interview_on_joiner)
                  00030bfc    0000003c     lto51 (.text.zb_nlme_rejoin_set_page)
                  00030c38    0000003c     lto51 (.text.zb_nwk_mm_sync_assoc_get_coord_addr_conf)
                  00030c74    0000003c     lto51 (.text.zb_nwk_set_or_get_pib_attr)
                  00030cb0    0000003c     lto51 (.text.zb_panid_conflict_set_panid)
                  00030cec    0000003c     zb_ed_role.a : zboss_r23_aps_aps_bind.obj (.text.zb_reinit_aps_binding_dst_table_entry_by_index)
                  00030d28    0000003c                  : zboss_r23_aps_aps_aib.obj (.text.zb_reinit_aps_device_key_pair_storage)
                  00030d64    0000003c                  : zboss_r23_secur_zdo_secur.obj (.text.zb_secur_send_get_auth_token_req)
                  00030da0    0000003c     zb_cluster_ed.a : zboss_r23_zcl_zcl_s_wwah.obj (.text.zb_zcl_wwah_periodic_checkin_countdown)
                  00030ddc    0000003c     libc.a : autoinit.c.obj (.text:__TI_auto_init_nobinit_nopinit)
                  00030e18    0000003a     libclang_rt.builtins.a : muldsi3.S.obj (.text.__muldsi3)
                  00030e52    0000003a     zb_ed_role.a : zboss_r23_common_zb_tlv.obj (.text.zb_tlv_parse_value_supported_key_neg_methods)
                  00030e8c    00000038     drivers_cc23x0r5.a : AESCommonLPF3.c.obj (.text.AESCommonLPF3_configInputDMA)
                  00030ec4    00000038                        : AESCommonLPF3.c.obj (.text.AESCommonLPF3_configOutputDMA)
                  00030efc    00000038                        : GPIOLPF3.c.obj (.text.GPIO_hwiIntFxn)
                  00030f34    00000038     lto51 (.text.RCL_Scheduler_postEvent)
                  00030f6c    00000038     ti_freertos_config.o (.text.SemaphoreP_create)
                  00030fa4    00000038     drivers_cc23x0r5.a : TemperatureLPF3.c.obj (.text.Temperature_getTemperature)
                  00030fdc    00000038     zb_ed_role.a : zboss_r23_aps_aps_bind.obj (.text.aps_find_src_ref)
                  00031014    00000038     lto51 (.text.aps_in_frag_is_block_within_window)
                  0003104c    00000038     lto51 (.text.aps_in_frag_stop_fail_timer)
                  00031084    00000038     zb_ed_role.a : zboss_r23_secur_bdb_secur.obj (.text.bdb_update_tclk_stop)
                  000310bc    00000038     lto51 (.text.ieee_disc_complete)
                  000310f4    00000038     ti_freertos_config.o (.text.malloc)
                  0003112c    00000038     lto51 (.text.prvInsertTimerInActiveList)
                  00031164    00000038     lto51 (.text.zb_aps_buf_retrans_isbusy)
                  0003119c    00000038     zb_ed_role.a : zboss_r23_aps_aps_bind.obj (.text.zb_aps_is_in_group)
                  000311d4    00000038     zb_zdo_ed.a : zboss_r23_zdo_zb_zboss_api_common.obj (.text.zb_bdb_reset_via_local_action)
                  0003120c    00000038     zb_ed_role.a : zboss_r23_common_zb_bufpool_mult.obj (.text.zb_buf_flags_or_func)
                  00031244    00000038                  : zboss_r23_mac_mac_common.obj (.text.zb_mac_calculate_mhr_length)
                  0003127c    00000038                  : zboss_r23_mac_mac.obj (.text.zb_mlme_reset_request)
                  000312b4    00000038                  : zboss_r23_nwk_nwk_discovery.obj (.text.zb_nwk_blacklist_check)
                  000312ec    00000038                  : zboss_r23_common_zb_tlv.obj (.text.zb_tlv_put_next)
                  00031324    00000038     lto51 (.text.zb_zcl_call_on_off_attr_device_cb)
                  0003135c    00000038     zb_cluster_ed.a : zboss_r23_zcl_zcl_main.obj (.text.zb_zcl_get_cluster_handler)
                  00031394    00000038     lto51 (.text.zb_zcl_wwah_check_if_forced_to_use_tc)
                  000313cc    00000038     zb_cluster_ed.a : zboss_r23_zcl_zcl_s_wwah.obj (.text.zb_zcl_wwah_restart_bad_parent_recovery)
                  00031404    00000038     zb_zdo_ed.a : zboss_r23_zdo_zdo_poll.obj (.text.zb_zdo_pim_repeat_poll)
                  0003143c    00000038                 : zboss_r23_zdo_zdo_app.obj (.text.zdo_aps_decryption_failed)
                  00031474    00000038                 : zboss_r23_zdo_zdo_app.obj (.text.zdo_authentication_failed)
                  000314ac    00000038                 : zboss_r23_zdo_zdo_app_join.obj (.text.zdo_retry_joining)
                  000314e4    00000036     lto51 (.text.AESCMACLPF3_deriveSubKey)
                  0003151a    00000036     ti_freertos_config.o (.text.xQueueGenericCreateStatic)
                  00031550    00000036     zb_ed_role.a : zboss_r23_aps_aps_main.obj (.text.zb_aps_hdr_size)
                  00031586    00000036                  : zboss_r23_common_zb_bufpool_mult.obj (.text.zb_buf_get_func)
                  000315bc    00000036                  : zboss_r23_nwk_nwk_discovery.obj (.text.zb_nlme_beacon_survey_scan)
                  000315f2    00000036     lto51 (.text.zb_zcl_ota_upgrade_block_req_cb)
                  00031628    00000034     lto51 (.text.AESCTRDRBGXX_addBigendCounter)
                  0003165c    00000034     ti_freertos_config.o (.text.HwiP_disable)
                  00031690    00000034     lto51 (.text.LRF_findExtTrim1TrimAdjustment)
                  000316c4    00000034     drivers_cc23x0r5.a : PowerCC23X0.c.obj (.text.PowerCC23X0_notify)
                  000316f8    00000034                        : PowerCC23X0.c.obj (.text.Power_getDependencyCount)
                  0003172c    00000034     lto51 (.text.SHA2_addData)
                  00031760    00000034     lto51 (.text.add_ep_sorted)
                  00031794    00000034     zb_ed_role.a : zboss_r23_commissioning_bdb_zdo_commissioning_bdb.obj (.text.bdb_after_mgmt_permit_joining_cb)
                  000317c8    00000034     lto51 (.text.failCsma)
                  000317fc    00000034     lto51 (.text.prvGetExpectedIdleTime)
                  00031830    00000034     lto51 (.text.send_bind_unbind_response)
                  00031864    0000000c     lto51 (.text.OUTLINED_FUNCTION_123)
                  00031870    00000034     lto51 (.text.vPortStartFirstTask)
                  000318a4    00000034     ti_freertos_config.o (.text.vTaskSetApplicationTaskTag)
                  000318d8    00000034     ti_freertos_config.o (.text.xTaskGetApplicationTaskTag)
                  0003190c    00000034     lto51 (.text.zb_address_by_short)
                  00031940    00000034     zb_ed_role.a : zboss_r23_aps_aps_main.obj (.text.zb_aps_pass_up_group_buf)
                  00031974    00000034                  : zboss_r23_common_zb_random.obj (.text.zb_crc32)
                  000319a8    00000034     lto51 (.text.zb_nlme_sync_pibcache_set_parent_short)
                  000319dc    00000034     zb_ed_role.a : zboss_r23_common_zb_nvram.obj (.text.zb_nvram_store_addr_n_nbt)
                  00031a10    00000034     lto51 (.text.zb_nwk_call_leave_ind)
                  00031a44    00000034     zb_ed_role.a : zboss_r23_nwk_nwk_join.obj (.text.zb_nwk_generate_random_network_address)
                  00031a78    00000034                  : zboss_r23_secur_zdo_secur.obj (.text.zb_secur_delete_link_keys_by_long_addr)
                  00031aac    00000034                  : zboss_r23_common_zb_signal_common.obj (.text.zb_signal_dispatch)
                  00031ae0    00000034                  : zboss_r23_common_zb_tlv.obj (.text.zb_tlv_get_next)
                  00031b14    00000034     lto51 (.text.zb_zcl_start_command_header)
                  00031b48    00000034     zb_zdo_ed.a : zboss_r23_zdo_zdo_app.obj (.text.zb_zdo_forced_parent_link_failure)
                  00031b7c    00000034     lto51 (.text.zb_zdo_pim_stop_fast_poll)
                  00031bb0    00000034     zb_zdo_ed.a : zboss_r23_zdo_zdo_poll.obj (.text.zb_zdo_turbo_poll_packets_leave)
[...]
00031c7d  HwiP_dispatch                                       
00032611  HwiP_restore                                        
00034c15  HwiP_setFunc                                        
00033ec9  HwiP_setPriority                                    
200068d4  HwiP_swiPIntNum                                     
000338bd  PTLS_taskDeleteHook                                 
000180fd  PowerCC23X0_standbyPolicy                           
UNDEFED   RCL_Debug_assertProxy                               
UNDEFED   RCL_Profiling_eventHook                             
00030379  SemaphoreP_construct                                
0003310d  SemaphoreP_constructBinary                          
00030f6d  SemaphoreP_create                                   
0003382b  SemaphoreP_createBinary                             
000308f1  SemaphoreP_pend                                     
00033381  SemaphoreP_post                                     
00034baf  TI_memcpy_small                                     
000351ad  TI_memset_small                                     
00039778  TimestampP_nativeFormat32                           
900029cc  TimestampP_nativeFormat32_copy                      
0003977c  TimestampP_nativeFormat64                           
900029c8  TimestampP_nativeFormat64_copy                      
0003d800  _MCUBOOT_MAX_SLOT_SIZE                              
00004000  _PRIMARY_SLOT_BASE                                  
00041800  _SECONDARY_SLOT_BASE                                
20009000  __STACK_END                                         
00000400  __STACK_SIZE                                        
00000000  __TI_ATRegion0_region_sz                            
00000000  __TI_ATRegion0_src_addr                             
00000000  __TI_ATRegion0_trg_addr                             
00000000  __TI_ATRegion1_region_sz                            
00000000  __TI_ATRegion1_src_addr                             
00000000  __TI_ATRegion1_trg_addr                             
00000000  __TI_ATRegion2_region_sz                            
00000000  __TI_ATRegion2_src_addr                             
00000000  __TI_ATRegion2_trg_addr                             
00039a08  __TI_CINIT_Base                                     
00039a28  __TI_CINIT_Limit                                    
00039a28  __TI_CINIT_Warm                                     
000399e4  __TI_Handler_Table_Base                             
000399f0  __TI_Handler_Table_Limit                            
00030ddd  __TI_auto_init_nobinit_nopinit                      
20006858  __TI_cleanup_ptr                                    
0002a481  __TI_decompress_lzss                                
00034bc1  __TI_decompress_none                                
2000685c  __TI_dtors_ptr                                      
ffffffff  __TI_pprof_out_hndl                                 
ffffffff  __TI_prof_data_size                                 
ffffffff  __TI_prof_data_start                                
00004100  __TI_static_base__                                  
00034f05  __TI_zero_init                                      
0002e12d  __aeabi_errno_addr                                  
0002d65d  __aeabi_idiv                                        
0002268b  __aeabi_idiv0                                       
0002d65d  __aeabi_idivmod                                     
00025c47  __aeabi_ldiv0                                       
00033849  __aeabi_llsl                                        
00032d0d  __aeabi_lmul                                        
000352a9  __aeabi_memclr                                      
000352a9  __aeabi_memclr4                                     
000352a9  __aeabi_memclr8                                     
00035a25  __aeabi_memcpy                                      
00035a25  __aeabi_memcpy4                                     
00035a25  __aeabi_memcpy8                                     
00035175  __aeabi_memset                                      
00035175  __aeabi_memset4                                     
00035175  __aeabi_memset8                                     
000303b9  __aeabi_uidiv                                       
000303b9  __aeabi_uidivmod                                    
000347a5  __aeabi_uldivmod                                    
00033849  __ashldi3                                           
ffffffff  __binit__                                           
0002d085  __clzsi2                                            
UNDEFED   __mpu_init                                          
00032d0d  __muldi3                                            
00030e19  __muldsi3                                           
20008c00  __stack                                             
20000000  __start___llvm_prf_bits                             
20000000  __start___llvm_prf_cnts                             
20000000  __stop___llvm_prf_bits                              
20000000  __stop___llvm_prf_cnts                              
00026d05  __udivmoddi4                                        
00033c75  _c_int00                                            
UNDEFED   _system_post_cinit                                  
00036139  abort                                               
00035a35  aligned_alloc                                       
ffffffff  binit                                               
0002f237  calloc                                              
4e020000  ccfg                                                
00030a1d  eTaskConfirmSleepModeStatus                         
00034d95  free                                                
0002f4c5  localProgramStart                                   
000310f5  malloc                                              
00029045  memalign                                            
00024141  pthread_create                                      
0002fb3d  pthread_exit                                        
00034da5  pthread_self                                        
0002397d  pvPortMalloc                                        
00034111  pvTaskIncrementMutexHeldCount                       
20007098  pxCurrentTCB                                        
0002e8fd  realloc                                             
00034db5  resetISR                                            
00004100  resetVectors                                        
00039771  sysTimerResolutionShift                             
20004f40  sysTimerTimeouts                                    
4e020000  ti_utils_build_GenMap_sym_CRC_CCFG_BOOT_CFG_begin   
4e02000b  ti_utils_build_GenMap_sym_CRC_CCFG_BOOT_CFG_end     
4e0207d0  ti_utils_build_GenMap_sym_CRC_CCFG_DEBUG_begin      
4e0207fb  ti_utils_build_GenMap_sym_CRC_CCFG_DEBUG_end        
4e020750  ti_utils_build_GenMap_sym_CRC_CCFG_USER_RECORD_begin
4e0207cb  ti_utils_build_GenMap_sym_CRC_CCFG_USER_RECORD_end  
4e020010  ti_utils_build_GenMap_sym_CRC_CCFG_begin            
4e02074b  ti_utils_build_GenMap_sym_CRC_CCFG_end              
000331b7  uxListRemove                                        
00039784  uxTopUsedPriority                                   
00028173  vApplicationStackOverflowHook                       
000322b1  vListInsert                                         
00033e65  vListInsertEnd                                      
0002fef9  vPortFree                                           
00034b57  vQueueDelete                                        
0002dafd  vQueueWaitForMessageRestricted                      
00026491  vTaskDelete                                         
000339f1  vTaskPlaceOnEventList                               
000304f9  vTaskPlaceOnEventListRestricted                     
0002b901  vTaskPriorityDisinheritAfterTimeout                 
000318a5  vTaskSetApplicationTaskTag                          
000283b5  vTaskStartScheduler                                 
00030539  vTaskStepTick                                       
00025449  vTaskSuspend                                        
000291d1  vTaskSwitchContext                                  
00032e85  xQueueCreateCountingSemaphore                       
00032543  xQueueCreateCountingSemaphoreStatic                 
0002d6b3  xQueueGenericCreate                                 
0003151b  xQueueGenericCreateStatic                           
00025505  xQueueGenericReset                                  
0001f95d  xQueueGenericSend                                   
0002c5f5  xQueueGiveFromISR                                   
00020b69  xQueueReceive                                       
0002a1b1  xQueueReceiveFromISR                                
0001dbb5  xQueueSemaphoreTake                                 
0002b969  xTaskCheckForTimeOut                                
0002bfc9  xTaskCreate                                         
0002e3fd  xTaskCreateStatic                                   
000318d9  xTaskGetApplicationTaskTag                          
0002205d  xTaskIncrementTick                                  
0002c02d  xTaskPriorityDisinherit                             
0002976d  xTaskPriorityInherit                                
00026081  xTaskRemoveFromEventList                            
00021471  xTaskResumeAll                                      
0002f5e5  xTimerCreateTimerTask                               


GLOBAL SYMBOLS: SORTED BY Symbol Address 

address   name                                                
-------   ----                                                
00000000  __TI_ATRegion0_region_sz                            
00000000  __TI_ATRegion0_src_addr                             
00000000  __TI_ATRegion0_trg_addr                             
00000000  __TI_ATRegion1_region_sz                            
00000000  __TI_ATRegion1_src_addr                             
00000000  __TI_ATRegion1_trg_addr                             
00000000  __TI_ATRegion2_region_sz                            
00000000  __TI_ATRegion2_src_addr                             
00000000  __TI_ATRegion2_trg_addr                             
00000400  __STACK_SIZE                                        
00004000  _PRIMARY_SLOT_BASE                                  
00004100  __TI_static_base__                                  
00004100  resetVectors                                        
000180fd  PowerCC23X0_standbyPolicy                           
0001dbb5  xQueueSemaphoreTake                                 
0001f95d  xQueueGenericSend                                   
00020b69  xQueueReceive                                       
00021471  xTaskResumeAll                                      
0002205d  xTaskIncrementTick                                  
0002268b  __aeabi_idiv0                                       
0002397d  pvPortMalloc                                        
00024141  pthread_create                                      
00025449  vTaskSuspend                                        
00025505  xQueueGenericReset                                  
00025c47  __aeabi_ldiv0                                       
00026081  xTaskRemoveFromEventList                            
00026491  vTaskDelete                                         
00026d05  __udivmoddi4                                        
000280e1  AESProcessAlignedBlocksCMAC                         
000280f1  AESProcessAlignedBlocksCTR                          
00028109  AESProcessAlignedBlocksECB                          
00028151  AESCopyBlock                                        
00028173  vApplicationStackOverflowHook                       
000283b5  vTaskStartScheduler                                 
000289e1  ClockP_startup                                      
00029045  memalign                                            
000291d1  vTaskSwitchContext                                  
0002976d  xTaskPriorityInherit                                
0002a049  HwiP_construct                                      
0002a1b1  xQueueReceiveFromISR                                
0002a481  __TI_decompress_lzss                                
0002ab55  ClockP_start                                        
0002b335  ClockP_stop                                         
0002b901  vTaskPriorityDisinheritAfterTimeout                 
0002b969  xTaskCheckForTimeOut                                
0002bfc9  xTaskCreate                                         
0002c02d  xTaskPriorityDisinherit                             
0002c5f5  xQueueGiveFromISR                                   
0002ca71  ClockP_walkQueueDynamic                             
0002d085  __clzsi2                                            
0002d65d  __aeabi_idiv                                        
0002d65d  __aeabi_idivmod                                     
0002d6b3  xQueueGenericCreate                                 
0002dafd  vQueueWaitForMessageRestricted                      
0002e12d  __aeabi_errno_addr                                  
0002e3fd  xTaskCreateStatic                                   
0002e8fd  realloc                                             
0002f237  calloc                                              
0002f315  ClockP_construct                                    
0002f4c5  localProgramStart                                   
0002f5e5  xTimerCreateTimerTask                               
0002fb3d  pthread_exit                                        
0002fef9  vPortFree                                           
0002ff3d  Exception_handlerSpin                               
00030379  SemaphoreP_construct                                
000303b9  __aeabi_uidiv                                       
000303b9  __aeabi_uidivmod                                    
000304f9  vTaskPlaceOnEventListRestricted                     
00030539  vTaskStepTick                                       
000308f1  SemaphoreP_pend                                     
00030a1d  eTaskConfirmSleepModeStatus                         
00030ddd  __TI_auto_init_nobinit_nopinit                      
00030e19  __muldsi3                                           
00030f6d  SemaphoreP_create                                   
000310f5  malloc                                              
0003151b  xQueueGenericCreateStatic                           
0003165d  HwiP_disable                                        
000318a5  vTaskSetApplicationTaskTag                          
000318d9  xTaskGetApplicationTaskTag                          
00031c7d  HwiP_dispatch                                       
000322b1  vListInsert                                         
00032543  xQueueCreateCountingSemaphoreStatic                 
000325e9  ClockP_usleep                                       
00032611  HwiP_restore                                        
00032d0d  __aeabi_lmul                                        
00032d0d  __muldi3                                            
00032e85  xQueueCreateCountingSemaphore                       
0003310d  SemaphoreP_constructBinary                          
000331b7  uxListRemove                                        
00033381  SemaphoreP_post                                     
0003382b  SemaphoreP_createBinary                             
00033849  __aeabi_llsl                                        
00033849  __ashldi3                                           
000338bd  PTLS_taskDeleteHook                                 
000339f1  vTaskPlaceOnEventList                               
00033c75  _c_int00                                            
00033e65  vListInsertEnd                                      
00033ec9  HwiP_setPriority                                    
00034111  pvTaskIncrementMutexHeldCount                       
00034525  ClockP_destruct                                     
000347a5  __aeabi_uldivmod                                    
00034b57  vQueueDelete                                        
00034baf  TI_memcpy_small                                     
00034bc1  __TI_decompress_none                                
00034bf5  ClockP_setFunc                                      
00034c15  HwiP_setFunc                                        
00034d95  free                                                
00034da5  pthread_self                                        
00034db5  resetISR                                            
00034f05  __TI_zero_init                                      
00035175  __aeabi_memset                                      
00035175  __aeabi_memset4                                     
00035175  __aeabi_memset8                                     
000351ad  TI_memset_small                                     
000352a9  __aeabi_memclr                                      
000352a9  __aeabi_memclr4                                     
000352a9  __aeabi_memclr8                                     
00035a25  __aeabi_memcpy                                      
00035a25  __aeabi_memcpy4                                     
00035a25  __aeabi_memcpy8                                     
00035a35  aligned_alloc                                       
00036138  C$$EXIT                                             
00036139  abort                                               
00039771  sysTimerResolutionShift                             
00039778  TimestampP_nativeFormat32                           
0003977c  TimestampP_nativeFormat64                           
00039784  uxTopUsedPriority                                   
000399e4  __TI_Handler_Table_Base                             
000399f0  __TI_Handler_Table_Limit                            
00039a08  __TI_CINIT_Base                                     
00039a28  __TI_CINIT_Limit                                    
00039a28  __TI_CINIT_Warm                                     
0003d800  _MCUBOOT_MAX_SLOT_SIZE                              
00041800  _SECONDARY_SLOT_BASE                                
20000000  __start___llvm_prf_bits                             
20000000  __start___llvm_prf_cnts                             
20000000  __stop___llvm_prf_bits                              
20000000  __stop___llvm_prf_cnts                              
20004f40  sysTimerTimeouts                                    
20006858  __TI_cleanup_ptr                                    
2000685c  __TI_dtors_ptr                                      
200068d4  HwiP_swiPIntNum                                     
20007098  pxCurrentTCB                                        
20008c00  __stack                                             
20009000  __STACK_END                                         
4e020000  ccfg                                                
4e020000  ti_utils_build_GenMap_sym_CRC_CCFG_BOOT_CFG_begin   
4e02000b  ti_utils_build_GenMap_sym_CRC_CCFG_BOOT_CFG_end     
4e020010  ti_utils_build_GenMap_sym_CRC_CCFG_begin            
4e02074b  ti_utils_build_GenMap_sym_CRC_CCFG_end              
4e020750  ti_utils_build_GenMap_sym_CRC_CCFG_USER_RECORD_begin
4e0207cb  ti_utils_build_GenMap_sym_CRC_CCFG_USER_RECORD_end  
4e0207d0  ti_utils_build_GenMap_sym_CRC_CCFG_DEBUG_begin      
4e0207fb  ti_utils_build_GenMap_sym_CRC_CCFG_DEBUG_end        
900029c8  TimestampP_nativeFormat64_copy                      
900029cc  TimestampP_nativeFormat32_copy                      
ffffffff  __TI_pprof_out_hndl                                 
ffffffff  __TI_prof_data_size                                 
ffffffff  __TI_prof_data_start                                
ffffffff  __binit__                                           
ffffffff  binit                                               
UNDEFED   RCL_Debug_assertProxy                               
UNDEFED   RCL_Profiling_eventHook                             
UNDEFED   __mpu_init                                          
UNDEFED   _system_post_cinit                                  

[165 symbols]
