******************************************************************************
            TI ARM Clang Linker PC v3.2.2                      
******************************************************************************
>> Linked Thu Oct  2 18:36:51 2025

OUTPUT FILE NAME:   <flower_ota_onchip_CC2340R5.out>
ENTRY POINT SYMBOL: "resetISR"  address: 000365b5


MEMORY CONFIGURATION

         name            origin    length      used     unused   attr    fill
----------------------  --------  ---------  --------  --------  ----  --------
  FLASH                 00004100   0003c700  000373dc  00005324  R  X
  NVRAM                 0007f000   00001000  00001000  00000000  R  X
  SRAM                  20000000   00009000  00007317  00001ce9  RW X
  S2RRAM                40098000   00001000  00000000  00001000  RW  
  CCFG                  4e020000   00000800  00000800  00000000  R   
  LOG_DATA              90000000   00040000  00000000  00040000  R   
  LOG_PTR               94000008   00040000  00000000  00040000  R   


SEGMENT ALLOCATION MAP

run origin  load origin   length   init length attrs members
----------  ----------- ---------- ----------- ----- -------
00004100    00004100    000373e0   000373e0    r-x
  00004100    00004100    0000008c   0000008c    r-- .resetVecs
  00004190    00004190    000338b8   000338b8    r-x .text
  00037a48    00037a48    0000375c   0000375c    r-- .rodata
  0003b1a4    0003b1a4    0000033c   0000033c    r-- .cinit
0007f000    0007f000    00001000   00000000    rw-
  0007f000    0007f000    00001000   00000000    rw- .TI.bound:flashBuf0
20000440    20000440    00000020   00000000    rw-
  20000440    20000440    00000010   00000000    rw- .TI.bound:dmaChannel4ControlTableEntry
  20000450    20000450    00000010   00000000    rw- .TI.bound:dmaChannel5ControlTableEntry
20000460    20000460    00006e6b   00000000    rw-
  20000460    20000460    00004bf0   00000000    rw- .bss
  20005050    20005050    0000227b   00000000    rw- .data
20008c00    20008c00    00000400   00000000    rw-
  20008c00    20008c00    00000400   00000000    rw- .stack
4e020000    4e020000    00000800   00000800    r--
  4e020000    4e020000    00000800   00000800    r-- .ccfg


SECTION ALLOCATION MAP

 output                                  attributes/
section   page    origin      length       input sections
--------  ----  ----------  ----------   ----------------
.resetVecs 
*          0    00004100    0000008c     
                  00004100    0000008c     ti_freertos_config.o (.resetVecs)

.binit     0    00004100    00000000     

.text      0    00004190    000338b8     
                  00004190    00002e30     zb_zdo_ed.a : zboss_r23_zdo_zdo_rx.obj (.text.zb_zdo_data_indication)
                  00006fc0    00001ba0     zb_ed_role.a : zboss_r23_common_zb_nvram.obj (.text.zb_nvram_load)
                  00008b60    00001380     ti_f3_main.o (.text.main_task_function)
                  00009ee0    00001340     rcl_cc23x0r5.a : ieee.c.obj (.text.RCL_Handler_Ieee_RxTx)
                  0000b220    00001030     zb_ed_role.a : zboss_r23_aps_aps_main.obj (.text.zb_nlde_data_indication_continue)
                  0000c250    00000e2c     lto69 (.text.write_dataset_body_by_type)
                  0000d07c    00000d9c     lto69 (.text.zb_zcl_process_ota_upgrade_specific_commands_cli)
                  0000de18    00000a54     lto69 (.text.ep_process_zcl_cmd)
                  0000e86c    000008c8     zb_ed_role.a : zboss_r23_mac_mac.obj (.text.zb_mac_logic_iteration)
                  0000f134    00000880                  : zboss_r23_nwk_nwk_discovery.obj (.text.zb_mlme_beacon_notify_indication)
                  0000f9b4    00000830                  : zboss_r23_nwk_nwk_main.obj (.text.zb_mcps_data_indication_process_nwk)
                  000101e4    000006c4     zb_cluster_ed.a : zboss_r23_zcl_zcl_scenes.obj (.text.zb_zcl_process_scenes_specific_commands_cli)
                  000108a8    000006bc     lto69 (.text.zb_apsde_data_request_main)
                  00010f64    000005dc     zb_cluster_ed.a : zboss_r23_zcl_zcl_on_off_commands.obj (.text.zb_zcl_process_on_off_specific_commands_cli)
                  00011540    00000524     lto69 (.text.zb_sw_crypto_scalarmult)
                  00011a64    000004f4     rcl_cc23x0r5.a : LRFCC23X0.c.obj (.text.LRF_setupRadio)
                  00011f58    000004c8     lto69 (.text.done_with_frag_tx_ack)
                  00012420    00000488     on_off_switch_ota_client.o (.text.device_interface_cb)
                  000128a8    00000448     zb_ti_platform_zed_log.a : mac_ti_f3_mac.obj (.text.rfCallback)
                  00012cf0    0000043c     zb_zdo_ed.a : zboss_r23_zdo_af_rx.obj (.text.zb_apsde_data_acknowledged)
                  0001312c    000003cc     lto69 (.text.zb_zcl_read_attr_handler_continue)
                  000134f8    000003c8     zb_ed_role.a : zboss_r23_nwk_nwk_join.obj (.text.zb_nlme_rejoin_response)
                  000138c0    000003b8                  : zboss_r23_nwk_nwk_discovery.obj (.text.zb_mlme_scan_confirm)
                  00013c78    000003b0     lto69 (.text.zb_zdo_common_response_handler)
                  00014028    0000036c     zb_ed_role.a : zboss_r23_secur_zdo_secur.obj (.text.zb_apsme_transport_key_indication)
                  00014394    0000036c     zb_cluster_ed.a : zboss_r23_zcl_zcl_general_commands.obj (.text.zb_zcl_send_report_attr_command)
                  00014700    00000368                     : zboss_r23_zcl_zcl_general_commands.obj (.text.zb_zcl_write_attr_handler)
                  00014a68    0000035c     on_off_switch_ota_client.o (.text.zboss_signal_handler)
                  00014dc4    00000344     zb_ed_role.a : zboss_r23_aps_aps_main.obj (.text.zb_apsde_data_request)
                  00015108    00000340     on_off_switch_ota_client.o (.text.my_main_loop)
                  00015448    0000032c     zb_ed_role.a : zboss_r23_secur_aps_secur.obj (.text.zb_aps_unsecure_frame)
                  00015774    00000320                  : zboss_r23_nwk_nwk_main.obj (.text.nwk_frame_indication)
                  00015a94    0000030c     lto69 (.text.LRF_temperatureCompensateTrim)
                  00015da0    00000304     zb_ed_role.a : zboss_r23_aps_aps_main.obj (.text.zb_nlde_data_confirm)
                  000160a4    000002fc     zb_zdo_ed.a : zboss_r23_zdo_zdo_bind_manage.obj (.text.zb_zdo_bind_unbind_res)
                  000163a0    000002dc     lto69 (.text.bdb_rejoin_machine)
                  0001667c    000002d0     zb_ed_role.a : zboss_r23_aps_aps_bind.obj (.text.zb_apsme_bind_request)
                  0001694c    000002cc                  : zboss_r23_common_zb_scheduler.obj (.text.zb_schedule_alarm)
                  00016c18    00000010     lto69 (.tramp.OUTLINED_FUNCTION_478.1)
                  00016c28    000002c4     drivers_cc23x0r5.a : AESCMACLPF3.c.obj (.text.AESCMAC_oneStepSign)
                  00016eec    000002c0     rcl_cc23x0r5.a : LRFCC23X0.c.obj (.text.LRF_programFrequency)
                  000171ac    000002ac     zb_ed_role.a : zboss_r23_nwk_nwk_main.obj (.text.zb_nwk_handle_mcps_data_confirm)
                  00017458    0000029c     lto69 (.text.bdb_network_steering_machine)
                  000176f4    0000029c     lto69 (.text.rclCommandHwi)
                  00017990    00000294     lto69 (.text.zb_zcl_finish_and_send_packet_common)
                  00017c24    0000027c     lto69 (.text.bdb_handle_comm_signal)
                  00017ea0    00000274     zb_ed_role.a : zboss_r23_mac_mac_scan.obj (.text.zb_mlme_scan_step)
                  00018114    0000026c                  : zboss_r23_secur_aps_secur.obj (.text.zb_aps_secure_frame)
                  00018380    00000264     lto69 (.text.process_binding_for_respondent)
                  000185e4    00000260     ti_f3_main.o (.text.main)
                  00018844    0000025c     zb_zdo_ed.a : zboss_r23_zdo_zdo_app_join.obj (.text.zb_nlme_network_discovery_confirm)
                  00018aa0    0000025c     zb_cluster_ed.a : zboss_r23_zcl_zcl_reporting.obj (.text.zb_zcl_mark_attr_for_reporting_manuf)
                  00018cfc    00000258     ti_freertos_config.o (.text.PowerCC23X0_standbyPolicy)
                  00018f54    00000250     lto69 (.text.sendTx)
                  000191a4    0000024c     rcl_cc23x0r5.a : adc_noise.c.obj (.text.RCL_Handler_ADC_Noise_getNoise)
                  000193f0    0000024c     lto69 (.text.rclSchedulerHwi)
                  0001963c    00000248     lto69 (.text.zb_nvram_get_length_dataset)
                  00019884    00000248     lto69 (.text.zcl_write_attr_post_process)
                  00019acc    00000244     zb_ed_role.a : zboss_r23_common_zb_address.obj (.text.zb_address_update)
                  00019d10    00000240                  : zboss_r23_aps_aps_main.obj (.text.zb_nlde_data_indication)
                  00019f50    00000230                  : zboss_r23_mac_mac.obj (.text.zb_mac_send_frame)
                  0001a180    0000022c     lto69 (.text.aps_ack_send_handle)
                  0001a3ac    0000022c     zb_ed_role.a : zboss_r23_nwk_nwk_join.obj (.text.zb_mlme_associate_confirm)
                  0001a5d8    00000224                  : zboss_r23_nwk_nwk_main.obj (.text.zb_nwk_forward)
                  0001a7fc    00000218                  : zboss_r23_commissioning_bdb_zdo_commissioning_bdb.obj (.text.bdb_commissioning_machine)
                  0001aa14    00000218                  : zboss_r23_mac_mac_pib.obj (.text.zb_mlme_set_request_sync)
                  0001ac2c    00000210                  : zboss_r23_mac_mac_pib.obj (.text.zb_mlme_get_request)
                  0001ae3c    0000020c                  : zboss_r23_aps_aps_main.obj (.text.zb_aps_ack_timer_cb)
                  0001b048    000001f8     lto69 (.text.find_datasets_on_page)
                  0001b240    000001f8     zb_ed_role.a : zboss_r23_nwk_nwk_join.obj (.text.zb_nlme_join_request)
                  0001b438    000001f4     lto69 (.text.zb_aps_unsecure_frame_bykey)
                  0001b62c    000001f0     zb_cluster_ed.a : zboss_r23_zcl_zcl_common.obj (.text.zb_zcl_get_attribute_size)
                  0001b81c    000001ec     lto69 (.text.zb_aps_out_frag_schedule_send_next_block)
                  0001ba08    000001e8     zb_zdo_ed.a : zboss_r23_zdo_zdo_wwah_survey_beacons.obj (.text.zb_nlme_beacon_survey_scan_confirm)
                  0001bbf0    000001e8     zb_cluster_ed.a : zboss_r23_zcl_zcl_power_config_commands.obj (.text.zcl_pwr_cfg_check_battery_voltage_or_percentage_value)
                  0001bdd8    000001e0     lto69 (.text.zb_zcl_put_attribute_value)
                  0001bfb8    000001e0     lto69 (.text.zb_zcl_scenes_process_add_scene_command)
                  0001c198    000001dc     zb_ed_role.a : zboss_r23_nwk_nwk_main.obj (.text.zb_nwk_do_leave)
                  0001c374    000001d8     lto69 (.text.addr_add)
                  0001c54c    000001d8     lto69 (.text.zb_aps_send_command_main)
                  0001c724    000001d4     lto69 (.text.nwk_choose_parent)
                  0001c8f8    000001d0     drivers_cc23x0r5.a : AESCTRLPF3.c.obj (.text.AESCTR_oneStepEncrypt)
                  0001cac8    000001d0     zb_ti_platform_zed_log.a : osif_ti_f3_crypto.obj (.text.hw_aes128)
                  0001cc98    000001d0     lto69 (.text.zb_zcl_disc_attr_handler)
                  0001ce68    000001c8     zb_ed_role.a : zboss_r23_secur_zdo_secur.obj (.text.zb_secur_update_key_pair_ex)
                  0001d030    000001c0     lto69 (.text.nwk_association_join)
                  0001d1f0    000001a8     zb_ed_role.a : zboss_r23_nwk_nwk_disc_table.obj (.text.zb_nwk_neighbor_ext_to_base)
                  0001d398    000001a8     zb_cluster_ed.a : zboss_r23_zcl_zcl_common.obj (.text.zb_zcl_process_device_command)
                  0001d540    000001a4                     : zboss_r23_zcl_zcl_identify_commands.obj (.text.zb_zcl_process_identify_specific_commands)
                  0001d6e4    000001a0     lto69 (.text.done_with_this_ack)
                  0001d884    000001a0     lto69 (.text.resend_buffer)
                  0001da24    00000194     lto69 (.text.migrate_curr_page_to_new_version)
                  0001dbb8    00000190     zb_ed_role.a : zboss_r23_nwk_nwk_nlme.obj (.text.zb_nwk_load_pib_stm)
                  0001dd48    00000190     zb_cluster_ed.a : zboss_r23_zcl_zcl_general_commands.obj (.text.zb_zcl_discover_commands_res)
                  0001ded8    0000018c     on_off_switch_ota_client.o (.text.update_attr_value)
                  0001e064    0000018c     ti_freertos_config.o (.text.xQueueSemaphoreTake)
                  0001e1f0    00000184     zb_ed_role.a : zboss_r23_aps_aps_main.obj (.text.zb_aps_hdr_parse)
                  0001e374    00000184                  : zboss_r23_secur_zdo_secur.obj (.text.zb_zdo_secur_ecdhe_start)
                  0001e4f8    0000017c     lto69 (.text.mlme_get_mac_diag_info)
                  0001e674    0000017c     zb_ed_role.a : zboss_r23_mac_mac_scan.obj (.text.zb_mac_send_enhanced_beacon_request_command)
                  0001e7f0    00000178                  : zboss_r23_mac_mac_data.obj (.text.zb_mcps_data_request)
                  0001e968    00000178     lto69 (.text.zdo_send_req)
                  0001eae0    00000170     zb_ti_platform_zed_log.a : mac_ti_f3_mac.obj (.text.mac_ti23xx_radio_init)
                  0001ec50    00000170     zb_ed_role.a : zboss_r23_mac_mac_scan.obj (.text.zb_mlme_scan_request)
                  0001edc0    0000016c     lto69 (.text.prvTimerTask)
                  0001ef2c    00000168     lto69 (.text.rclSchedulerProcessCmdStartStopTime)
                  0001f094    00000160     zb_zdo_ed.a : zboss_r23_zdo_zdo_poll.obj (.text.zb_nlme_sync_confirm)
                  0001f1f4    0000015c     lto69 (.text.nwk_alloc_and_fill_hdr_int)
                  0001f350    0000015c     lto69 (.text.zb_zcl_scenes_process_view_scene_command)
                  0001f4ac    00000158     lto69 (.text.rclStop)
                  0001f604    00000158     zb_cluster_ed.a : zboss_r23_zcl_zcl_alarms_commands.obj (.text.zb_zcl_process_alarms_specific_commands_srv)
                  0001f75c    00000150     drivers_cc23x0r5.a : PWMTimerLPF3.c.obj (.text.PWMTimerLPF3_open)
                  0001f8ac    00000010     lto69 (.tramp.OUTLINED_FUNCTION_478.2)
                  0001f8bc    00000150     lto69 (.text.zb_nvram_migrate_current_page)
                  0001fa0c    00000150     zb_ed_role.a : zboss_r23_secur_nwk_secur.obj (.text.zb_nwk_secure_frame)
                  0001fb5c    0000014c                  : zboss_r23_aps_aps_main.obj (.text.zb_aps_clear_after_leave)
                  0001fca8    0000014c                  : zboss_r23_commissioning_bdb_bdb_finding_binding.obj (.text.zb_bdb_process_identify_query_res)
                  0001fdf4    00000148     ti_freertos_config.o (.text.xQueueGenericSend)
                  0001ff3c    00000144     lto69 (.text.RNGLPF3RF_generateEntropy)
                  00020080    00000140     lto69 (.text.process_ed_timeout_resp)
                  000201c0    0000013c     drivers_cc23x0r5.a : ADCLPF3.c.obj (.text.ADCLPF3_convertChain)
                  000202fc    00000010     lto69 (.tramp.OUTLINED_FUNCTION_478.3)
                  0002030c    00000138     drivers_cc23x0r5.a : NVSLPF3.c.obj (.text.NVSLPF3_write)
                  00020444    00000138     lto69 (.text.prvAddNewTaskToReadyList)
                  0002057c    00000138     zb_ed_role.a : zboss_r23_secur_secur_ccm.obj (.text.zb_ccm_auth_trans)
                  000206b4    00000138                  : zboss_r23_mac_mac.obj (.text.zb_mac_change_channel)
                  000207ec    00000138     zb_zdo_ed.a : zboss_r23_zdo_zdo_disc_cli.obj (.text.zb_zdo_initiate_nwk_addr_req_2param)
                  00020924    00000138     lto69 (.text.zb_zdo_node_desc_req_2param_cb)
                  00020a5c    00000130     lto69 (.text.bdb_initialization_machine)
                  00020b8c    0000012c     zb_cluster_ed.a : zboss_r23_zcl_zcl_s_wwah.obj (.text.zb_zcl_wwah_periodic_checkin_tc_poll)
                  00020cb8    00000128     zb_zdo_ed.a : zboss_r23_zdo_zdo_app_leave.obj (.text.zb_nlme_leave_confirm)
                  00020de0    00000128     zb_ed_role.a : zboss_r23_common_zb_scheduler.obj (.text.zb_schedule_alarm_cancel)
                  00020f08    00000128     zb_zdo_ed.a : zboss_r23_zdo_zdo_commissioning.obj (.text.zdo_commissioning_join_via_scanlist)
                  00021030    00000124     drivers_cc23x0r5.a : ADCLPF3.c.obj (.text.ADCLPF3_convert)
                  00021154    00000124     ti_freertos_config.o (.text.xQueueReceive)
                  00021278    00000124     zb_zdo_ed.a : zboss_r23_zdo_zdo_commissioning.obj (.text.zdo_commissioning_leave_done)
                  0002139c    00000124                 : zboss_r23_zdo_zdo_diagnostics.obj (.text.zdo_diagnostics_inc)
                  000214c0    00000124     lto69 (.text.zdo_ed_scan_completed_by_update_request)
                  000215e4    00000120     zb_ed_role.a : zboss_r23_aps_aps_main.obj (.text.aps_data_hdr_fill_datareq)
                  00021704    00000120                  : zboss_r23_commissioning_bdb_bdb_finding_binding.obj (.text.zb_bdb_active_eps_check_cb)
                  00021824    0000011c     lto69 (.text.allocate_buffer_unsafe)
                  00021940    0000011c     lto69 (.text.check_in_handle_check_binding_confirm)
                  00021a5c    0000011c     ti_freertos_config.o (.text.xTaskResumeAll)
                  00021b78    0000011c     zb_zdo_ed.a : zboss_r23_zdo_af_rx.obj (.text.zb_apsde_data_indication)
                  00021c94    0000011c     zb_ed_role.a : zboss_r23_nwk_nwk_nlme.obj (.text.zb_nlme_leave_request)
                  00021db0    0000011c     lto69 (.text.zb_zcl_ota_server_discovery_callback)
                  00021ecc    00000118     zb_ed_role.a : zboss_r23_commissioning_bdb_zdo_commissioning_bdb.obj (.text.bdb_initialization_procedure)
                  00021fe4    00000118                  : zboss_r23_secur_zdo_secur.obj (.text.zb_zdo_secur_send_challenge_req)
                  000220fc    00000114     lto69 (.text.AESCTRDRBG_reseed)
                  00022210    00000114     zb_zdo_ed.a : zboss_r23_zdo_zdo_app_join.obj (.text.zdo_authenticated_send_device_annce)
                  00022324    00000110                 : zboss_r23_zdo_zdo_disc_cli.obj (.text.zb_zdo_init_node_desc_req_2param)
                  00022434    0000010c     zb_ed_role.a : zboss_r23_secur_aps_secur.obj (.text.zb_aps_secure_frame_by_key)
                  00022540    0000010c     zb_zdo_ed.a : zboss_r23_zdo_zdo_app.obj (.text.zb_apsde_data_confirm)
                  0002264c    0000010c     lto69 (.text.zdo_mgmt_leave_local)
                  00022758    00000108     zb_ed_role.a : zboss_r23_mac_mac_data.obj (.text.zb_handle_mcps_data_req)
                  00022860    00000108                  : zboss_r23_mac_mac.obj (.text.zb_mlme_handle_in_command)
                  00022968    00000108     zb_cluster_ed.a : zboss_r23_zcl_zcl_ota_upgrade_commands.obj (.text.zcl_ota_abort)
                  00022a70    00000104     on_off_switch_ota_client.o (.text.button_press_handler)
                  00022b74    00000100     zb_zdo_ed.a : zboss_r23_zdo_zdo_app.obj (.text.zb_aps_command_confirm)
                  00022c74    00000100     zb_ed_role.a : zboss_r23_commissioning_bdb_bdb_finding_binding.obj (.text.zb_bdb_process_ext_addr_resp)
                  00022d74    000000fc     lto69 (.text.aps_in_frag_do_merge_blocks)
                  00022e70    000000fc     lto69 (.text.batteryEventCb)
                  00022f6c    000000fc     lto69 (.text.rclDispatchHwi)
                  00023068    000000fc     ti_freertos_config.o (.text.xTaskIncrementTick)
                  00023164    000000fc     zb_ti_platform_zed_log.a : osif_ti_f3_nvram.obj (.text.zb_osif_nvram_erase_async)
                  00023260    000000fc     zb_cluster_ed.a : zboss_r23_zcl_zcl_reporting.obj (.text.zb_zcl_reporting_timer_handler)
                  0002335c    000000fa     lto69 (.text.encrypt_trans)
                  00023456    00000002     lto69 (.text.IntDefaultHandler)
                  00023458    000000f8     zb_ed_role.a : zboss_r23_common_zb_nvram.obj (.text.zb_nvram_write_end)
                  00023550    000000f8     lto69 (.text.zb_zcl_on_off_timer_handler)
                  00023648    000000f4     zb_ed_role.a : zboss_r23_aps_aps_main.obj (.text.zb_apsde_data_request_relay)
                  0002373c    000000f4     lto69 (.text.zb_apsme_unbind_all)
                  00023830    000000f0     zb_ed_role.a : zboss_r23_aps_aps_bind.obj (.text.zb_apsme_unbind_by_ref)
                  00023920    000000f0     lto69 (.text.zb_zcl_ota_upgrade_send_block_request)
                  00023a10    000000f0     lto69 (.text.zdo_diagnostics_get_mac_stats_cb)
                  00023b00    000000ec     lto69 (.text.bdb_restore_saved_rr)
                  00023bec    000000ec     lto69 (.text.zb_nvram_dataset_data_is_valid)
                  00023cd8    000000ec     lto69 (.text.zb_zcl_conform_singleton)
                  00023dc4    000000e8     zb_cluster_ed.a : zboss_r23_zcl_zcl_common.obj (.text.zb_zcl_check_attribute_writable)
                  00023eac    000000e8     lto69 (.text.zb_zcl_send_command_short_schedule)
                  00023f94    000000e4     zb_ed_role.a : zboss_r23_common_zb_address.obj (.text.zb_address_set_pan_id)
                  00024078    000000e4                  : zboss_r23_nwk_nwk_main.obj (.text.zb_nlde_data_request)
                  0002415c    000000e0     ti_freertos_config.o (.text.pvPortMalloc)
                  0002423c    000000e0     zb_ed_role.a : zboss_r23_secur_apsme_secur.obj (.text.zb_apsme_verify_key_req)
                  0002431c    000000e0                  : zboss_r23_secur_zdo_secur.obj (.text.zb_zdo_sec_st_key_neg_req_send)
                  000243fc    000000e0     lto69 (.text.zdo_initiate_rejoin_cont)
                  000244dc    000000dc     ti_f3_led_buttons.o (.text.button_callback)
                  000245b8    000000dc     zb_ti_platform_zed_log.a : mac_ti_f3_mac.obj (.text.mac_ti23xx_trans_set_rx_on_off)
                  00024694    000000dc     lto69 (.text.zb_nvram_read_aps_counters)
                  00024770    000000dc     zb_cluster_ed.a : zboss_r23_zcl_zcl_s_wwah.obj (.text.zb_zcl_wwah_send_survey_beacons_response)
                  0002484c    000000d8     lto69 (.text.bdb_key_exchg_node_desc_callback)
                  00024924    000000d8     lto69 (.text.nvram_read_aps_keypair)
                  000249fc    000000d8     ti_freertos_config.o (.text.pthread_create)
                  00024ad4    000000d8     zb_ed_role.a : zboss_r23_nwk_nwk_nlme.obj (.text.zb_nlme_sync_request)
                  00024bac    000000d8     libclang_rt.builtins.a : addsf3.S.obj (.text)
                  00024c84    000000d4     zb_ed_role.a : zboss_r23_commissioning_bdb_zdo_commissioning_bdb.obj (.text.bdb_force_link)
                  00024d58    000000d4                  : zboss_r23_aps_aps_main.obj (.text.zb_aps_add_max_trans_size)
                  00024e2c    000000d4                  : zboss_r23_aps_aps_main.obj (.text.zb_aps_pass_group_msg_up)
                  00024f00    000000d4     zb_cluster_ed.a : zboss_r23_zcl_zcl_s_wwah.obj (.text.zb_zcl_wwah_periodic_checkin_match_desc_req)
                  00024fd4    000000d0     rcl_cc23x0r5.a : RCL.c.obj (.text.RCL_init)
                  000250a4    000000d0     zb_ed_role.a : zboss_r23_nwk_nwk_main.obj (.text.mcps_indication_process_in)
                  00025174    000000d0                  : zboss_r23_secur_apsme_secur.obj (.text.zb_aps_in_relay)
                  00025244    000000d0     lto69 (.text.zb_check_frag_queue_cleanup_and_send_fail_confirm)
                  00025314    000000d0     zb_ed_role.a : zboss_r23_nwk_nwk_join.obj (.text.zb_nlme_rejoin_scan_confirm)
                  000253e4    000000d0     zb_ti_platform_zed_log.a : osif_ti_f3_crypto.obj (.text.zb_osif_random_hw)
                  000254b4    000000d0     zb_zdo_ed.a : zboss_r23_zdo_zdo_commissioning.obj (.text.zdo_commissioning_dev_annce_sent)
                  00025584    000000cc     zb_ed_role.a : zboss_r23_mac_mac.obj (.text.zb_handle_mlme_poll_request)
                  00025650    000000cc     lto69 (.text.zb_zdo_pim_turbo_poll_adaptation)
                  0002571c    000000c8     rcl_cc23x0r5.a : RCL_Scheduler.c.obj (.text.RCL_Scheduler_setStopTimes)
                  000257e4    000000c8     zb_cluster_ed.a : zboss_r23_zcl_zcl_power_config_commands.obj (.text.send_alarm)
                  000258ac    000000c8     lto69 (.text.zb_nlme_nwk_commis_req_send_pkt)
                  00025974    000000c8     zb_ed_role.a : zboss_r23_mac_mac_common.obj (.text.zb_parse_mhr_ptr)
                  00025a3c    000000c8     zb_cluster_ed.a : zboss_r23_zcl_zcl_power_config_commands.obj (.text.zb_zcl_power_config_write_attr_hook_server)
                  00025b04    000000c4                     : zboss_r23_zcl_zcl_power_config_commands.obj (.text.fill_alarm_state_bitmap)
                  00025bc8    000000c4     zb_ed_role.a : zboss_r23_nwk_nwk_main.obj (.text.zb_nwk_forget_device)
                  00025c8c    000000c4     zb_zdo_ed.a : zboss_r23_zdo_zdo_common.obj (.text.zdo_send_req_by_short)
                  00025d50    000000c0                 : zboss_r23_zdo_af_descriptor.obj (.text.zb_set_default_ed_descriptor_values)
                  00025e10    000000c0     lto69 (.text.zb_zcl_adjust_reporting_timer)
                  00025ed0    000000c0     zb_cluster_ed.a : zboss_r23_zcl_zcl_reporting.obj (.text.zb_zcl_find_reporting_info_manuf)
                  00025f90    000000c0     zb_zdo_ed.a : zboss_r23_zdo_zdo_disc_cli.obj (.text.zb_zdo_match_desc_req)
                  00026050    000000bc     zb_ed_role.a : zboss_r23_mac_mac_associate.obj (.text.mac_call_associate_confirm_fail)
                  0002610c    000000bc     ti_freertos_config.o (.text.vTaskSuspend)
                  000261c8    000000bc     zb_ed_role.a : zboss_r23_common_zb_address.obj (.text.zb_add_short_addr_sorted)
                  00026284    000000bc                  : zboss_r23_common_zb_bufpool_mult.obj (.text.zb_buf_copy_func)
                  00026340    000000bc     zb_cluster_ed.a : zboss_r23_zcl_zcl_common.obj (.text.zb_zcl_get_next_target_endpoint)
                  000263fc    000000bc     lto69 (.text.zdo_nwk_update_req_process_channel_ed_scan)
                  000264b8    000000b8     lto69 (.text.PowerCC23X0_oscillatorISR)
                  00026570    000000b8     ti_freertos_config.o (.text.xQueueGenericReset)
                  00026628    000000b8     zb_ed_role.a : zboss_r23_commissioning_bdb_bdb_finding_binding.obj (.text.zb_bdb_simple_desc_check_cb)
                  000266e0    000000b8                  : zboss_r23_nwk_nwk_join.obj (.text.zb_nlme_rejoin_send_pkt)
                  00026798    000000b8                  : zboss_r23_secur_ic_secur.obj (.text.zb_secur_ic_get_key_by_address)
                  00026850    000000b6     lto69 (.text.zb_channel_page_list_set_logical_channel)
                  00026906    00000002     drivers_cc23x0r5.a : PWMTimerLPF3.c.obj (.text.PWMTimerLPF3_init)
                  00026908    000000b4     zb_ed_role.a : zboss_r23_aps_aps_main.obj (.text.aps_send_fail_confirm)
                  000269bc    000000b4     zb_cluster_ed.a : zboss_r23_zcl_zcl_reporting.obj (.text.zb_zcl_wait_reporting_timeout)
                  00026a70    000000b4     zb_zdo_ed.a : zboss_r23_zdo_af_rx.obj (.text.zb_zdo_device_is_unreachable)
                  00026b24    000000b4                 : zboss_r23_zdo_zdo_common.obj (.text.zdo_af_resp)
                  00026bd8    000000b4                 : zboss_r23_zdo_zdo_app_join.obj (.text.zdo_join_to_nwk_descr)
                  00026c8c    000000b0     rcl_cc23x0r5.a : RCL_Scheduler.c.obj (.text.RCL_Scheduler_cancelSchedStopTime)
                  00026d3c    000000b0     zb_ed_role.a : zboss_r23_mac_mac_associate.obj (.text.zb_mlme_send_association_req_cmd)
                  00026dec    000000b0                  : zboss_r23_common_zb_nvram.obj (.text.zb_nvram_write_start)
                  00026e9c    000000ac     lto69 (.text.aps_in_frag_assemble_window_delayed)
                  00026f48    000000ac     zb_cluster_ed.a : zboss_r23_zcl_zcl_rel_humidity.obj (.text.check_value_rel_humidity_measurement_server)
                  00026ff4    000000ac     lto69 (.text.nwk_fill_alloc_hdr_req)
                  000270a0    000000ac     lto69 (.text.send_bind_unbind_req)
                  0002714c    000000ac     lto69 (.text.soil_moisture)
                  000271f8    000000ac     ti_freertos_config.o (.text.vTaskDelete)
                  000272a4    000000ac     lto69 (.text.zdo_mgmt_leave_req)
                  00027350    000000a8     lto69 (.text.handle_bind_confirm.1280)
                  000273f8    000000a8     ti_freertos_config.o (.text.xTaskRemoveFromEventList)
                  000274a0    000000a8     zb_ed_role.a : zboss_r23_common_zb_nvram.obj (.text.zb_aps_keypair_write)
                  00027548    000000a8     lto69 (.text.zb_button_register_handler)
                  000275f0    000000a8     lto69 (.text.zb_mlme_reset_request_sync)
                  00027698    000000a4     zb_ed_role.a : zboss_r23_secur_secur_ccm.obj (.text.zb_ccm_decrypt_n_auth)
                  0002773c    000000a4     lto69 (.text.zb_clear_bind_trans)
                  000277e0    000000a4     lto69 (.text.zb_nlme_status_indication_process)
                  00027884    000000a4     zb_ed_role.a : zboss_r23_nwk_nwk_neighbor.obj (.text.zb_nwk_neighbor_get)
                  00027928    000000a4     lto69 (.text.zb_zcl_set_attr_val)
                  000279cc    000000a4     lto69 (.text.zdo_cb_killer)
                  00027a70    000000a2     libclang_rt.builtins.a : udivmoddi4.S.obj (.text)
                  00027b12    00000002                            : aeabi_div0.c.obj (.text.__aeabi_idiv0)
                  00027b14    000000a0     lto69 (.text.LGPTimerLPF3_initHw)
                  00027bb4    000000a0     lto69 (.text.RCL_Handler_Ieee_setCustomEventTime)
                  00027c54    000000a0     rcl_cc23x0r5.a : RCL.c.obj (.text.RCL_open)
                  00027cf4    000000a0     zb_ed_role.a : zboss_r23_nwk_nwk_nlme.obj (.text.nwk_next_rejoin_poll)
                  00027d94    000000a0     lto69 (.text.prvUnlockQueue)
                  00027e34    000000a0     zb_ed_role.a : zboss_r23_commissioning_bdb_bdb_finding_binding.obj (.text.zb_bdb_process_active_eps_res)
                  00027ed4    000000a0                  : zboss_r23_secur_aps_secur.obj (.text.zb_increase_aps_outgoing_frame_counter)
                  00027f74    000000a0                  : zboss_r23_mac_mac_data.obj (.text.zb_mac_get_indirect_data)
                  00028014    000000a0                  : zboss_r23_nwk_nwk_join.obj (.text.zb_nlme_rejoin_response_timeout)
                  000280b4    000000a0                  : zboss_r23_nwk_nwk_nlme.obj (.text.zb_nlme_send_status)
                  00028154    000000a0     zb_cluster_ed.a : zboss_r23_zcl_zcl_reporting.obj (.text.zb_zcl_reporting_cb)
                  000281f4    000000a0     lto69 (.text.zb_zdo_nwk_addr_req_2param_cb)
                  00028294    000000a0     zb_zdo_ed.a : zboss_r23_zdo_zdo_tlv_mgmt.obj (.text.zb_zdo_upd_key_req_process_tlv)
                  00028334    0000009c     drivers_cc23x0r5.a : ADCLPF3.c.obj (.text.ADCLPF3_open)
                  000283d0    0000009c     zb_ed_role.a : zboss_r23_common_zb_address.obj (.text.zb_address_unlock_func)
                  0002846c    0000009c                  : zboss_r23_common_zb_bufpool_mult.obj (.text.zb_buf_free_func)
                  00028508    0000009c     lto69 (.text.zb_zdo_poll_parent)
                  000285a4    00000098     lto69 (.text.doErase)
                  0002863c    00000098     zb_ed_role.a : zboss_r23_secur_zdo_secur.obj (.text.secur_nwk_key_switch)
                  000286d4    00000098     ti_freertos_config.o (.text.vTaskStartScheduler)
                  0002876c    00000098     lto69 (.text.zb_aps_relay_secured)
                  00028804    00000098     zb_ed_role.a : zboss_r23_nwk_nwk_main.obj (.text.zb_mcps_data_indication)
                  0002889c    00000098     lto69 (.text.zb_zcl_ota_upgrade_request_server_send)
                  00028934    00000098     zb_cluster_ed.a : zboss_r23_zcl_zcl_poll_control_commands.obj (.text.zb_zcl_poll_control_start_check_in)
                  000289cc    00000098                     : zboss_r23_zcl_zcl_reporting.obj (.text.zb_zcl_report_attr)
                  00028a64    00000094     driverlib.a : interrupt.c.obj (.text.IntSetPriority)
                  00028af8    00000094     lto69 (.text.RCL_Handler_Ieee_updateRxCurBufferAndFifo)
                  00028b8c    00000094     zb_ed_role.a : zboss_r23_common_zb_bufpool_mult.obj (.text.zb_buf_initial_alloc_func)
                  00028c20    00000094     lto69 (.text.zb_mac_send_data_conf)
                  00028cb4    00000094     zb_ed_role.a : zboss_r23_nwk_nwk_nlme.obj (.text.zb_nlme_reset_request)
                  00028d48    00000094                  : zboss_r23_secur_zdo_secur.obj (.text.zb_secur_create_best_suitable_link_key_pair_set)
                  00028ddc    00000094     zb_cluster_ed.a : zboss_r23_zcl_zcl_ias_zone_commands.obj (.text.zb_zcl_ias_zone_put_cie_address_to_binding_whitelist)
                  00028e70    00000094                     : zboss_r23_zcl_zcl_main.obj (.text.zb_zcl_send_default_resp_ext)
                  00028f04    00000094     lto69 (.text.zdo_join_done_cont)
                  00028f98    00000092     lto69 (.text.square)
                  0002902a    00000006     drivers_cc23x0r5.a : ADCLPF3.c.obj (.text.ADCLPF3_control)
                  00029030    00000092     driverlib.a : aes_ticlang.s.obj (.text)
                  000290c2    00000002     libclang_rt.builtins.a : aeabi_div0.c.obj (.text.__aeabi_ldiv0)
                  000290c4    00000090     lto69 (.text.aps_in_frag_get_received_mask)
                  00029154    00000090     lto69 (.text.aps_send_frame_via_binding)
                  000291e4    00000090     lto69 (.text.nwk_scan_find_next_channel_mask)
                  00029274    00000090     lto69 (.text.prvInitialiseNewTask)
                  00029304    00000090     lto69 (.text.short_search)
                  00029394    00000090     zb_ed_role.a : zboss_r23_mac_mac_common.obj (.text.zb_mac_fill_mhr)
                  00029424    00000090                  : zboss_r23_mac_mac_data.obj (.text.zb_mac_indirect_data_rx_failed)
                  000294b4    00000090                  : zboss_r23_nwk_nwk_discovery.obj (.text.zb_nlme_network_discovery_request)
                  00029544    00000090                  : zboss_r23_common_zb_nvram.obj (.text.zb_nvram_write_dataset)
                  000295d4    00000090     zb_zdo_ed.a : zboss_r23_zdo_zdo_hubs.obj (.text.zb_wwah_set_pending_channel)
                  00029664    00000090     zb_cluster_ed.a : zboss_r23_zcl_zcl_on_off_commands.obj (.text.zb_zcl_on_off_invoke_user_app)
                  000296f4    00000090                     : zboss_r23_zcl_zcl_reporting.obj (.text.zb_zcl_reporting_slot_number)
                  00029784    00000090     zb_zdo_ed.a : zboss_r23_zdo_zdo_poll.obj (.text.zb_zdo_pim_init_defaults)
                  00029814    00000090     lto69 (.text.zdo_initiate_rejoin)
                  000298a4    0000008c     lto69 (.text.AESCMACLPF3_getResult)
                  00029930    0000008c     zb_ed_role.a : zboss_r23_aps_aps_main.obj (.text.zb_aps_pass_local_msg_up)
                  000299bc    0000008c                  : zboss_r23_mac_mac_pib.obj (.text.zb_mac_reinit_pib)
                  00029a48    00000088     lto69 (.text.ClockP_hwiCallback)
                  00029ad0    00000088     ti_freertos_config.o (.text.ClockP_startup)
                  00029b58    00000088     drivers_cc23x0r5.a : PWMTimerLPF3.c.obj (.text.PWMTimerLPF3_setDutyAndPeriod)
                  00029be0    00000088                        : PWMTimerLPF3.c.obj (.text.PWMTimerLPF3_setPeriod)
                  00029c68    00000088     zb_cluster_ed.a : zboss_r23_zcl_zcl_common.obj (.text.cluster_needs_aps_encryption)
                  00029cf0    00000088     zb_ed_role.a : zboss_r23_common_zb_bufpool_mult.obj (.text.zb_buf_alloc_right_func)
                  00029d78    00000088     lto69 (.text.zb_get_buf_tail_ptr)
                  00029e00    00000088     zb_cluster_ed.a : zboss_r23_zcl_zcl_main.obj (.text.zb_zcl_process_command_finish)
                  00029e88    00000088     lto69 (.text.zdo_nwk_update_req_process_new_active_channel)
                  00029f10    00000084     lto69 (.text.get_new_reporting_info)
                  00029f94    00000084     lto69 (.text.handle_bind_unbind_confirm)
                  0002a018    00000084     lto69 (.text.ieee_search)
                  0002a09c    00000084     ti_freertos_config.o (.text.memalign)
                  0002a120    00000084     lto69 (.text.prvAddCurrentTaskToDelayedList)
                  0002a1a4    00000084     lto69 (.text.prvCheckForValidListAndQueue)
                  0002a228    00000084     lto69 (.text.send_bind_unbind_with_check)
                  0002a2ac    00000084     zb_ed_role.a : zboss_r23_aps_aps_bind.obj (.text.zb_apsme_move_dst_bind_table)
                  0002a330    00000084                  : zboss_r23_aps_aps_binding_whitelist.obj (.text.zb_check_binding_table_whitelist)
                  0002a3b4    00000084                  : zboss_r23_nwk_nwk_broadcasting.obj (.text.zb_nwk_broadcasting_add_btr)
                  0002a438    00000084     zb_cluster_ed.a : zboss_r23_zcl_zcl_common.obj (.text.zb_zcl_is_target_endpoint)
                  0002a4bc    00000084                     : zboss_r23_zcl_zcl_ota_upgrade_commands.obj (.text.zb_zcl_ota_upgrade_init_client)
                  0002a540    00000084     lto69 (.text.zb_zcl_start_identifying)
                  0002a5c4    00000080     rcl_cc23x0r5.a : RCL_Scheduler.c.obj (.text.RCL_Scheduler_findStopStatus)
                  0002a644    00000080     lto69 (.text.check_cluster_list)
                  0002a6c4    00000080     lto69 (.text.nwk_do_retry)
                  0002a744    00000080     lto69 (.text.send_ed_timeout_req)
                  0002a7c4    00000080     ti_freertos_config.o (.text.vTaskSwitchContext)
                  0002a844    00000080     ti_freertos_config.o (.text.xTaskPriorityInherit)
                  0002a8c4    00000080     lto69 (.text.zb_ccm_encrypt_n_auth)
                  0002a944    00000080     zb_ed_role.a : zboss_r23_mac_mac_associate.obj (.text.zb_mlme_associate_request_do)
                  0002a9c4    00000080     lto69 (.text.zb_nvram_write_aps_counters)
                  0002aa44    00000080     lto69 (.text.zb_nwk_neighbor_delete)
                  0002aac4    00000080     zb_ed_role.a : zboss_r23_common_zb_tlv.obj (.text.zb_tlv_general_tlv_processing)
                  0002ab44    00000080     lto69 (.text.zb_zdo_bind_unbind_req)
                  0002abc4    00000080     lto69 (.text.zdo_nwk_update_req_process_new_channel_mask)
                  0002ac44    0000007e     drivers_cc23x0r5.a : LGPTimerLPF3.c.obj (.text.LGPTimerLPF3_close)
                  0002acc2    0000007e     lto69 (.text.zb_sec_b6_hash)
                  0002ad40    0000007c     lto69 (.text.AESCTRDRBGXX_updateState)
                  0002adbc    0000007c     rcl_cc23x0r5.a : RCL.c.obj (.text.RCL_Command_submit)
                  0002ae38    0000007c     lto69 (.text.call_scan_complete_cb)
                  0002aeb4    0000007c     lto69 (.text.prvIdleTask)
                  0002af30    0000007c     lto69 (.text.temperatureEventCb)
                  0002afac    0000007c     zb_ed_role.a : zboss_r23_common_zb_address.obj (.text.zb_address_ieee_by_ref)
                  0002b028    0000007c                  : zboss_r23_common_zb_address.obj (.text.zb_address_ieee_by_short)
                  0002b0a4    0000007c                  : zboss_r23_secur_zdo_secur.obj (.text.zb_zdo_sec_get_auth_tok_req_snd)
                  0002b120    0000007c     zb_zdo_ed.a : zboss_r23_zdo_zdo_app_join.obj (.text.zdo_next_nwk_discovery_req)
                  0002b19c    00000078     ti_freertos_config.o (.text.HwiP_construct)
                  0002b214    00000078     lto69 (.text.bdb_node_desc_workaround_callback)
                  0002b28c    00000078     ti_freertos_config.o (.text.xQueueReceiveFromISR)
                  0002b304    00000078     zb_ed_role.a : zboss_r23_commissioning_bdb_bdb_finding_binding.obj (.text.zb_bdb_finding_binding_target_alarm_ep)
                  0002b37c    00000078                  : zboss_r23_mac_mac_pib.obj (.text.zb_mlme_set_request)
                  0002b3f4    00000078     zb_cluster_ed.a : zboss_r23_zcl_zcl_scenes.obj (.text.zb_zcl_scenes_process_recall_scene)
                  0002b46c    00000078                     : zboss_r23_zcl_zcl_scenes.obj (.text.zb_zcl_scenes_process_store_scene)
                  0002b4e4    00000078                     : zboss_r23_zcl_zcl_poll_control_commands.obj (.text.zcl_poll_control_check_in_send_cb)
                  0002b55c    00000078     libc.a : copy_decompress_lzss.c.obj (.text:decompress:lzss)
                  0002b5d4    00000076     lto69 (.text.prvCopyDataToQueue)
                  0002b64a    00000076     lto69 (.text.zb_zcl_set_attr_val_manuf_internal)
                  0002b6c0    00000074     lto69 (.text.AESCTRLPF3_hwiFxn)
                  0002b734    00000074     lto69 (.text.alloc_new_extneiboar)
                  0002b7a8    00000074     lto69 (.text.broadcast_endpoint_delivery_step)
                  0002b81c    00000074     lto69 (.text.channel_page_get_edge_channel_number)
                  0002b890    00000074     lto69 (.text.ed_scan_timer_callback)
                  0002b904    00000074     zb_ed_role.a : zboss_r23_common_zb_address.obj (.text.zb_address_lock_func)
                  0002b978    00000074                  : zboss_r23_common_zb_nvram.obj (.text.zb_aps_keypair_load_by_idx)
                  0002b9ec    00000074                  : zboss_r23_aps_aps_main.obj (.text.zb_aps_pass_local_group_pkt_up)
                  0002ba60    00000074                  : zboss_r23_common_zb_nvram.obj (.text.zb_nvram_write_data)
                  0002bad4    00000074     zb_cluster_ed.a : zboss_r23_zcl_zcl_diagnostics_commands.obj (.text.zb_zcl_diagnostics_sync_counters)
                  0002bb48    00000074     zb_zdo_ed.a : zboss_r23_zdo_zdo_poll.obj (.text.zb_zdo_pim_start_turbo_poll_packets)
                  0002bbbc    00000072     lto69 (.text.zb_zcl_ota_upgrade_end)
                  0002bc2e    00000002     lto69 (.text.errorSpin)
                  0002bc30    00000070     ti_freertos_config.o (.text.ClockP_start)
                  0002bca0    00000070     lto69 (.text.PowerCC23X0_startHFXT)
                  0002bd10    00000070     lto69 (.text.age_dups)
                  0002bd80    00000070     lto69 (.text.aps_in_frag_mac_ack_for_aps_ack_arrived)
                  0002bdf0    00000070     zb_ed_role.a : zboss_r23_secur_bdb_secur.obj (.text.bdb_initiate_key_exchange)
                  0002be60    00000070     lto69 (.text.mult)
                  0002bed0    00000070     zb_ed_role.a : zboss_r23_nwk_nwk_discovery.obj (.text.nlme_scan_request)
                  0002bf40    00000070     lto69 (.text.process_delayed_buf_entry_unsafe)
                  0002bfb0    00000070     zb_ti_platform_zed_log.a : mac_ti_f3_mac.obj (.text.update_rx_panconfig)
                  0002c020    00000070     zb_ed_role.a : zboss_r23_common_zb_address.obj (.text.zb_address_delete)
                  0002c090    00000070                  : zboss_r23_aps_aps_bind.obj (.text.zb_aps_check_binding_request)
                  0002c100    00000070     lto69 (.text.zb_aps_check_max_trans_size_timer_cb)
                  0002c170    00000070     zb_ed_role.a : zboss_r23_nwk_nwk_discovery.obj (.text.zb_nlme_ed_scan_request)
                  0002c1e0    00000070                  : zboss_r23_nwk_nwk_neighbor.obj (.text.zb_nwk_neighbor_clear)
                  0002c250    00000070     lto69 (.text.zb_zcl_diagnostics_sync_counters_cb)
                  0002c2c0    00000070     zb_cluster_ed.a : zboss_r23_zcl_zcl_general_commands.obj (.text.zb_zcl_get_attr_desc_manuf)
                  0002c330    00000070     lto69 (.text.zdo_kill_cb_by_index)
                  0002c3a0    00000070     zb_zdo_ed.a : zboss_r23_zdo_zdo_app_join.obj (.text.zdo_rejoin_clear_prev_join)
                  0002c410    0000006c     drivers_cc23x0r5.a : ADCLPF3.c.obj (.text.ADCLPF3_convertToMicroVolts)
                  0002c47c    0000006c     driverlib.a : adc.c.obj (.text.ADCSetAdjustmentOffset)
                  0002c4e8    0000006c     ti_freertos_config.o (.text.ClockP_stop)
                  0002c554    0000006c     lto69 (.text.zb_aps_hdr_mod)
                  0002c5c0    0000006c     zb_ed_role.a : zboss_r23_commissioning_bdb_bdb_finding_binding.obj (.text.zb_bdb_process_simple_desc_res)
                  0002c62c    0000006c     zb_zdo_ed.a : zboss_r23_zdo_zdo_app_join.obj (.text.zb_nlme_join_confirm)
                  0002c698    0000006c     zb_ed_role.a : zboss_r23_nwk_nwk_join.obj (.text.zb_nlme_rejoin_set_parent_long)
                  0002c704    0000006c                  : zboss_r23_nwk_nwk_tlv_mgmt.obj (.text.zb_nwk_commissioning_req_put_tlv)
                  0002c770    0000006c     lto69 (.text.zb_zcl_add_cluster_handlers)
                  0002c7dc    0000006c     lto69 (.text.zdo_validate_desc_resp)
                  0002c848    00000068     lto69 (.text.LRF_setTrimCommon)
                  0002c8b0    00000068     drivers_cc23x0r5.a : NVSLPF3.c.obj (.text.NVSLPF3_open)
                  0002c918    00000068     lto69 (.text.RCL_Handler_Adc_Noise_powerDown)
                  0002c980    00000068     lto69 (.text.RCL_Handler_Ieee_findPbeErrorEndStatus)
                  0002c9e8    00000068     lto69 (.text.aps_in_frag_restart_ack_timer)
                  0002ca50    00000068     lto69 (.text.aps_in_frag_stop_entry)
                  0002cab8    00000068     zb_ed_role.a : zboss_r23_commissioning_bdb_zdo_commissioning_bdb.obj (.text.bdb_network_steering_start_scan)
                  0002cb20    00000068     zb_cluster_ed.a : zboss_r23_zcl_zcl_common.obj (.text.get_profile_id_by_endpoint)
                  0002cb88    00000068     lto69 (.text.nwk_cancel_network_discovery_response)
                  0002cbf0    00000068     ti_freertos_config.o (.text.vTaskPriorityDisinheritAfterTimeout)
                  0002cc58    00000068     ti_freertos_config.o (.text.xTaskCheckForTimeOut)
                  0002ccc0    00000068     zb_ed_role.a : zboss_r23_common_zb_address.obj (.text.zb_address_get_pan_id_ref)
                  0002cd28    00000068                  : zboss_r23_secur_apsme_secur.obj (.text.zb_aps_secur_init)
                  0002cd90    00000068                  : zboss_r23_secur_zdo_secur.obj (.text.zb_secur_get_link_key_by_address)
                  0002cdf8    00000068     zb_zdo_ed.a : zboss_r23_zdo_zdo_hubs.obj (.text.zb_wwah_set_leave_without_rejoin_allowed)
                  0002ce60    00000068     lto69 (.text.zb_zcl_finish_and_send_packet_new)
                  0002cec8    00000068     zb_cluster_ed.a : zboss_r23_zcl_zcl_identify_commands.obj (.text.zb_zcl_identify_effect_invoke_user_app)
                  0002cf30    00000064     drivers_cc23x0r5.a : AESCommonLPF3.c.obj (.text.AESCommonLPF3_construct)
                  0002cf94    00000064     lto69 (.text.bdb_finding_n_binding_machine)
                  0002cff8    00000064     lto69 (.text.bdb_force_rejoin_if_not_in_progress)
                  0002d05c    00000064     lto69 (.text.bdb_precomm_rejoin_over_all_channels)
                  0002d0c0    00000064     zb_cluster_ed.a : zboss_r23_zcl_zcl_common.obj (.text.get_endpoint_by_cluster)
                  0002d124    00000064     zb_ed_role.a : zboss_r23_nwk_nwk_main.obj (.text.nwk_call_nlde_data_confirm)
                  0002d188    00000064     ti_freertos_config.o (.text.xTaskPriorityDisinherit)
                  0002d1ec    00000064     zb_ed_role.a : zboss_r23_common_zb_address.obj (.text.zb_address_by_ref)
                  0002d250    00000064                  : zboss_r23_common_zb_address.obj (.text.zb_address_cmp_two_refs)
                  0002d2b4    00000064     zb_zdo_ed.a : zboss_r23_zdo_af_rx.obj (.text.zb_apsde_data_indication_cont)
                  0002d318    00000064     zb_ed_role.a : zboss_r23_commissioning_bdb_zdo_commissioning_bdb.obj (.text.zb_bdb_initiate_tc_rejoin)
                  0002d37c    00000064                  : zboss_r23_common_zb_time.obj (.text.zb_timer_start)
                  0002d3e0    00000064     zb_cluster_ed.a : zboss_r23_zcl_zcl_identify_commands.obj (.text.zb_zcl_identify_time_handler)
                  0002d444    00000064     lto69 (.text.zb_zdo_node_desc_req)
                  0002d4a8    00000064     lto69 (.text.zb_zdo_pim_restart_poll)
                  0002d50c    00000062     zb_cluster_ed.a : zboss_r23_zcl_zcl_common.obj (.text.zb_zcl_finish_and_send_packet)
                  0002d56e    00000002     ti_freertos_config.o (.text.vApplicationStackOverflowHook)
                  0002d570    00000060     drivers_cc23x0r5.a : BatMonSupportLPF3.c.obj (.text.BatMonSupportLPF3_init)
                  0002d5d0    00000060                        : PWMTimerLPF3.c.obj (.text.PWMTimerLPF3_setDuty)
                  0002d630    00000060     lto69 (.text.RCL_Handler_Ieee_updateStats)
                  0002d690    00000060     lto69 (.text.aps_in_frag_send_ack)
                  0002d6f0    00000060     lto69 (.text.nwk_broadcasting_btr_aging_alarm)
                  0002d750    00000060     lto69 (.text.rclSchedulerFindEarliestStopTime)
                  0002d7b0    00000060     on_off_switch_ota_client.o (.text.send_soil_moisture)
                  0002d810    00000060     ti_freertos_config.o (.text.xQueueGiveFromISR)
                  0002d870    00000060     ti_freertos_config.o (.text.xTaskCreate)
                  0002d8d0    00000010     lto69 (.tramp.OUTLINED_FUNCTION_478.4)
                  0002d8e0    00000060     zb_cluster_ed.a : zboss_r23_zcl_zcl_common.obj (.text.zb_af_get_endpoint_desc)
                  0002d940    00000060     lto69 (.text.zb_get_buf_delayed)
                  0002d9a0    00000060     zb_ti_platform_zed_log.a : osif_ti_f3_crypto.obj (.text.zb_hw_sha_256)
                  0002da00    00000060     lto69 (.text.zb_nvram_get_dataset_version)
                  0002da60    00000060     zb_ed_role.a : zboss_r23_nwk_nwk_disc_table.obj (.text.zb_nwk_exneighbor_by_short)
                  0002dac0    00000060     zb_cluster_ed.a : zboss_r23_zcl_zcl_groups.obj (.text.zb_zcl_process_groups_commands_cli)
                  0002db20    00000060     zb_zdo_ed.a : zboss_r23_zdo_zdo_bind_manage.obj (.text.zb_zdo_send_check_bind_unbind)
                  0002db80    00000060     zb_ed_role.a : zboss_r23_secur_bdb_secur.obj (.text.zdo_secur_update_tclk_done)
                  0002dbe0    00000060     zb_zdo_ed.a : zboss_r23_zdo_zdo_common.obj (.text.zdo_send_resp_by_short)
                  0002dc40    0000005c     drivers_cc23x0r5.a : AESCommonLPF3.c.obj (.text.AESCommonLPF3_init)
                  0002dc9c    0000005c     ti_freertos_config.o (.text.ClockP_walkQueueDynamic)
                  0002dcf8    0000005c     lto69 (.text.GPIO_setConfigAndMux)
                  0002dd54    0000005c     lto69 (.text.get_endpoint_by_cluster_with_role)
                  0002ddb0    0000005c     lto69 (.text.get_manufacturer_index_by_ieee_addr)
                  0002de0c    0000005c     zb_ti_platform_zed_log.a : mac_ti_f3_mac.obj (.text.mac_ti23xx_start_ed_scan)
                  0002de68    0000005c     lto69 (.text.nwk_join_failure_confirm)
                  0002dec4    0000005c     zb_ed_role.a : zboss_r23_common_zb_address.obj (.text.zb_address_done_ieee_disc)
                  0002df20    0000005c                  : zboss_r23_common_zb_bufpool_mult.obj (.text.zb_buf_alloc_left_func)
                  0002df7c    0000005c                  : zboss_r23_common_zb_sleep.obj (.text.zb_sleep_calc_sleep_tmo)
                  0002dfd8    0000005c     lto69 (.text.zb_zcl_basic_reset_invoke_user_app)
                  0002e034    0000005c     zb_zdo_ed.a : zboss_r23_zdo_zdo_channel_manager.obj (.text.zb_zdo_ed_scan_request)
                  0002e090    0000005c                 : zboss_r23_zdo_zdo_nwk_manage_srv.obj (.text.zb_zdo_nwk_upd_notify)
                  0002e0ec    0000005c                 : zboss_r23_zdo_zdo_app.obj (.text.zb_zdo_startup_complete_int)
                  0002e148    0000005c                 : zboss_r23_zdo_zdo_app.obj (.text.zb_zdo_tclk_valid)
                  0002e1a4    0000005c     on_off_switch_ota_client.o (.text.zcl_specific_cluster_cmd_handler)
                  0002e200    00000058     lto69 (.text.AESCMACLPF3_hwiFxn)
                  0002e258    00000058     rcl_cc23x0r5.a : LRFCC23X0.c.obj (.text.LRF_enableTemperatureMonitoring)
                  0002e2b0    00000058     lto69 (.text.LogSinkBuf_printf)
                  0002e308    00000058     lto69 (.text.PWMTimerLPF3_getDutyCounts)
                  0002e360    00000058     lto69 (.text.RCL_Handler_Ieee_restoreStopTime)
                  0002e3b8    00000058     libclang_rt.builtins.a : clzsi2.c.obj (.text.__clzsi2)
                  0002e410    00000058     zb_ed_role.a : zboss_r23_commissioning_bdb_zdo_commissioning_bdb.obj (.text.bdb_not_ever_joined)
                  0002e468    00000058     zb_cluster_ed.a : zboss_r23_zcl_zcl_power_config_commands.obj (.text.get_send_alarm_buf)
                  0002e4c0    00000058     lto69 (.text.send_unknown_command_status)
                  0002e518    00000058     zb_ed_role.a : zboss_r23_common_zb_address.obj (.text.zb_ieee_addr_compress)
                  0002e570    00000058     lto69 (.text.zb_nvram_dataset_is_supported)
                  0002e5c8    00000058     zb_ed_role.a : zboss_r23_common_zb_scheduler.obj (.text.zb_schedule_callback2)
                  0002e620    00000058                  : zboss_r23_common_zb_scheduler.obj (.text.zb_schedule_get_alarm_time)
                  0002e678    00000058                  : zboss_r23_common_zb_scheduler.obj (.text.zb_schedule_tx_cb)
                  0002e6d0    00000058     lto69 (.text.zb_secur_get_auth_token_key_by_ieee)
                  0002e728    00000058     lto69 (.text.zb_start_device_interview_on_joiner)
                  0002e780    00000058     lto69 (.text.zb_timer_callback)
                  0002e7d8    00000058     zb_zdo_ed.a : zboss_r23_zdo_zdo_hubs.obj (.text.zb_wwah_set_require_lk_encryption)
                  0002e830    00000058     lto69 (.text.zb_zcl_init_periodic_activities)
                  0002e888    00000058     zb_zdo_ed.a : zboss_r23_zdo_zdo_disc_cli.obj (.text.zb_zdo_nwk_addr_req)
                  0002e8e0    00000058     zb_ed_role.a : zboss_r23_secur_zdo_secur.obj (.text.zb_zdo_verify_tclk)
                  0002e938    00000058     lto69 (.text.zdo_wwah_start_survey_beacons_cont)
                  0002e990    00000056     libclang_rt.builtins.a : aeabi_idivmod.S.obj (.text.__aeabi_idivmod)
                  0002e9e6    00000056     ti_freertos_config.o (.text.xQueueGenericCreate)
                  0002ea3c    00000056     zb_ed_role.a : zboss_r23_secur_secur_ccm.obj (.text.zb_cmm_key_hash)
                  0002ea92    00000002     ti_freertos_portable_config.o (.text.vPortSVCHandler)
                  0002ea94    00000054     lto69 (.text.AESECBLPF3_hwiFxn)
                  0002eae8    00000054     rcl_cc23x0r5.a : RCL.c.obj (.text.RCL_Command_pend)
                  0002eb3c    00000054                    : RCL_Scheduler.c.obj (.text.RCL_Scheduler_setStartStopTimeEarliestStart)
                  0002eb90    00000054     lto69 (.text.aps_in_frag_kill_stopped_entries)
                  0002ebe4    00000054     lto69 (.text.aps_in_frag_send_ack_delayed)
                  0002ec38    00000054     lto69 (.text.aps_in_frag_total_window_size)
                  0002ec8c    00000054     lto69 (.text.bdb_network_formation_machine)
                  0002ece0    00000054     lto69 (.text.bdb_start_top_level_commissioning)
                  0002ed34    00000054     zb_cluster_ed.a : zboss_r23_zcl_zcl_scenes.obj (.text.check_value_scenes)
                  0002ed88    00000054     lto69 (.text.manuf_tbl_clear_unusable_entries)
                  0002eddc    00000054     ti_freertos_config.o (.text.vQueueWaitForMessageRestricted)
                  0002ee30    00000054     zb_ed_role.a : zboss_r23_commissioning_bdb_bdb_finding_binding.obj (.text.zb_bdb_error_handle_buf)
                  0002ee84    00000054     lto69 (.text.zb_mac_diagnostics_init)
                  0002eed8    00000054     zb_ed_role.a : zboss_r23_mac_mac_scan.obj (.text.zb_mac_send_beacon_request_command)
                  0002ef2c    00000054                  : zboss_r23_common_zb_nvram.obj (.text.zb_nvram_read_data)
                  0002ef80    00000054     lto69 (.text.zb_schedule_callback_prior)
                  0002efd4    00000054     lto69 (.text.zb_secur_ic_generate_key)
                  0002f028    00000054     zb_ed_role.a : zboss_r23_common_zb_tlv.obj (.text.zb_tlv_get_tlv_ptr)
                  0002f07c    00000054     zb_zdo_ed.a : zboss_r23_zdo_zdo_hubs.obj (.text.zb_wwah_set_configuration_mode)
                  0002f0d0    00000054     zb_cluster_ed.a : zboss_r23_zcl_zcl_basic_commands.obj (.text.zb_zcl_check_is_device_enabled)
                  0002f124    00000054                     : zboss_r23_zcl_zcl_identify_commands.obj (.text.zb_zcl_stop_identifying)
                  0002f178    00000054                     : zboss_r23_zcl_zcl_reporting.obj (.text.zb_zcl_update_reporting_info)
                  0002f1cc    00000054                     : zboss_r23_zcl_zcl_s_wwah.obj (.text.zb_zcl_wwah_check_if_aps_link_key_authorization_needed)
                  0002f220    00000054     zb_zdo_ed.a : zboss_r23_zdo_zdo_bind_manage.obj (.text.zb_zdo_bind_unbind_check_cb)
                  0002f274    00000054     zb_ed_role.a : zboss_r23_secur_zdo_secur.obj (.text.zb_zdo_update_tclk)
                  0002f2c8    00000050     driverlib.a : adc.c.obj (.text.ADCGetAdjustmentGain)
                  0002f318    00000050     drivers_cc23x0r5.a : ADCLPF3.c.obj (.text.ADCLPF3_close)
                  0002f368    00000050                        : AESCommonLPF3.c.obj (.text.AESCommonLPF3_cleanup)
                  0002f3b8    00000050     lto69 (.text.Power_releaseDependency)
                  0002f408    00000050     lto69 (.text.Power_setDependency)
                  0002f458    00000050     ti_freertos_config.o (.text.__aeabi_errno_addr)
                  0002f4a8    00000050     lto69 (.text.aps_in_frag_find_by_hdr)
                  0002f4f8    00000050     lto69 (.text.aps_out_frag_schedule_queued_requests)
                  0002f548    00000050     lto69 (.text.handle_bind_check_response)
                  0002f598    00000050     lto69 (.text.mac_ti23xx_set_channel)
                  0002f5e8    00000050     lto69 (.text.nvram_write_dataset_tail)
                  0002f638    00000050     lto69 (.text.rclPowerNotify)
                  0002f688    00000050     lto69 (.text.sleepTicks)
                  0002f6d8    00000050     lto69 (.text.uDMASetChannelTransfer)
                  0002f728    00000050     lto69 (.text.validate_new_channel)
                  0002f778    00000050     ti_freertos_config.o (.text.xTaskCreateStatic)
                  0002f7c8    00000050     zb_ed_role.a : zboss_r23_common_zb_address.obj (.text.zb_address_by_ieee)
                  0002f818    00000050     zb_zdo_ed.a : zboss_r23_zdo_af_rx.obj (.text.zb_af_handle_zcl_frame)
                  0002f868    00000050     lto69 (.text.zb_bdb_finding_binding_initiator_stop)
                  0002f8b8    00000050     zb_ed_role.a : zboss_r23_common_zb_signal_common.obj (.text.zb_get_app_signal)
                  0002f908    00000050                  : zboss_r23_mac_mac.obj (.text.zb_mlme_poll_request)
                  0002f958    00000050     lto69 (.text.zb_nvram_check_and_read_page_hdr_ds)
                  0002f9a8    00000050     zb_ti_platform_zed_log.a : osif_ti_f3_nvram.obj (.text.zb_osif_nvram_read)
                  0002f9f8    00000050                              : osif_ti_f3_nvram.obj (.text.zb_osif_nvram_write)
                  0002fa48    00000050     zb_ed_role.a : zboss_r23_common_zb_scheduler.obj (.text.zb_schedule_callback)
                  0002fa98    00000050     lto69 (.text.zb_zcl_ota_upgrade_finish_upgrade)
                  0002fae8    00000050     zb_cluster_ed.a : zboss_r23_zcl_zcl_basic_commands.obj (.text.zb_zcl_process_basic_specific_commands_srv)
                  0002fb38    00000050                     : zboss_r23_zcl_zcl_common.obj (.text.zb_zcl_register_cb)
                  0002fb88    00000050                     : zboss_r23_zcl_zcl_s_wwah.obj (.text.zb_zcl_wwah_match_desc_resp_handle)
                  0002fbd8    00000050     zb_zdo_ed.a : zboss_r23_zdo_zdo_tlv_mgmt.obj (.text.zb_zdo_get_tunneled_frame_from_relay)
                  0002fc28    00000050     lto69 (.text.zb_zdo_mgmt_permit_joining_req)
                  0002fc78    00000050     zb_zdo_ed.a : zboss_r23_zdo_zdo_commissioning.obj (.text.zdo_commissioning_nwk_discovery_failed)
                  0002fcc8    0000004e     ti_freertos_config.o (.text.realloc)
                  0002fd16    0000004e     lto69 (.text.zb_nwk_neighbor_update_lqa)
                  0002fd64    0000004e     lto69 (.text.zb_zdo_process_eui64_array)
                  0002fdb2    00000002     lto69 (.text.zb_zcl_wwah_trace_ctx)
                  0002fdb4    0000004c     lto69 (.text.AESCTRLPF3_processData)
                  0002fe00    0000004c     driverlib.a : lrfd.c.obj (.text.LRFDApplyClockDependencies)
                  0002fe4c    0000004c     rcl_cc23x0r5.a : LRFCC23X0.c.obj (.text.LRF_programTemperatureCompensatedTxPower)
                  0002fe98    0000004c                    : LRFCC23X0.c.obj (.text.LRF_writeTxFifoWords)
                  0002fee4    0000004c     lto69 (.text.SHA2_open)
                  0002ff30    0000004c     drivers_cc23x0r5.a : UDMALPF3.c.obj (.text.UDMALPF3_init)
                  0002ff7c    0000004c     lto69 (.text.aps_in_frag_find_by_buf)
                  0002ffc8    0000004c     zb_ed_role.a : zboss_r23_secur_bdb_secur.obj (.text.bdb_initiate_key_verify)
                  00030014    0000004c                  : zboss_r23_commissioning_bdb_zdo_commissioning_bdb.obj (.text.bdb_start_rejoin_recovery)
                  00030060    0000004c     lto69 (.text.call_nlme_status_ind)
                  000300ac    0000004c     lto69 (.text.del_short_sorted)
                  000300f8    0000004c     lto69 (.text.forward_req_packet_or_delay)
                  00030144    0000004c     zb_cluster_ed.a : zboss_r23_zcl_zcl_common.obj (.text.get_cluster_desc)
                  00030190    0000004c     lto69 (.text.schedule_resend_buffer)
                  000301dc    0000004c     zb_ed_role.a : zboss_r23_secur_zdo_secur.obj (.text.secur_nwk_key_by_seq)
                  00030228    0000004c     on_off_switch_ota_client.o (.text.send_percentage)
                  00030274    0000004c     on_off_switch_ota_client.o (.text.send_voltage)
                  000302c0    0000004c     zb_ed_role.a : zboss_r23_common_zb_signal_common.obj (.text.zb_app_signal_pack_with_detailed_status)
                  0003030c    0000004c                  : zboss_r23_commissioning_bdb_bdb_finding_binding.obj (.text.zb_bdb_finding_binding_target_cancel)
                  00030358    0000004c                  : zboss_r23_mac_mac.obj (.text.zb_mac_check_frame_dst_addr)
                  000303a4    0000004c                  : zboss_r23_mac_mac_zcl_diagnostic.obj (.text.zb_mac_diagnostics_periodic_handler)
                  000303f0    0000004c                  : zboss_r23_nwk_nwk_main.obj (.text.zb_nwk_handle_init)
                  0003043c    0000004c     lto69 (.text.zb_nwk_reset_nwk_addr_in_mac_pib)
                  00030488    0000004c     zb_ed_role.a : zboss_r23_nwk_nwk_main.obj (.text.zb_nwk_unlock_in)
                  000304d4    0000004c                  : zboss_r23_secur_zdo_secur.obj (.text.zb_secur_delete_link_key_by_idx)
                  00030520    0000004c     lto69 (.text.zb_zcl_send_default_handler)
                  0003056c    0000004c     zb_zdo_ed.a : zboss_r23_zdo_zdo_bind_manage.obj (.text.zb_zdo_end_device_bind_resp)
                  000305b8    0000004c     lto69 (.text.zb_zdo_pim_start_fast_poll)
                  00030604    0000004a     rcl_cc23x0r5.a : LRF.c.obj (.text.LRF_loadImage)
                  0003064e    0000004a     ti_freertos_config.o (.text.calloc)
                  00030698    0000004a     zb_ed_role.a : zboss_r23_secur_apsme_secur.obj (.text.zb_secur_apsme_request_key)
                  000306e2    0000004a     zb_cluster_ed.a : zboss_r23_zcl_zcl_common.obj (.text.zb_zcl_schedule_status_abort)
                  0003072c    00000048     ti_freertos_config.o (.text.ClockP_construct)
                  00030774    00000048     lto69 (.text.LRF_setTemperatureTrim)
                  000307bc    00000048     lto69 (.text.PowerCC23X0_hfxtAmpsettledTimeout)
                  00030804    00000048     lto69 (.text.degreesToCode)
                  0003084c    00000048     lto69 (.text.initiate_short_disc)
                  00030894    00000048     ti_freertos_config.o (.text.localProgramStart)
                  000308dc    00000048     lto69 (.text.mac_get_tx_power)
                  00030924    00000048     lto69 (.text.removeThreadKeys)
                  0003096c    00000048     ti_freertos_config.o (.text.xTimerCreateTimerTask)
                  000309b4    00000048     zb_ed_role.a : zboss_r23_aps_aps_bind.obj (.text.zb_apsme_clear_all_bind_by_ieee)
                  000309fc    00000048                  : zboss_r23_common_zb_bufpool_mult.obj (.text.zb_buf_reuse_func)
                  00030a44    00000048     lto69 (.text.zb_calculate_mic64_for_challenge)
                  00030a8c    00000048     lto69 (.text.zb_ecc_dlk_create_base_point)
                  00030ad4    00000048     zb_ed_role.a : zboss_r23_mac_mac_associate.obj (.text.zb_mac_assoc_send_data_req)
                  00030b1c    00000048                  : zboss_r23_nwk_nwk_nlme.obj (.text.zb_mlme_poll_confirm)
                  00030b64    00000048                  : zboss_r23_nwk_nwk_broadcasting.obj (.text.zb_nwk_broadcasting_find_btr)
                  00030bac    00000048     lto69 (.text.zb_panid_conflict_set_panid_conf)
                  00030bf4    00000048     zb_ed_role.a : zboss_r23_common_zb_tlv.obj (.text.zb_tlv_parse_value_fragmentation_parameters)
                  00030c3c    00000048     zb_zdo_ed.a : zboss_r23_zdo_zdo_hubs.obj (.text.zb_wwah_set_pending_panid)
                  00030c84    00000048     zb_cluster_ed.a : zboss_r23_zcl_zcl_s_wwah.obj (.text.zb_zcl_wwah_bad_parent_recovery_signal)
                  00030ccc    00000048                     : zboss_r23_zcl_zcl_s_wwah.obj (.text.zb_zcl_wwah_recounter_checkin)
                  00030d14    00000048     zb_zdo_ed.a : zboss_r23_zdo_zdo_poll.obj (.text.zb_zdo_pim_set_long_poll_interval)
                  00030d5c    00000048     lto69 (.text.zb_zdo_pim_start_poll)
                  00030da4    00000048     lto69 (.text.zb_zdo_pim_stop_poll)
                  00030dec    00000048     zb_zdo_ed.a : zboss_r23_zdo_zdo_poll.obj (.text.zb_zdo_pim_turbo_poll_continuous_leave)
                  00030e34    00000048     lto69 (.text.zb_zdo_pim_work_poll_interval_update)
                  00030e7c    00000048     zb_zdo_ed.a : zboss_r23_zdo_zdo_app_leave.obj (.text.zdo_device_removed)
                  00030ec4    00000046     ti_freertos_config.o (.text.pthread_exit)
                  00030f0a    00000002     --HOLE-- [fill = 0]
                  00030f0c    00000044     lto69 (.text.AESCMACLPF3_generateSubKey)
                  00030f50    00000044     drivers_cc23x0r5.a : GPIO.c.obj (.text.GPIO_resetConfig)
                  00030f94    00000044     zb_ed_role.a : zboss_r23_aps_aps_main.obj (.text.aps_force_retx)
                  00030fd8    00000044     lto69 (.text.aps_in_frag_stop_ack_timer)
                  0003101c    00000044     lto69 (.text.aps_retrans_ent_free)
                  00031060    00000044     lto69 (.text.batMonHwiFxn)
                  000310a4    00000044     zb_ed_role.a : zboss_r23_secur_bdb_secur.obj (.text.bdb_request_tclk_alarm)
                  000310e8    00000044     lto69 (.text.bdb_touchlink_machine)
                  0003112c    00000044     zb_ed_role.a : zboss_r23_secur_bdb_secur.obj (.text.bdb_verify_tclk_alarm)
                  00031170    00000044     lto69 (.text.call_status_indication)
                  000311b4    00000044     rcl_cc23x0r5.a : hal_cc23x0.c.obj (.text.hal_power_release_swtcxo_update_constraint)
                  000311f8    00000044     lto69 (.text.handle_scan_during_poll)
                  0003123c    00000044     lto69 (.text.mgmt_leave_to_unauth_chld)
                  00031280    00000044     lto69 (.text.prvInsertBlockIntoFreeList)
                  000312c4    00000044     lto69 (.text.prvSampleTimeNow)
                  00031308    00000044     lto69 (.text.setNextThresholds)
                  0003134c    00000044     ti_freertos_config.o (.text.vPortFree)
                  00031390    00000044     ti_freertos_portable_config.o (.text.xPortPendSVHandler)
                  000313d4    00000044     zb_ed_role.a : zboss_r23_aps_aps_main.obj (.text.zb_aps_get_max_buffer_size)
                  00031418    00000044                  : zboss_r23_aps_aps_main.obj (.text.zb_aps_get_max_trans_size)
                  0003145c    00000044     lto69 (.text.zb_apsde_check_selfie)
                  000314a0    00000044     zb_ed_role.a : zboss_r23_common_zb_address.obj (.text.zb_ieee_addr_decompress)
                  000314e4    00000044     ti_f3_main.o (.text.zb_memmove)
                  00031528    00000044     zb_ed_role.a : zboss_r23_nwk_nwk_nlme.obj (.text.zb_nwk_pib_set)
                  0003156c    00000044                  : zboss_r23_common_zb_random.obj (.text.zb_random_val)
                  000315b0    00000044     lto69 (.text.zb_zcl_call_identify_time_attr_device_cb)
                  000315f4    00000044     zb_cluster_ed.a : zboss_r23_zcl_zcl_attr_value.obj (.text.zb_zcl_write_attr_hook)
                  00031638    00000044     zb_zdo_ed.a : zboss_r23_zdo_zdo_app.obj (.text.zb_zdo_dev_start_cont)
                  0003167c    00000044     lto69 (.text.zb_zdo_set_channel_cont)
                  000316c0    00000044     lto69 (.text.zdo_validate_nwk_addr_resp)
                  00031704    00000042     lto69 (.text.squeeze)
                  00031746    00000042     zb_zdo_ed.a : zboss_r23_zdo_zdo_rx.obj (.text.zb_zdo_send_status_res)
                  00031788    00000040     drivers_cc23x0r5.a : NVSLPF3.c.obj (.text.NVSLPF3_read)
                  000317c8    00000040     ti_freertos_config.o (.text.SemaphoreP_construct)
                  00031808    00000040     libclang_rt.builtins.a : aeabi_uidivmod.S.obj (.text.__aeabi_uidivmod)
                  00031848    00000040     lto69 (.text.find_binding_whitelist_entry)
                  00031888    00000040     zb_ed_role.a : zboss_r23_mac_mac_associate.obj (.text.mac_association_req_sent)
                  000318c8    00000040     lto69 (.text.schedule_wwah_rejoin_backoff_attempt)
                  00031908    00000040     lto69 (.text.startCSMABackoff)
                  00031948    00000040     lto69 (.text.start_wait_reporting_timer)
                  00031988    00000040     ti_freertos_config.o (.text.vTaskPlaceOnEventListRestricted)
                  000319c8    00000040     ti_freertos_config.o (.text.vTaskStepTick)
                  00031a08    00000040     lto69 (.text.zb_bdb_find_respondent)
                  00031a48    00000040     zb_ed_role.a : zboss_r23_commissioning_bdb_bdb_finding_binding.obj (.text.zb_bdb_finding_binding_initiator_alarm)
                  00031a88    00000040                  : zboss_r23_common_zb_bufpool_mult.obj (.text.zb_buf_cut_left_func)
                  00031ac8    00000040     zb_zdo_ed.a : zboss_r23_zdo_zdo_app_leave.obj (.text.zb_nlme_leave_indication)
                  00031b08    00000040     zb_ed_role.a : zboss_r23_nwk_nwk_join.obj (.text.zb_nlme_rejoin_set_channel)
                  00031b48    00000040     lto69 (.text.zb_nvs_open)
                  00031b88    00000040     zb_cluster_ed.a : zboss_r23_zcl_zcl_main.obj (.text.zb_zcl_map_ret_code_to_zcl_status)
                  00031bc8    00000040     lto69 (.text.zb_zcl_ota_upgrade_request_server)
                  00031c08    00000040     zb_cluster_ed.a : zboss_r23_zcl_zcl_s_wwah.obj (.text.zb_zcl_wwah_periodic_checkin_timeout)
                  00031c48    00000040     zb_zdo_ed.a : zboss_r23_zdo_zdo_disc_cli.obj (.text.zb_zdo_ieee_addr_req)
                  00031c88    00000040                 : zboss_r23_zdo_zdo_poll.obj (.text.zb_zdo_pim_set_fast_poll_timeout)
                  00031cc8    00000040     lto69 (.text.zdo_join_done)
                  00031d08    0000003e     drivers_cc23x0r5.a : PWMTimerLPF3.c.obj (.text.PWMTimerLPF3_stop)
                  00031d46    00000002     --HOLE-- [fill = 0]
                  00031d48    0000003c     lto69 (.text.ADCSetInput)
                  00031d84    0000003c     lto69 (.text.PWMTimerLPF3_getPeriodCounts)
                  00031dc0    0000003c     drivers_cc23x0r5.a : PWMTimerLPF3.c.obj (.text.PWMTimerLPF3_start)
                  00031dfc    0000003c     lto69 (.text.SHA2_finalize)
                  00031e38    0000003c     ti_freertos_config.o (.text.SemaphoreP_pend)
                  00031e74    0000003c     libclang_rt.builtins.a : floatsisf.S.obj (.text.__floatsisf)
                  00031eb0    0000003c     lto69 (.text.aps_start_dups_alarm)
                  00031eec    0000003c     zb_ed_role.a : zboss_r23_commissioning_bdb_zdo_commissioning_bdb.obj (.text.bdb_joined)
                  00031f28    0000003c     lto69 (.text.call_ed_scan_confirm)
                  00031f64    0000003c     lto69 (.text.countLeadingZeros)
                  00031fa0    0000003c     ti_freertos_config.o (.text.eTaskConfirmSleepModeStatus)
                  00031fdc    0000003c     zb_ti_platform_zed_log.a : mac_ti_f3_mac.obj (.text.mac_ti23xx_get_energy_level)
                  00032018    0000003c     lto69 (.text.prvProcessExpiredTimer)
                  00032054    0000003c     lto69 (.text.updateThresholds)
                  00032090    0000003c     zb_ed_role.a : zboss_r23_aps_aps_main.obj (.text.zb_aps_send_command)
                  000320cc    0000003c                  : zboss_r23_common_zb_bufpool_mult.obj (.text.zb_buf_flags_or_func)
                  00032108    0000003c                  : zboss_r23_mac_mac_data.obj (.text.zb_mlme_send_data_req_done)
                  00032144    0000003c                  : zboss_r23_secur_zdo_secur.obj (.text.zb_need_start_device_interview_on_joiner)
                  00032180    0000003c     lto69 (.text.zb_nlme_rejoin_set_page)
                  000321bc    0000003c     lto69 (.text.zb_nwk_mm_sync_assoc_get_coord_addr_conf)
                  000321f8    0000003c     lto69 (.text.zb_nwk_set_or_get_pib_attr)
                  00032234    0000003c     lto69 (.text.zb_panid_conflict_set_panid)
                  00032270    0000003c     zb_ed_role.a : zboss_r23_aps_aps_bind.obj (.text.zb_reinit_aps_binding_dst_table_entry_by_index)
                  000322ac    0000003c                  : zboss_r23_aps_aps_aib.obj (.text.zb_reinit_aps_device_key_pair_storage)
                  000322e8    0000003c                  : zboss_r23_secur_zdo_secur.obj (.text.zb_secur_send_get_auth_token_req)
                  00032324    0000003c     zb_cluster_ed.a : zboss_r23_zcl_zcl_s_wwah.obj (.text.zb_zcl_wwah_periodic_checkin_countdown)
                  00032360    0000003c     libc.a : autoinit.c.obj (.text:__TI_auto_init_nobinit_nopinit)
                  0003239c    0000003a     libclang_rt.builtins.a : muldsi3.S.obj (.text.__muldsi3)
                  000323d6    0000003a     zb_ed_role.a : zboss_r23_common_zb_tlv.obj (.text.zb_tlv_parse_value_supported_key_neg_methods)
                  00032410    00000038     drivers_cc23x0r5.a : AESCommonLPF3.c.obj (.text.AESCommonLPF3_configInputDMA)
                  00032448    00000038                        : AESCommonLPF3.c.obj (.text.AESCommonLPF3_configOutputDMA)
                  00032480    00000038                        : GPIOLPF3.c.obj (.text.GPIO_hwiIntFxn)
                  000324b8    00000038     lto69 (.text.RCL_Scheduler_postEvent)
                  000324f0    00000038     ti_freertos_config.o (.text.SemaphoreP_create)
                  00032528    00000038     drivers_cc23x0r5.a : TemperatureLPF3.c.obj (.text.Temperature_getTemperature)
                  00032560    00000038     libclang_rt.builtins.a : fixsfsi.S.obj (.text.__fixsfsi)
                  00032598    00000038     zb_ed_role.a : zboss_r23_aps_aps_bind.obj (.text.aps_find_src_ref)
                  000325d0    00000038     lto69 (.text.aps_in_frag_is_block_within_window)
                  00032608    00000038     lto69 (.text.aps_in_frag_stop_fail_timer)
                  00032640    00000038     zb_ed_role.a : zboss_r23_secur_bdb_secur.obj (.text.bdb_update_tclk_stop)
                  00032678    00000038     lto69 (.text.ieee_disc_complete)
                  000326b0    00000038     ti_freertos_config.o (.text.malloc)
                  000326e8    00000038     lto69 (.text.prvInsertTimerInActiveList)
                  00032720    00000038     lto69 (.text.zb_aps_buf_retrans_isbusy)
                  00032758    00000038     zb_ed_role.a : zboss_r23_aps_aps_bind.obj (.text.zb_aps_is_in_group)
                  00032790    00000038     zb_zdo_ed.a : zboss_r23_zdo_zb_zboss_api_common.obj (.text.zb_bdb_reset_via_local_action)
                  000327c8    00000038     zb_ed_role.a : zboss_r23_mac_mac_common.obj (.text.zb_mac_calculate_mhr_length)
                  00032800    00000038                  : zboss_r23_mac_mac.obj (.text.zb_mlme_reset_request)
                  00032838    00000038                  : zboss_r23_nwk_nwk_discovery.obj (.text.zb_nwk_blacklist_check)
                  00032870    00000038     ti_f3_led_buttons.o (.text.zb_osif_led_toggle)
                  000328a8    00000038     zb_ed_role.a : zboss_r23_common_zb_tlv.obj (.text.zb_tlv_put_next)
                  000328e0    00000038     lto69 (.text.zb_zcl_call_on_off_attr_device_cb)
                  00032918    00000038     zb_cluster_ed.a : zboss_r23_zcl_zcl_main.obj (.text.zb_zcl_get_cluster_handler)
                  00032950    00000038     lto69 (.text.zb_zcl_wwah_check_if_forced_to_use_tc)
                  00032988    00000038     zb_cluster_ed.a : zboss_r23_zcl_zcl_s_wwah.obj (.text.zb_zcl_wwah_restart_bad_parent_recovery)
[...]
0003b194  TimestampP_nativeFormat32                           
90002ad0  TimestampP_nativeFormat32_copy                      
0003b198  TimestampP_nativeFormat64                           
90002acc  TimestampP_nativeFormat64_copy                      
0003d800  _MCUBOOT_MAX_SLOT_SIZE                              
00004000  _PRIMARY_SLOT_BASE                                  
00041800  _SECONDARY_SLOT_BASE                                
20009000  __STACK_END                                         
00000400  __STACK_SIZE                                        
00000000  __TI_ATRegion0_region_sz                            
00000000  __TI_ATRegion0_src_addr                             
00000000  __TI_ATRegion0_trg_addr                             
00000000  __TI_ATRegion1_region_sz                            
00000000  __TI_ATRegion1_src_addr                             
00000000  __TI_ATRegion1_trg_addr                             
00000000  __TI_ATRegion2_region_sz                            
00000000  __TI_ATRegion2_src_addr                             
00000000  __TI_ATRegion2_trg_addr                             
0003b4c0  __TI_CINIT_Base                                     
0003b4e0  __TI_CINIT_Limit                                    
0003b4e0  __TI_CINIT_Warm                                     
0003b49c  __TI_Handler_Table_Base                             
0003b4a8  __TI_Handler_Table_Limit                            
00032361  __TI_auto_init_nobinit_nopinit                      
20006afc  __TI_cleanup_ptr                                    
0002b55d  __TI_decompress_lzss                                
000363f1  __TI_decompress_none                                
20006b00  __TI_dtors_ptr                                      
ffffffff  __TI_pprof_out_hndl                                 
ffffffff  __TI_prof_data_size                                 
ffffffff  __TI_prof_data_start                                
00004100  __TI_static_base__                                  
00036715  __TI_zero_init                                      
00024bb7  __addsf3                                            
0002f459  __aeabi_errno_addr                                  
00032561  __aeabi_f2iz                                        
00024bb7  __aeabi_fadd                                        
00024bad  __aeabi_fsub                                        
00031e75  __aeabi_i2f                                         
0002e991  __aeabi_idiv                                        
00027b13  __aeabi_idiv0                                       
0002e991  __aeabi_idivmod                                     
000290c3  __aeabi_ldiv0                                       
00034ed5  __aeabi_llsl                                        
00034351  __aeabi_lmul                                        
00036ad9  __aeabi_memclr                                      
00036ad9  __aeabi_memclr4                                     
00036ad9  __aeabi_memclr8                                     
000372cd  __aeabi_memcpy                                      
000372cd  __aeabi_memcpy4                                     
000372cd  __aeabi_memcpy8                                     
00036981  __aeabi_memset                                      
00036981  __aeabi_memset4                                     
00036981  __aeabi_memset8                                     
00031809  __aeabi_uidiv                                       
00031809  __aeabi_uidivmod                                    
00035fad  __aeabi_uldivmod                                    
00034ed5  __ashldi3                                           
ffffffff  __binit__                                           
0002e3b9  __clzsi2                                            
00032561  __fixsfsi                                           
00031e75  __floatsisf                                         
UNDEFED   __mpu_init                                          
00034351  __muldi3                                            
0003239d  __muldsi3                                           
20008c00  __stack                                             
20000000  __start___llvm_prf_bits                             
20000000  __start___llvm_prf_cnts                             
20000000  __stop___llvm_prf_bits                              
20000000  __stop___llvm_prf_cnts                              
00024bad  __subsf3                                            
00027a71  __udivmoddi4                                        
000353e1  _c_int00                                            
UNDEFED   _system_post_cinit                                  
00037a45  abort                                               
000372dd  aligned_alloc                                       
ffffffff  binit                                               
0003064f  calloc                                              
4e020000  ccfg                                                
00031fa1  eTaskConfirmSleepModeStatus                         
00036595  free                                                
00030895  localProgramStart                                   
000326b1  malloc                                              
0002a09d  memalign                                            
000249fd  pthread_create                                      
00030ec5  pthread_exit                                        
000365a5  pthread_self                                        
0002415d  pvPortMalloc                                        
000358c5  pvTaskIncrementMutexHeldCount                       
200072b4  pxCurrentTCB                                        
0002fcc9  realloc                                             
000365b5  resetISR                                            
00004100  resetVectors                                        
0003b189  sysTimerResolutionShift                             
20005004  sysTimerTimeouts                                    
4e020000  ti_utils_build_GenMap_sym_CRC_CCFG_BOOT_CFG_begin   
4e02000b  ti_utils_build_GenMap_sym_CRC_CCFG_BOOT_CFG_end     
4e0207d0  ti_utils_build_GenMap_sym_CRC_CCFG_DEBUG_begin      
4e0207fb  ti_utils_build_GenMap_sym_CRC_CCFG_DEBUG_end        
4e020750  ti_utils_build_GenMap_sym_CRC_CCFG_USER_RECORD_begin
4e0207cb  ti_utils_build_GenMap_sym_CRC_CCFG_USER_RECORD_end  
4e020010  ti_utils_build_GenMap_sym_CRC_CCFG_begin            
4e02074b  ti_utils_build_GenMap_sym_CRC_CCFG_end              
00034843  uxListRemove                                        
0003b1a0  uxTopUsedPriority                                   
0002d56f  vApplicationStackOverflowHook                       
00033627  vListInsert                                         
000358f5  vListInsertEnd                                      
0003134d  vPortFree                                           
00036387  vQueueDelete                                        
0002eddd  vQueueWaitForMessageRestricted                      
000271f9  vTaskDelete                                         
00035109  vTaskPlaceOnEventList                               
00031989  vTaskPlaceOnEventListRestricted                     
0002cbf1  vTaskPriorityDisinheritAfterTimeout                 
00032e95  vTaskSetApplicationTaskTag                          
000286d5  vTaskStartScheduler                                 
000319c9  vTaskStepTick                                       
0002610d  vTaskSuspend                                        
0002a7c5  vTaskSwitchContext                                  
000344c9  xQueueCreateCountingSemaphore                       
00033a9f  xQueueCreateCountingSemaphoreStatic                 
0002e9e7  xQueueGenericCreate                                 
00032ad7  xQueueGenericCreateStatic                           
00026571  xQueueGenericReset                                  
0001fdf5  xQueueGenericSend                                   
0002d811  xQueueGiveFromISR                                   
00021155  xQueueReceive                                       
0002b28d  xQueueReceiveFromISR                                
0001e065  xQueueSemaphoreTake                                 
0002cc59  xTaskCheckForTimeOut                                
0002d871  xTaskCreate                                         
0002f779  xTaskCreateStatic                                   
00032ec9  xTaskGetApplicationTaskTag                          
00023069  xTaskIncrementTick                                  
0002d189  xTaskPriorityDisinherit                             
0002a845  xTaskPriorityInherit                                
000273f9  xTaskRemoveFromEventList                            
00021a5d  xTaskResumeAll                                      
0003096d  xTimerCreateTimerTask                               


GLOBAL SYMBOLS: SORTED BY Symbol Address 

address   name                                                
-------   ----                                                
00000000  __TI_ATRegion0_region_sz                            
00000000  __TI_ATRegion0_src_addr                             
00000000  __TI_ATRegion0_trg_addr                             
00000000  __TI_ATRegion1_region_sz                            
00000000  __TI_ATRegion1_src_addr                             
00000000  __TI_ATRegion1_trg_addr                             
00000000  __TI_ATRegion2_region_sz                            
00000000  __TI_ATRegion2_src_addr                             
00000000  __TI_ATRegion2_trg_addr                             
00000400  __STACK_SIZE                                        
00004000  _PRIMARY_SLOT_BASE                                  
00004100  __TI_static_base__                                  
00004100  resetVectors                                        
00018cfd  PowerCC23X0_standbyPolicy                           
0001e065  xQueueSemaphoreTake                                 
0001fdf5  xQueueGenericSend                                   
00021155  xQueueReceive                                       
00021a5d  xTaskResumeAll                                      
00023069  xTaskIncrementTick                                  
0002415d  pvPortMalloc                                        
000249fd  pthread_create                                      
00024bad  __aeabi_fsub                                        
00024bad  __subsf3                                            
00024bb7  __addsf3                                            
00024bb7  __aeabi_fadd                                        
0002610d  vTaskSuspend                                        
00026571  xQueueGenericReset                                  
000271f9  vTaskDelete                                         
000273f9  xTaskRemoveFromEventList                            
00027a71  __udivmoddi4                                        
00027b13  __aeabi_idiv0                                       
000286d5  vTaskStartScheduler                                 
00029031  AESProcessAlignedBlocksCMAC                         
00029041  AESProcessAlignedBlocksCTR                          
00029059  AESProcessAlignedBlocksECB                          
000290a1  AESCopyBlock                                        
000290c3  __aeabi_ldiv0                                       
00029ad1  ClockP_startup                                      
0002a09d  memalign                                            
0002a7c5  vTaskSwitchContext                                  
0002a845  xTaskPriorityInherit                                
0002b19d  HwiP_construct                                      
0002b28d  xQueueReceiveFromISR                                
0002b55d  __TI_decompress_lzss                                
0002bc31  ClockP_start                                        
0002c4e9  ClockP_stop                                         
0002cbf1  vTaskPriorityDisinheritAfterTimeout                 
0002cc59  xTaskCheckForTimeOut                                
0002d189  xTaskPriorityDisinherit                             
0002d56f  vApplicationStackOverflowHook                       
0002d811  xQueueGiveFromISR                                   
0002d871  xTaskCreate                                         
0002dc9d  ClockP_walkQueueDynamic                             
0002e3b9  __clzsi2                                            
0002e991  __aeabi_idiv                                        
0002e991  __aeabi_idivmod                                     
0002e9e7  xQueueGenericCreate                                 
0002eddd  vQueueWaitForMessageRestricted                      
0002f459  __aeabi_errno_addr                                  
0002f779  xTaskCreateStatic                                   
0002fcc9  realloc                                             
0003064f  calloc                                              
0003072d  ClockP_construct                                    
00030895  localProgramStart                                   
0003096d  xTimerCreateTimerTask                               
00030ec5  pthread_exit                                        
0003134d  vPortFree                                           
000317c9  SemaphoreP_construct                                
00031809  __aeabi_uidiv                                       
00031809  __aeabi_uidivmod                                    
00031989  vTaskPlaceOnEventListRestricted                     
000319c9  vTaskStepTick                                       
00031e39  SemaphoreP_pend                                     
00031e75  __aeabi_i2f                                         
00031e75  __floatsisf                                         
00031fa1  eTaskConfirmSleepModeStatus                         
00032361  __TI_auto_init_nobinit_nopinit                      
0003239d  __muldsi3                                           
000324f1  SemaphoreP_create                                   
00032561  __aeabi_f2iz                                        
00032561  __fixsfsi                                           
000326b1  malloc                                              
00032ad7  xQueueGenericCreateStatic                           
00032c19  HwiP_disable                                        
00032e95  vTaskSetApplicationTaskTag                          
00032ec9  xTaskGetApplicationTaskTag                          
00033239  HwiP_dispatch                                       
00033627  vListInsert                                         
00033a9f  xQueueCreateCountingSemaphoreStatic                 
00033b45  ClockP_usleep                                       
00033b6d  HwiP_restore                                        
00034351  __aeabi_lmul                                        
00034351  __muldi3                                            
000344c9  xQueueCreateCountingSemaphore                       
00034799  SemaphoreP_constructBinary                          
00034843  uxListRemove                                        
0003494d  HwiP_destruct                                       
00034a2d  SemaphoreP_post                                     
00034eb7  SemaphoreP_createBinary                             
00034ed5  __aeabi_llsl                                        
00034ed5  __ashldi3                                           
00034f81  PTLS_taskDeleteHook                                 
00035109  vTaskPlaceOnEventList                               
000353e1  _c_int00                                            
000358c5  pvTaskIncrementMutexHeldCount                       
000358f5  vListInsertEnd                                      
00035a8d  HwiP_setPriority                                    
00035d2d  ClockP_destruct                                     
00035fad  __aeabi_uldivmod                                    
00036387  vQueueDelete                                        
000363df  TI_memcpy_small                                     
000363f1  __TI_decompress_none                                
00036425  ClockP_setFunc                                      
00036445  HwiP_setFunc                                        
00036595  free                                                
000365a5  pthread_self                                        
000365b5  resetISR                                            
00036715  __TI_zero_init                                      
00036981  __aeabi_memset                                      
00036981  __aeabi_memset4                                     
00036981  __aeabi_memset8                                     
000369b9  TI_memset_small                                     
00036ad9  __aeabi_memclr                                      
00036ad9  __aeabi_memclr4                                     
00036ad9  __aeabi_memclr8                                     
000372cd  __aeabi_memcpy                                      
000372cd  __aeabi_memcpy4                                     
000372cd  __aeabi_memcpy8                                     
000372dd  aligned_alloc                                       
0003755d  Exception_handlerSpin                               
00037a44  C$$EXIT                                             
00037a45  abort                                               
0003b189  sysTimerResolutionShift                             
0003b194  TimestampP_nativeFormat32                           
0003b198  TimestampP_nativeFormat64                           
0003b1a0  uxTopUsedPriority                                   
0003b49c  __TI_Handler_Table_Base                             
0003b4a8  __TI_Handler_Table_Limit                            
0003b4c0  __TI_CINIT_Base                                     
0003b4e0  __TI_CINIT_Limit                                    
0003b4e0  __TI_CINIT_Warm                                     
0003d800  _MCUBOOT_MAX_SLOT_SIZE                              
00041800  _SECONDARY_SLOT_BASE                                
20000000  __start___llvm_prf_bits                             
20000000  __start___llvm_prf_cnts                             
20000000  __stop___llvm_prf_bits                              
20000000  __stop___llvm_prf_cnts                              
20005004  sysTimerTimeouts                                    
20006afc  __TI_cleanup_ptr                                    
20006b00  __TI_dtors_ptr                                      
20006bf4  HwiP_swiPIntNum                                     
200072b4  pxCurrentTCB                                        
20008c00  __stack                                             
20009000  __STACK_END                                         
4e020000  ccfg                                                
4e020000  ti_utils_build_GenMap_sym_CRC_CCFG_BOOT_CFG_begin   
4e02000b  ti_utils_build_GenMap_sym_CRC_CCFG_BOOT_CFG_end     
4e020010  ti_utils_build_GenMap_sym_CRC_CCFG_begin            
4e02074b  ti_utils_build_GenMap_sym_CRC_CCFG_end              
4e020750  ti_utils_build_GenMap_sym_CRC_CCFG_USER_RECORD_begin
4e0207cb  ti_utils_build_GenMap_sym_CRC_CCFG_USER_RECORD_end  
4e0207d0  ti_utils_build_GenMap_sym_CRC_CCFG_DEBUG_begin      
4e0207fb  ti_utils_build_GenMap_sym_CRC_CCFG_DEBUG_end        
90002acc  TimestampP_nativeFormat64_copy                      
90002ad0  TimestampP_nativeFormat32_copy                      
ffffffff  __TI_pprof_out_hndl                                 
ffffffff  __TI_prof_data_size                                 
ffffffff  __TI_prof_data_start                                
ffffffff  __binit__                                           
ffffffff  binit                                               
UNDEFED   RCL_Debug_assertProxy                               
UNDEFED   RCL_Profiling_eventHook                             
UNDEFED   __mpu_init                                          
UNDEFED   _system_post_cinit                                  

[174 symbols]
