******************************************************************************
            TI ARM Clang Linker PC v3.2.2                      
******************************************************************************
>> Linked Fri Aug  1 19:39:08 2025

OUTPUT FILE NAME:   <onoff_switch_ota_client_onchip_LP_EM_CC2340R5_freertos_ticlang.out>
ENTRY POINT SYMBOL: "resetISR"  address: 00034e51


MEMORY CONFIGURATION

         name            origin    length      used     unused   attr    fill
----------------------  --------  ---------  --------  --------  ----  --------
  FLASH                 00004100   0003c700  000359fc  00006d04  R  X
  NVRAM                 0007f000   00001000  00001000  00000000  R  X
  SRAM                  20000000   00009000  00007147  00001eb9  RW X
  S2RRAM                40098000   00001000  00000000  00001000  RW  
  CCFG                  4e020000   00000800  00000800  00000000  R   
  LOG_DATA              90000000   00040000  00000000  00040000  R   
  LOG_PTR               94000008   00040000  00000000  00040000  R   


SEGMENT ALLOCATION MAP

run origin  load origin   length   init length attrs members
----------  ----------- ---------- ----------- ----- -------
00004100    00004100    00035a00   00035a00    r-x
  00004100    00004100    0000008c   0000008c    r-- .resetVecs
  00004190    00004190    0003206c   0003206c    r-x .text
  000361fc    000361fc    0000364c   0000364c    r-- .rodata
  00039848    00039848    000002b8   000002b8    r-- .cinit
0007f000    0007f000    00001000   00000000    rw-
  0007f000    0007f000    00001000   00000000    rw- .TI.bound:flashBuf0
20000440    20000440    00000020   00000000    rw-
  20000440    20000440    00000010   00000000    rw- .TI.bound:dmaChannel4ControlTableEntry
  20000450    20000450    00000010   00000000    rw- .TI.bound:dmaChannel5ControlTableEntry
20000460    20000460    00006c9f   00000000    rw-
  20000460    20000460    00004b24   00000000    rw- .bss
  20004f88    20004f88    00002177   00000000    rw- .data
20008c00    20008c00    00000400   00000000    rw-
  20008c00    20008c00    00000400   00000000    rw- .stack
4e020000    4e020000    00000800   00000800    r--
  4e020000    4e020000    00000800   00000800    r-- .ccfg


SECTION ALLOCATION MAP

 output                                  attributes/
section   page    origin      length       input sections
--------  ----  ----------  ----------   ----------------
.resetVecs 
*          0    00004100    0000008c     
                  00004100    0000008c     ti_freertos_config.o (.resetVecs)

.binit     0    00004100    00000000     

.text      0    00004190    0003206c     
                  00004190    00002e2c     zb_zdo_ed.a : zboss_r23_zdo_zdo_rx.obj (.text.zb_zdo_data_indication)
                  00006fbc    00001ba0     zb_ed_role.a : zboss_r23_common_zb_nvram.obj (.text.zb_nvram_load)
                  00008b5c    000012a4     ti_f3_main.o (.text.main_task_function)
                  00009e00    000012a0     rcl_cc23x0r5.a : ieee.c.obj (.text.RCL_Handler_Ieee_RxTx)
                  0000b0a0    0000102c     zb_ed_role.a : zboss_r23_aps_aps_main.obj (.text.zb_nlde_data_indication_continue)
                  0000c0cc    00000e2c     lto46 (.text.write_dataset_body_by_type)
                  0000cef8    00000d9c     lto46 (.text.zb_zcl_process_ota_upgrade_specific_commands_cli)
                  0000dc94    00000a58     lto46 (.text.ep_process_zcl_cmd)
                  0000e6ec    000008f8     zb_ed_role.a : zboss_r23_mac_mac.obj (.text.zb_mac_logic_iteration)
                  0000efe4    00000880                  : zboss_r23_nwk_nwk_discovery.obj (.text.zb_mlme_beacon_notify_indication)
                  0000f864    00000828                  : zboss_r23_nwk_nwk_main.obj (.text.zb_mcps_data_indication_process_nwk)
                  0001008c    000006c4     zb_cluster_ed.a : zboss_r23_zcl_zcl_scenes.obj (.text.zb_zcl_process_scenes_specific_commands_cli)
                  00010750    000006bc     lto46 (.text.zb_apsde_data_request_main)
                  00010e0c    000005e0     zb_cluster_ed.a : zboss_r23_zcl_zcl_on_off_commands.obj (.text.zb_zcl_process_on_off_specific_commands_cli)
                  000113ec    00000524     lto46 (.text.zb_sw_crypto_scalarmult)
                  00011910    000004d8     rcl_cc23x0r5.a : LRFCC23X0.c.obj (.text.LRF_setupRadio)
                  00011de8    000004c8     lto46 (.text.done_with_frag_tx_ack)
                  000122b0    00000484     zb_ti_platform_zed_log.a : mac_ti_f3_mac.obj (.text.rfCallback)
                  00012734    0000047c     on_off_switch_ota_client.o (.text.device_interface_cb)
                  00012bb0    0000043c     zb_zdo_ed.a : zboss_r23_zdo_af_rx.obj (.text.zb_apsde_data_acknowledged)
                  00012fec    0000040c     zb_cluster_ed.a : zboss_r23_zcl_zcl_reporting.obj (.text.zb_zcl_report_attr)
                  000133f8    000003d0     on_off_switch_ota_client.o (.text.zboss_signal_handler)
                  000137c8    000003cc     lto46 (.text.zb_zcl_read_attr_handler_continue)
                  00013b94    000003c8     zb_ed_role.a : zboss_r23_nwk_nwk_join.obj (.text.zb_nlme_rejoin_response)
                  00013f5c    000003b8                  : zboss_r23_nwk_nwk_discovery.obj (.text.zb_mlme_scan_confirm)
                  00014314    000003b0     lto46 (.text.zb_zdo_common_response_handler)
                  000146c4    0000036c     zb_ed_role.a : zboss_r23_secur_zdo_secur.obj (.text.zb_apsme_transport_key_indication)
                  00014a30    00000368     zb_cluster_ed.a : zboss_r23_zcl_zcl_general_commands.obj (.text.zb_zcl_write_attr_handler)
                  00014d98    00000344     on_off_switch_ota_client.o (.text.my_main_loop)
                  000150dc    00000344     zb_ed_role.a : zboss_r23_aps_aps_main.obj (.text.zb_apsde_data_request)
                  00015420    0000032c                  : zboss_r23_secur_aps_secur.obj (.text.zb_aps_unsecure_frame)
                  0001574c    00000320                  : zboss_r23_nwk_nwk_main.obj (.text.nwk_frame_indication)
                  00015a6c    00000310     lto46 (.text.LRF_temperatureCompensateTrim)
                  00015d7c    00000304     zb_ed_role.a : zboss_r23_aps_aps_main.obj (.text.zb_nlde_data_confirm)
                  00016080    000002fc     zb_zdo_ed.a : zboss_r23_zdo_zdo_bind_manage.obj (.text.zb_zdo_bind_unbind_res)
                  0001637c    000002e0     lto46 (.text.bdb_rejoin_machine)
                  0001665c    000002d0     zb_ed_role.a : zboss_r23_common_zb_scheduler.obj (.text.zb_schedule_alarm)
                  0001692c    000002c8                  : zboss_r23_aps_aps_bind.obj (.text.zb_apsme_bind_request)
                  00016bf4    000002c4     drivers_cc23x0r5.a : AESCMACLPF3.c.obj (.text.AESCMAC_oneStepSign)
                  00016eb8    000002c0     rcl_cc23x0r5.a : LRFCC23X0.c.obj (.text.LRF_programFrequency)
                  00017178    000002ac     zb_ed_role.a : zboss_r23_nwk_nwk_main.obj (.text.zb_nwk_handle_mcps_data_confirm)
                  00017424    0000029c     lto46 (.text.bdb_network_steering_machine)
                  000176c0    00000298     lto46 (.text.rclCommandHwi)
                  00017958    00000294     ti_f3_main.o (.text.main)
                  00017bec    00000290     lto46 (.text.zb_zcl_finish_and_send_packet_common)
                  00017e7c    0000027c     lto46 (.text.bdb_handle_comm_signal)
                  000180f8    00000278     ti_freertos_config.o (.text.PowerCC23X0_standbyPolicy)
                  00018370    00000274     zb_ed_role.a : zboss_r23_mac_mac_scan.obj (.text.zb_mlme_scan_step)
                  000185e4    0000026c                  : zboss_r23_secur_aps_secur.obj (.text.zb_aps_secure_frame)
                  00018850    00000268     lto46 (.text.process_binding_for_respondent)
                  00018ab8    00000268     lto46 (.text.sendTx)
                  00018d20    0000025c     zb_zdo_ed.a : zboss_r23_zdo_zdo_app_join.obj (.text.zb_nlme_network_discovery_confirm)
                  00018f7c    0000025c     zb_cluster_ed.a : zboss_r23_zcl_zcl_reporting.obj (.text.zb_zcl_mark_attr_for_reporting_manuf)
                  000191d8    0000024c     rcl_cc23x0r5.a : adc_noise.c.obj (.text.RCL_Handler_ADC_Noise_getNoise)
                  00019424    00000248     lto46 (.text.zb_nvram_get_length_dataset)
                  0001966c    00000248     lto46 (.text.zcl_write_attr_post_process)
                  000198b4    00000244     zb_ed_role.a : zboss_r23_common_zb_address.obj (.text.zb_address_update)
                  00019af8    00000240     lto46 (.text.rclSchedulerHwi)
                  00019d38    00000240     zb_ed_role.a : zboss_r23_aps_aps_main.obj (.text.zb_nlde_data_indication)
                  00019f78    00000230                  : zboss_r23_mac_mac.obj (.text.zb_mac_send_frame)
                  0001a1a8    0000022c     lto46 (.text.aps_ack_send_handle)
                  0001a3d4    0000022c     zb_ed_role.a : zboss_r23_nwk_nwk_join.obj (.text.zb_mlme_associate_confirm)
                  0001a600    00000224                  : zboss_r23_nwk_nwk_main.obj (.text.zb_nwk_forward)
                  0001a824    00000218                  : zboss_r23_commissioning_bdb_zdo_commissioning_bdb.obj (.text.bdb_commissioning_machine)
                  0001aa3c    00000218                  : zboss_r23_mac_mac_pib.obj (.text.zb_mlme_set_request_sync)
                  0001ac54    00000210                  : zboss_r23_mac_mac_pib.obj (.text.zb_mlme_get_request)
                  0001ae64    0000020c                  : zboss_r23_aps_aps_main.obj (.text.zb_aps_ack_timer_cb)
                  0001b070    000001f8     lto46 (.text.find_datasets_on_page)
                  0001b268    000001f8     zb_ed_role.a : zboss_r23_nwk_nwk_join.obj (.text.zb_nlme_join_request)
                  0001b460    000001f4     lto46 (.text.zb_aps_unsecure_frame_bykey)
                  0001b654    000001f0     zb_cluster_ed.a : zboss_r23_zcl_zcl_common.obj (.text.zb_zcl_get_attribute_size)
                  0001b844    000001ec     lto46 (.text.zb_aps_out_frag_schedule_send_next_block)
                  0001ba30    000001e8     zb_zdo_ed.a : zboss_r23_zdo_zdo_wwah_survey_beacons.obj (.text.zb_nlme_beacon_survey_scan_confirm)
                  0001bc18    000001e0     lto46 (.text.zb_zcl_put_attribute_value)
                  0001bdf8    000001e0     lto46 (.text.zb_zcl_scenes_process_add_scene_command)
                  0001bfd8    000001dc     zb_ed_role.a : zboss_r23_nwk_nwk_main.obj (.text.zb_nwk_do_leave)
                  0001c1b4    000001d8     lto46 (.text.addr_add)
                  0001c38c    000001d4     zb_ti_platform_zed_log.a : osif_ti_f3_crypto.obj (.text.hw_aes128)
                  0001c560    000001d4     lto46 (.text.nwk_choose_parent)
                  0001c734    000001d4     lto46 (.text.zb_aps_send_command_main)
                  0001c908    000001d0     lto46 (.text.zb_zcl_disc_attr_handler)
                  0001cad8    000001cc     drivers_cc23x0r5.a : AESCTRLPF3.c.obj (.text.AESCTR_oneStepEncrypt)
                  0001cca4    00000010     lto46 (.tramp.OUTLINED_FUNCTION_441.1)
                  0001ccb4    000001c8     zb_ed_role.a : zboss_r23_secur_zdo_secur.obj (.text.zb_secur_update_key_pair_ex)
                  0001ce7c    000001c0     lto46 (.text.nwk_association_join)
                  0001d03c    000001a8     zb_ed_role.a : zboss_r23_nwk_nwk_disc_table.obj (.text.zb_nwk_neighbor_ext_to_base)
                  0001d1e4    000001a8     zb_cluster_ed.a : zboss_r23_zcl_zcl_common.obj (.text.zb_zcl_process_device_command)
                  0001d38c    000001a4     lto46 (.text.resend_buffer)
                  0001d530    000001a4     zb_cluster_ed.a : zboss_r23_zcl_zcl_identify_commands.obj (.text.zb_zcl_process_identify_specific_commands)
                  0001d6d4    000001a0     lto46 (.text.done_with_this_ack)
                  0001d874    00000194     lto46 (.text.migrate_curr_page_to_new_version)
                  0001da08    00000190     zb_cluster_ed.a : zboss_r23_zcl_zcl_general_commands.obj (.text.zb_zcl_discover_commands_res)
                  0001db98    0000018c     ti_freertos_config.o (.text.xQueueSemaphoreTake)
                  0001dd24    00000188     zb_ed_role.a : zboss_r23_nwk_nwk_nlme.obj (.text.zb_nwk_load_pib_stm)
                  0001deac    00000188                  : zboss_r23_secur_zdo_secur.obj (.text.zb_zdo_secur_ecdhe_start)
                  0001e034    00000184                  : zboss_r23_aps_aps_main.obj (.text.zb_aps_hdr_parse)
                  0001e1b8    0000017c     lto46 (.text.mlme_get_mac_diag_info)
                  0001e334    0000017c     zb_ed_role.a : zboss_r23_mac_mac_scan.obj (.text.zb_mac_send_enhanced_beacon_request_command)
                  0001e4b0    0000017c                  : zboss_r23_mac_mac_data.obj (.text.zb_mcps_data_request)
                  0001e62c    00000178     lto46 (.text.zdo_send_req)
                  0001e7a4    00000174     zb_ti_platform_zed_log.a : mac_ti_f3_mac.obj (.text.mac_ti23xx_radio_init)
                  0001e918    00000170     zb_ed_role.a : zboss_r23_mac_mac_scan.obj (.text.zb_mlme_scan_request)
                  0001ea88    0000016c     lto46 (.text.prvTimerTask)
                  0001ebf4    00000160     zb_zdo_ed.a : zboss_r23_zdo_zdo_poll.obj (.text.zb_nlme_sync_confirm)
                  0001ed54    0000015c     lto46 (.text.nwk_alloc_and_fill_hdr_int)
                  0001eeb0    0000015c     lto46 (.text.rclSchedulerProcessCmdStartStopTime)
                  0001f00c    0000015c     lto46 (.text.zb_zcl_scenes_process_view_scene_command)
                  0001f168    00000158     zb_cluster_ed.a : zboss_r23_zcl_zcl_alarms_commands.obj (.text.zb_zcl_process_alarms_specific_commands_srv)
                  0001f2c0    00000150     lto46 (.text.zb_nvram_migrate_current_page)
                  0001f410    00000150     zb_ed_role.a : zboss_r23_secur_nwk_secur.obj (.text.zb_nwk_secure_frame)
                  0001f560    0000014c                  : zboss_r23_aps_aps_main.obj (.text.zb_aps_clear_after_leave)
                  0001f6ac    0000014c                  : zboss_r23_commissioning_bdb_bdb_finding_binding.obj (.text.zb_bdb_process_identify_query_res)
                  0001f7f8    00000148     lto46 (.text.rclStop)
                  0001f940    00000148     ti_freertos_config.o (.text.xQueueGenericSend)
                  0001fa88    00000144     lto46 (.text.RNGLPF3RF_generateEntropy)
                  0001fbcc    0000013c     lto46 (.text.process_ed_timeout_resp)
                  0001fd08    0000013c     zb_ed_role.a : zboss_r23_mac_mac.obj (.text.zb_mac_change_channel)
                  0001fe44    00000138     drivers_cc23x0r5.a : NVSLPF3.c.obj (.text.NVSLPF3_write)
                  0001ff7c    00000138     zb_ed_role.a : zboss_r23_secur_secur_ccm.obj (.text.zb_ccm_auth_trans)
                  000200b4    00000138     zb_zdo_ed.a : zboss_r23_zdo_zdo_disc_cli.obj (.text.zb_zdo_initiate_nwk_addr_req_2param)
                  000201ec    00000138     lto46 (.text.zb_zdo_node_desc_req_2param_cb)
                  00020324    00000130     lto46 (.text.bdb_initialization_machine)
                  00020454    00000130     lto46 (.text.prvAddNewTaskToReadyList)
                  00020584    0000012c     zb_cluster_ed.a : zboss_r23_zcl_zcl_s_wwah.obj (.text.zb_zcl_wwah_periodic_checkin_tc_poll)
                  000206b0    00000128     zb_zdo_ed.a : zboss_r23_zdo_zdo_app_leave.obj (.text.zb_nlme_leave_confirm)
                  000207d8    00000128     zb_ed_role.a : zboss_r23_common_zb_scheduler.obj (.text.zb_schedule_alarm_cancel)
                  00020900    00000128     zb_zdo_ed.a : zboss_r23_zdo_zdo_commissioning.obj (.text.zdo_commissioning_join_via_scanlist)
                  00020a28    00000124     rcl_cc23x0r5.a : RCL.c.obj (.text.RCL_init)
                  00020b4c    00000124     ti_freertos_config.o (.text.xQueueReceive)
                  00020c70    00000124     zb_zdo_ed.a : zboss_r23_zdo_zdo_commissioning.obj (.text.zdo_commissioning_leave_done)
                  00020d94    00000124                 : zboss_r23_zdo_zdo_diagnostics.obj (.text.zdo_diagnostics_inc)
                  00020eb8    00000124     lto46 (.text.zdo_ed_scan_completed_by_update_request)
                  00020fdc    00000120     zb_ed_role.a : zboss_r23_aps_aps_main.obj (.text.aps_data_hdr_fill_datareq)
                  000210fc    00000120                  : zboss_r23_commissioning_bdb_bdb_finding_binding.obj (.text.zb_bdb_active_eps_check_cb)
                  0002121c    0000011c     lto46 (.text.allocate_buffer_unsafe)
                  00021338    0000011c     lto46 (.text.check_in_handle_check_binding_confirm)
                  00021454    0000011c     ti_freertos_config.o (.text.xTaskResumeAll)
                  00021570    0000011c     zb_zdo_ed.a : zboss_r23_zdo_af_rx.obj (.text.zb_apsde_data_indication)
                  0002168c    0000011c     zb_ed_role.a : zboss_r23_nwk_nwk_nlme.obj (.text.zb_nlme_leave_request)
                  000217a8    00000118                  : zboss_r23_commissioning_bdb_zdo_commissioning_bdb.obj (.text.bdb_initialization_procedure)
                  000218c0    00000118     lto46 (.text.zb_zcl_ota_server_discovery_callback)
                  000219d8    00000118     zb_ed_role.a : zboss_r23_secur_zdo_secur.obj (.text.zb_zdo_secur_send_challenge_req)
                  00021af0    00000114     lto46 (.text.AESCTRDRBG_reseed)
                  00021c04    00000114     zb_zdo_ed.a : zboss_r23_zdo_zdo_app_join.obj (.text.zdo_authenticated_send_device_annce)
                  00021d18    00000110                 : zboss_r23_zdo_zdo_disc_cli.obj (.text.zb_zdo_init_node_desc_req_2param)
                  00021e28    0000010c                 : zboss_r23_zdo_zdo_app.obj (.text.zb_apsde_data_confirm)
                  00021f34    0000010c     lto46 (.text.zdo_mgmt_leave_local)
                  00022040    00000108     ti_freertos_config.o (.text.xTaskIncrementTick)
                  00022148    00000108     zb_ed_role.a : zboss_r23_secur_aps_secur.obj (.text.zb_aps_secure_frame_by_key)
                  00022250    00000108                  : zboss_r23_mac_mac_data.obj (.text.zb_handle_mcps_data_req)
                  00022358    00000108                  : zboss_r23_mac_mac.obj (.text.zb_mlme_handle_in_command)
                  00022460    00000108     zb_cluster_ed.a : zboss_r23_zcl_zcl_ota_upgrade_commands.obj (.text.zcl_ota_abort)
                  00022568    00000106     lto46 (.text.encrypt_trans)
                  0002266e    00000002     libclang_rt.builtins.a : aeabi_div0.c.obj (.text.__aeabi_idiv0)
                  00022670    00000100     zb_zdo_ed.a : zboss_r23_zdo_zdo_app.obj (.text.zb_aps_command_confirm)
                  00022770    00000100     zb_ed_role.a : zboss_r23_commissioning_bdb_bdb_finding_binding.obj (.text.zb_bdb_process_ext_addr_resp)
                  00022870    000000fc     lto46 (.text.aps_in_frag_do_merge_blocks)
                  0002296c    000000fc     zb_ti_platform_zed_log.a : osif_ti_f3_nvram.obj (.text.zb_osif_nvram_erase_async)
                  00022a68    000000fc     zb_cluster_ed.a : zboss_r23_zcl_zcl_reporting.obj (.text.zb_zcl_reporting_timer_handler)
                  00022b64    000000f8     zb_ed_role.a : zboss_r23_common_zb_nvram.obj (.text.zb_nvram_write_end)
                  00022c5c    000000f8     lto46 (.text.zb_zcl_on_off_timer_handler)
                  00022d54    000000f8     lto46 (.text.zb_zcl_ota_upgrade_send_block_request)
                  00022e4c    000000f4     zb_ed_role.a : zboss_r23_aps_aps_main.obj (.text.zb_apsde_data_request_relay)
                  00022f40    000000f4     lto46 (.text.zb_apsme_unbind_all)
                  00023034    000000f0     lto46 (.text.rclDispatchHwi)
                  00023124    000000f0     zb_ed_role.a : zboss_r23_aps_aps_bind.obj (.text.zb_apsme_unbind_by_ref)
                  00023214    000000f0     lto46 (.text.zdo_diagnostics_get_mac_stats_cb)
                  00023304    000000ec     lto46 (.text.bdb_restore_saved_rr)
                  000233f0    000000ec     lto46 (.text.zb_nvram_dataset_data_is_valid)
                  000234dc    000000ec     lto46 (.text.zb_zcl_conform_singleton)
                  000235c8    000000e8     zb_cluster_ed.a : zboss_r23_zcl_zcl_common.obj (.text.zb_zcl_check_attribute_writable)
                  000236b0    000000e8     lto46 (.text.zb_zcl_send_command_short_schedule)
                  00023798    000000e4     zb_ed_role.a : zboss_r23_common_zb_address.obj (.text.zb_address_set_pan_id)
                  0002387c    000000e4                  : zboss_r23_nwk_nwk_main.obj (.text.zb_nlde_data_request)
                  00023960    000000e0     ti_freertos_config.o (.text.pvPortMalloc)
                  00023a40    000000e0     zb_ed_role.a : zboss_r23_secur_apsme_secur.obj (.text.zb_apsme_verify_key_req)
                  00023b20    000000e0                  : zboss_r23_secur_zdo_secur.obj (.text.zb_zdo_sec_st_key_neg_req_send)
                  00023c00    000000e0     lto46 (.text.zdo_initiate_rejoin_cont)
                  00023ce0    000000dc     lto46 (.text.bdb_key_exchg_node_desc_callback)
                  00023dbc    000000dc     lto46 (.text.zb_nvram_read_aps_counters)
                  00023e98    000000dc     zb_cluster_ed.a : zboss_r23_zcl_zcl_s_wwah.obj (.text.zb_zcl_wwah_send_survey_beacons_response)
                  00023f74    000000d8     zb_ti_platform_zed_log.a : mac_ti_f3_mac.obj (.text.mac_ti23xx_trans_set_rx_on_off)
                  0002404c    000000d8     lto46 (.text.nvram_read_aps_keypair)
                  00024124    000000d8     ti_freertos_config.o (.text.pthread_create)
                  000241fc    000000d8     zb_ed_role.a : zboss_r23_nwk_nwk_nlme.obj (.text.zb_nlme_sync_request)
                  000242d4    000000d4                  : zboss_r23_commissioning_bdb_zdo_commissioning_bdb.obj (.text.bdb_force_link)
                  000243a8    000000d4                  : zboss_r23_aps_aps_main.obj (.text.zb_aps_add_max_trans_size)
                  0002447c    000000d4                  : zboss_r23_aps_aps_main.obj (.text.zb_aps_pass_group_msg_up)
                  00024550    000000d4     zb_cluster_ed.a : zboss_r23_zcl_zcl_s_wwah.obj (.text.zb_zcl_wwah_periodic_checkin_match_desc_req)
                  00024624    000000d0     zb_ed_role.a : zboss_r23_nwk_nwk_main.obj (.text.mcps_indication_process_in)
                  000246f4    000000d0                  : zboss_r23_secur_apsme_secur.obj (.text.zb_aps_in_relay)
                  000247c4    000000d0     lto46 (.text.zb_check_frag_queue_cleanup_and_send_fail_confirm)
                  00024894    000000d0     zb_ed_role.a : zboss_r23_nwk_nwk_join.obj (.text.zb_nlme_rejoin_scan_confirm)
                  00024964    000000d0     zb_ti_platform_zed_log.a : osif_ti_f3_crypto.obj (.text.zb_osif_random_hw)
                  00024a34    000000d0     zb_zdo_ed.a : zboss_r23_zdo_zdo_commissioning.obj (.text.zdo_commissioning_dev_annce_sent)
                  00024b04    000000cc     zb_ed_role.a : zboss_r23_mac_mac.obj (.text.zb_handle_mlme_poll_request)
                  00024bd0    000000cc     lto46 (.text.zb_zdo_pim_turbo_poll_adaptation)
                  00024c9c    000000c8     lto46 (.text.zb_nlme_nwk_commis_req_send_pkt)
                  00024d64    000000c8     zb_ed_role.a : zboss_r23_mac_mac_common.obj (.text.zb_parse_mhr_ptr)
                  00024e2c    000000c4                  : zboss_r23_nwk_nwk_main.obj (.text.zb_nwk_forget_device)
                  00024ef0    000000c4     zb_zdo_ed.a : zboss_r23_zdo_zdo_common.obj (.text.zdo_send_req_by_short)
                  00024fb4    000000c0                 : zboss_r23_zdo_af_descriptor.obj (.text.zb_set_default_ed_descriptor_values)
                  00025074    000000c0     lto46 (.text.zb_zcl_adjust_reporting_timer)
                  00025134    000000c0     zb_cluster_ed.a : zboss_r23_zcl_zcl_reporting.obj (.text.zb_zcl_find_reporting_info_manuf)
                  000251f4    000000c0     zb_zdo_ed.a : zboss_r23_zdo_zdo_disc_cli.obj (.text.zb_zdo_match_desc_req)
                  000252b4    000000bc     rcl_cc23x0r5.a : RCL_Scheduler.c.obj (.text.RCL_Scheduler_setStopTimes)
                  00025370    000000bc     zb_ed_role.a : zboss_r23_mac_mac_associate.obj (.text.mac_call_associate_confirm_fail)
                  0002542c    000000bc     ti_freertos_config.o (.text.vTaskSuspend)
                  000254e8    000000bc     ti_freertos_config.o (.text.xQueueGenericReset)
                  000255a4    000000bc     zb_ed_role.a : zboss_r23_common_zb_address.obj (.text.zb_add_short_addr_sorted)
                  00025660    000000bc                  : zboss_r23_common_zb_bufpool_mult.obj (.text.zb_buf_copy_func)
                  0002571c    000000bc     zb_cluster_ed.a : zboss_r23_zcl_zcl_common.obj (.text.zb_zcl_get_next_target_endpoint)
                  000257d8    000000bc     lto46 (.text.zdo_nwk_update_req_process_channel_ed_scan)
                  00025894    000000b8     lto46 (.text.PowerCC23X0_oscillatorISR)
                  0002594c    000000b8     zb_ed_role.a : zboss_r23_commissioning_bdb_bdb_finding_binding.obj (.text.zb_bdb_simple_desc_check_cb)
                  00025a04    000000b8                  : zboss_r23_nwk_nwk_join.obj (.text.zb_nlme_rejoin_send_pkt)
                  00025abc    000000b8                  : zboss_r23_secur_ic_secur.obj (.text.zb_secur_ic_get_key_by_address)
                  00025b74    000000b6     lto46 (.text.zb_channel_page_list_set_logical_channel)
                  00025c2a    00000002     libclang_rt.builtins.a : aeabi_div0.c.obj (.text.__aeabi_ldiv0)
                  00025c2c    000000b4     zb_ed_role.a : zboss_r23_aps_aps_main.obj (.text.aps_send_fail_confirm)
                  00025ce0    000000b4                  : zboss_r23_common_zb_nvram.obj (.text.zb_nvram_write_start)
                  00025d94    000000b4     zb_cluster_ed.a : zboss_r23_zcl_zcl_reporting.obj (.text.zb_zcl_wait_reporting_timeout)
                  00025e48    000000b4     zb_zdo_ed.a : zboss_r23_zdo_af_rx.obj (.text.zb_zdo_device_is_unreachable)
                  00025efc    000000b4                 : zboss_r23_zdo_zdo_common.obj (.text.zdo_af_resp)
                  00025fb0    000000b4                 : zboss_r23_zdo_zdo_app_join.obj (.text.zdo_join_to_nwk_descr)
                  00026064    000000b0     ti_freertos_config.o (.text.xTaskRemoveFromEventList)
                  00026114    000000b0     zb_ed_role.a : zboss_r23_mac_mac_associate.obj (.text.zb_mlme_send_association_req_cmd)
                  000261c4    000000ac     rcl_cc23x0r5.a : RCL_Scheduler.c.obj (.text.RCL_Scheduler_cancelSchedStopTime)
                  00026270    000000ac     lto46 (.text.aps_in_frag_assemble_window_delayed)
                  0002631c    000000ac     lto46 (.text.nwk_fill_alloc_hdr_req)
                  000263c8    000000ac     lto46 (.text.send_bind_unbind_req)
                  00026474    000000ac     ti_freertos_config.o (.text.vTaskDelete)
                  00026520    000000ac     lto46 (.text.zdo_mgmt_leave_req)
                  000265cc    000000a8     ti_f3_led_buttons.o (.text.button_callback)
                  00026674    000000a8     lto46 (.text.handle_bind_confirm.1252)
                  0002671c    000000a8     zb_ed_role.a : zboss_r23_common_zb_nvram.obj (.text.zb_aps_keypair_write)
                  000267c4    000000a8     lto46 (.text.zb_mlme_reset_request_sync)
                  0002686c    000000a4     zb_ed_role.a : zboss_r23_secur_secur_ccm.obj (.text.zb_ccm_decrypt_n_auth)
                  00026910    000000a4     lto46 (.text.zb_clear_bind_trans)
                  000269b4    000000a4     zb_ed_role.a : zboss_r23_nwk_nwk_nlme.obj (.text.zb_nlme_send_status)
                  00026a58    000000a4     lto46 (.text.zb_nlme_status_indication_process)
                  00026afc    000000a4     zb_ed_role.a : zboss_r23_nwk_nwk_neighbor.obj (.text.zb_nwk_neighbor_get)
                  00026ba0    000000a4     lto46 (.text.zb_zcl_set_attr_val)
                  00026c44    000000a4     lto46 (.text.zdo_cb_killer)
                  00026ce8    000000a2     libclang_rt.builtins.a : udivmoddi4.S.obj (.text)
                  00026d8a    00000002     lto46 (.text.errorSpin)
                  00026d8c    000000a0     rcl_cc23x0r5.a : RCL.c.obj (.text.RCL_open)
                  00026e2c    000000a0     on_off_switch_ota_client.o (.text.button_press_handler)
                  00026ecc    000000a0     zb_ed_role.a : zboss_r23_nwk_nwk_nlme.obj (.text.nwk_next_rejoin_poll)
                  00026f6c    000000a0     lto46 (.text.prvUnlockQueue)
                  0002700c    000000a0     zb_ed_role.a : zboss_r23_commissioning_bdb_bdb_finding_binding.obj (.text.zb_bdb_process_active_eps_res)
                  000270ac    000000a0                  : zboss_r23_secur_aps_secur.obj (.text.zb_increase_aps_outgoing_frame_counter)
                  0002714c    000000a0                  : zboss_r23_mac_mac_data.obj (.text.zb_mac_get_indirect_data)
                  000271ec    000000a0                  : zboss_r23_nwk_nwk_join.obj (.text.zb_nlme_rejoin_response_timeout)
                  0002728c    000000a0     zb_cluster_ed.a : zboss_r23_zcl_zcl_reporting.obj (.text.zb_zcl_reporting_cb)
                  0002732c    000000a0     lto46 (.text.zb_zdo_nwk_addr_req_2param_cb)
                  000273cc    000000a0     zb_zdo_ed.a : zboss_r23_zdo_zdo_tlv_mgmt.obj (.text.zb_zdo_upd_key_req_process_tlv)
                  0002746c    0000009c     zb_ed_role.a : zboss_r23_common_zb_address.obj (.text.zb_address_unlock_func)
                  00027508    0000009c                  : zboss_r23_common_zb_bufpool_mult.obj (.text.zb_buf_free_func)
                  000275a4    0000009c     lto46 (.text.zb_zcl_ota_upgrade_request_server_send)
                  00027640    0000009c     lto46 (.text.zb_zdo_poll_parent)
                  000276dc    00000098     lto46 (.text.RCL_Handler_Ieee_setCustomEventTime)
                  00027774    00000098     lto46 (.text.doErase)
                  0002780c    00000098     zb_ed_role.a : zboss_r23_secur_zdo_secur.obj (.text.secur_nwk_key_switch)
                  000278a4    00000098     lto46 (.text.zb_aps_relay_secured)
                  0002793c    00000098     zb_ed_role.a : zboss_r23_nwk_nwk_main.obj (.text.zb_mcps_data_indication)
                  000279d4    00000098     zb_cluster_ed.a : zboss_r23_zcl_zcl_poll_control_commands.obj (.text.zb_zcl_poll_control_start_check_in)
                  00027a6c    00000098     lto46 (.text.zb_zcl_start_identifying)
                  00027b04    00000094     driverlib.a : interrupt.c.obj (.text.IntSetPriority)
                  00027b98    00000094     lto46 (.text.RCL_Handler_Ieee_updateRxCurBufferAndFifo)
                  00027c2c    00000094     on_off_switch_ota_client.o (.text.start_finding_binding)
                  00027cc0    00000094     zb_ed_role.a : zboss_r23_common_zb_bufpool_mult.obj (.text.zb_buf_initial_alloc_func)
                  00027d54    00000094     lto46 (.text.zb_mac_send_data_conf)
                  00027de8    00000094     zb_ed_role.a : zboss_r23_nwk_nwk_nlme.obj (.text.zb_nlme_reset_request)
                  00027e7c    00000094                  : zboss_r23_secur_zdo_secur.obj (.text.zb_secur_create_best_suitable_link_key_pair_set)
                  00027f10    00000094     zb_cluster_ed.a : zboss_r23_zcl_zcl_ias_zone_commands.obj (.text.zb_zcl_ias_zone_put_cie_address_to_binding_whitelist)
                  00027fa4    00000094                     : zboss_r23_zcl_zcl_main.obj (.text.zb_zcl_send_default_resp_ext)
                  00028038    00000094     lto46 (.text.zdo_join_done_cont)
                  000280cc    00000092     lto46 (.text.square)
                  0002815e    00000002     ti_freertos_config.o (.text.vApplicationStackOverflowHook)
                  00028160    00000092     driverlib.a : aes_ticlang.s.obj (.text)
                  000281f2    00000002     ti_freertos_portable_config.o (.text.vPortSVCHandler)
                  000281f4    00000090     lto46 (.text.aps_send_frame_via_binding)
                  00028284    00000090     lto46 (.text.nwk_scan_find_next_channel_mask)
                  00028314    00000090     lto46 (.text.prvInitialiseNewTask)
                  000283a4    00000090     lto46 (.text.short_search)
                  00028434    00000090     ti_freertos_config.o (.text.vTaskStartScheduler)
                  000284c4    00000090     zb_ed_role.a : zboss_r23_mac_mac_common.obj (.text.zb_mac_fill_mhr)
                  00028554    00000090                  : zboss_r23_mac_mac_data.obj (.text.zb_mac_indirect_data_rx_failed)
                  000285e4    00000090                  : zboss_r23_nwk_nwk_discovery.obj (.text.zb_nlme_network_discovery_request)
                  00028674    00000090                  : zboss_r23_common_zb_nvram.obj (.text.zb_nvram_write_dataset)
                  00028704    00000090     zb_zdo_ed.a : zboss_r23_zdo_zdo_hubs.obj (.text.zb_wwah_set_pending_channel)
                  00028794    00000090     zb_cluster_ed.a : zboss_r23_zcl_zcl_on_off_commands.obj (.text.zb_zcl_on_off_invoke_user_app)
                  00028824    00000090                     : zboss_r23_zcl_zcl_reporting.obj (.text.zb_zcl_reporting_slot_number)
                  000288b4    00000090     zb_zdo_ed.a : zboss_r23_zdo_zdo_poll.obj (.text.zb_zdo_pim_init_defaults)
                  00028944    00000090     lto46 (.text.zdo_initiate_rejoin)
                  000289d4    0000008c     lto46 (.text.AESCMACLPF3_getResult)
                  00028a60    0000008c     ti_freertos_config.o (.text.ClockP_startup)
                  00028aec    0000008c     lto46 (.text.aps_in_frag_get_received_mask)
                  00028b78    0000008c     zb_ed_role.a : zboss_r23_aps_aps_main.obj (.text.zb_aps_pass_local_msg_up)
                  00028c04    0000008c                  : zboss_r23_mac_mac_pib.obj (.text.zb_mac_reinit_pib)
                  00028c90    00000088     lto46 (.text.ClockP_hwiCallback)
                  00028d18    00000088     zb_cluster_ed.a : zboss_r23_zcl_zcl_common.obj (.text.cluster_needs_aps_encryption)
                  00028da0    00000088     lto46 (.text.zb_get_buf_tail_ptr)
                  00028e28    00000088     zb_cluster_ed.a : zboss_r23_zcl_zcl_main.obj (.text.zb_zcl_process_command_finish)
                  00028eb0    00000088     lto46 (.text.zdo_nwk_update_req_process_new_active_channel)
                  00028f38    00000084     lto46 (.text.get_new_reporting_info)
                  00028fbc    00000084     lto46 (.text.handle_bind_unbind_confirm)
                  00029040    00000084     lto46 (.text.ieee_search)
                  000290c4    00000084     ti_freertos_config.o (.text.memalign)
                  00029148    00000084     lto46 (.text.prvAddCurrentTaskToDelayedList)
                  000291cc    00000084     lto46 (.text.send_bind_unbind_with_check)
                  00029250    00000084     ti_freertos_config.o (.text.vTaskSwitchContext)
                  000292d4    00000084     zb_ed_role.a : zboss_r23_aps_aps_bind.obj (.text.zb_apsme_move_dst_bind_table)
                  00029358    00000084                  : zboss_r23_common_zb_bufpool_mult.obj (.text.zb_buf_alloc_right_func)
                  000293dc    00000084                  : zboss_r23_aps_aps_binding_whitelist.obj (.text.zb_check_binding_table_whitelist)
                  00029460    00000084                  : zboss_r23_nwk_nwk_broadcasting.obj (.text.zb_nwk_broadcasting_add_btr)
                  000294e4    00000084     zb_cluster_ed.a : zboss_r23_zcl_zcl_common.obj (.text.zb_zcl_is_target_endpoint)
                  00029568    00000084                     : zboss_r23_zcl_zcl_ota_upgrade_commands.obj (.text.zb_zcl_ota_upgrade_init_client)
                  000295ec    00000080     lto46 (.text.check_cluster_list)
                  0002966c    00000080     lto46 (.text.nwk_do_retry)
                  000296ec    00000080     lto46 (.text.prvCheckForValidListAndQueue)
                  0002976c    00000080     lto46 (.text.send_ed_timeout_req)
                  000297ec    00000080     ti_freertos_config.o (.text.xTaskPriorityInherit)
                  0002986c    00000080     lto46 (.text.zb_ccm_encrypt_n_auth)
                  000298ec    00000080     zb_ed_role.a : zboss_r23_mac_mac_associate.obj (.text.zb_mlme_associate_request_do)
                  0002996c    00000080     lto46 (.text.zb_nvram_write_aps_counters)
                  000299ec    00000080     lto46 (.text.zb_nwk_neighbor_delete)
                  00029a6c    00000080     zb_ed_role.a : zboss_r23_common_zb_tlv.obj (.text.zb_tlv_general_tlv_processing)
                  00029aec    00000080     lto46 (.text.zb_zdo_bind_unbind_req)
                  00029b6c    00000080     lto46 (.text.zdo_nwk_update_req_process_new_channel_mask)
                  00029bec    0000007e     lto46 (.text.zb_sec_b6_hash)
                  00029c6a    00000002     lto46 (.text.zb_zcl_wwah_trace_ctx)
                  00029c6c    0000007c     lto46 (.text.AESCTRDRBGXX_updateState)
                  00029ce8    0000007c     rcl_cc23x0r5.a : RCL.c.obj (.text.RCL_Command_submit)
                  00029d64    0000007c     lto46 (.text.call_scan_complete_cb)
                  00029de0    0000007c     lto46 (.text.prvIdleTask)
                  00029e5c    0000007c     lto46 (.text.temperatureEventCb)
                  00029ed8    0000007c     zb_ed_role.a : zboss_r23_common_zb_address.obj (.text.zb_address_ieee_by_ref)
                  00029f54    0000007c                  : zboss_r23_common_zb_address.obj (.text.zb_address_ieee_by_short)
                  00029fd0    0000007c                  : zboss_r23_secur_zdo_secur.obj (.text.zb_zdo_sec_get_auth_tok_req_snd)
                  0002a04c    0000007c     zb_zdo_ed.a : zboss_r23_zdo_zdo_app_join.obj (.text.zdo_next_nwk_discovery_req)
                  0002a0c8    00000078     ti_freertos_config.o (.text.HwiP_construct)
                  0002a140    00000078     rcl_cc23x0r5.a : RCL_Scheduler.c.obj (.text.RCL_Scheduler_findStopStatus)
                  0002a1b8    00000078     lto46 (.text.bdb_node_desc_workaround_callback)
                  0002a230    00000078     ti_freertos_config.o (.text.xQueueReceiveFromISR)
                  0002a2a8    00000078     zb_ed_role.a : zboss_r23_commissioning_bdb_bdb_finding_binding.obj (.text.zb_bdb_finding_binding_target_alarm_ep)
                  0002a320    00000078                  : zboss_r23_mac_mac_pib.obj (.text.zb_mlme_set_request)
                  0002a398    00000078     zb_cluster_ed.a : zboss_r23_zcl_zcl_scenes.obj (.text.zb_zcl_scenes_process_recall_scene)
                  0002a410    00000078                     : zboss_r23_zcl_zcl_scenes.obj (.text.zb_zcl_scenes_process_store_scene)
                  0002a488    00000078                     : zboss_r23_zcl_zcl_poll_control_commands.obj (.text.zcl_poll_control_check_in_send_cb)
                  0002a500    00000078     libc.a : copy_decompress_lzss.c.obj (.text:decompress:lzss)
                  0002a578    00000076     lto46 (.text.prvCopyDataToQueue)
                  0002a5ee    00000076     lto46 (.text.zb_zcl_set_attr_val_manuf_internal)
                  0002a664    00000074     lto46 (.text.AESCTRLPF3_hwiFxn)
                  0002a6d8    00000074     lto46 (.text.alloc_new_extneiboar)
                  0002a74c    00000074     lto46 (.text.broadcast_endpoint_delivery_step)
                  0002a7c0    00000074     lto46 (.text.channel_page_get_edge_channel_number)
                  0002a834    00000074     lto46 (.text.ed_scan_timer_callback)
                  0002a8a8    00000074     zb_ed_role.a : zboss_r23_common_zb_address.obj (.text.zb_address_lock_func)
                  0002a91c    00000074                  : zboss_r23_common_zb_nvram.obj (.text.zb_aps_keypair_load_by_idx)
                  0002a990    00000074                  : zboss_r23_aps_aps_main.obj (.text.zb_aps_pass_local_group_pkt_up)
                  0002aa04    00000074                  : zboss_r23_common_zb_nvram.obj (.text.zb_nvram_write_data)
                  0002aa78    00000074     zb_cluster_ed.a : zboss_r23_zcl_zcl_diagnostics_commands.obj (.text.zb_zcl_diagnostics_sync_counters)
                  0002aaec    00000074     lto46 (.text.zb_zcl_ota_upgrade_end)
                  0002ab60    00000074     zb_zdo_ed.a : zboss_r23_zdo_zdo_poll.obj (.text.zb_zdo_pim_start_turbo_poll_packets)
                  0002abd4    00000070     ti_freertos_config.o (.text.ClockP_start)
                  0002ac44    00000070     lto46 (.text.PowerCC23X0_startHFXT)
                  0002acb4    00000070     lto46 (.text.age_dups)
                  0002ad24    00000070     lto46 (.text.aps_in_frag_mac_ack_for_aps_ack_arrived)
                  0002ad94    00000070     zb_ed_role.a : zboss_r23_secur_bdb_secur.obj (.text.bdb_initiate_key_exchange)
                  0002ae04    00000070     lto46 (.text.mult)
                  0002ae74    00000070     zb_ed_role.a : zboss_r23_nwk_nwk_discovery.obj (.text.nlme_scan_request)
                  0002aee4    00000070     lto46 (.text.process_delayed_buf_entry_unsafe)
                  0002af54    00000070     zb_ti_platform_zed_log.a : mac_ti_f3_mac.obj (.text.update_rx_panconfig)
                  0002afc4    00000070     zb_ed_role.a : zboss_r23_common_zb_address.obj (.text.zb_address_delete)
                  0002b034    00000070                  : zboss_r23_aps_aps_bind.obj (.text.zb_aps_check_binding_request)
                  0002b0a4    00000070     lto46 (.text.zb_aps_check_max_trans_size_timer_cb)
                  0002b114    00000070     zb_ed_role.a : zboss_r23_nwk_nwk_discovery.obj (.text.zb_nlme_ed_scan_request)
                  0002b184    00000070                  : zboss_r23_nwk_nwk_neighbor.obj (.text.zb_nwk_neighbor_clear)
                  0002b1f4    00000070     lto46 (.text.zb_zcl_diagnostics_sync_counters_cb)
                  0002b264    00000070     zb_cluster_ed.a : zboss_r23_zcl_zcl_general_commands.obj (.text.zb_zcl_get_attr_desc_manuf)
                  0002b2d4    00000070     lto46 (.text.zdo_kill_cb_by_index)
                  0002b344    00000070     zb_zdo_ed.a : zboss_r23_zdo_zdo_app_join.obj (.text.zdo_rejoin_clear_prev_join)
                  0002b3b4    0000006c     ti_freertos_config.o (.text.ClockP_stop)
                  0002b420    0000006c     lto46 (.text.zb_aps_hdr_mod)
                  0002b48c    0000006c     zb_ed_role.a : zboss_r23_commissioning_bdb_bdb_finding_binding.obj (.text.zb_bdb_process_simple_desc_res)
                  0002b4f8    0000006c     zb_zdo_ed.a : zboss_r23_zdo_zdo_app_join.obj (.text.zb_nlme_join_confirm)
                  0002b564    0000006c     zb_ed_role.a : zboss_r23_nwk_nwk_join.obj (.text.zb_nlme_rejoin_set_parent_long)
                  0002b5d0    0000006c                  : zboss_r23_nwk_nwk_tlv_mgmt.obj (.text.zb_nwk_commissioning_req_put_tlv)
                  0002b63c    0000006c     lto46 (.text.zb_zcl_add_cluster_handlers)
                  0002b6a8    00000068     lto46 (.text.LRF_setTrimCommon)
                  0002b710    00000068     drivers_cc23x0r5.a : NVSLPF3.c.obj (.text.NVSLPF3_open)
                  0002b778    00000068     lto46 (.text.RCL_Handler_Adc_Noise_powerDown)
                  0002b7e0    00000068     lto46 (.text.aps_in_frag_restart_ack_timer)
                  0002b848    00000068     lto46 (.text.aps_in_frag_stop_entry)
                  0002b8b0    00000068     zb_ed_role.a : zboss_r23_commissioning_bdb_zdo_commissioning_bdb.obj (.text.bdb_network_steering_start_scan)
                  0002b918    00000068     zb_cluster_ed.a : zboss_r23_zcl_zcl_common.obj (.text.get_profile_id_by_endpoint)
                  0002b980    00000068     ti_freertos_config.o (.text.vTaskPriorityDisinheritAfterTimeout)
                  0002b9e8    00000068     ti_freertos_config.o (.text.xTaskCheckForTimeOut)
                  0002ba50    00000068     zb_ed_role.a : zboss_r23_common_zb_address.obj (.text.zb_address_get_pan_id_ref)
                  0002bab8    00000068                  : zboss_r23_secur_apsme_secur.obj (.text.zb_aps_secur_init)
                  0002bb20    00000068                  : zboss_r23_secur_zdo_secur.obj (.text.zb_secur_get_link_key_by_address)
                  0002bb88    00000068     zb_zdo_ed.a : zboss_r23_zdo_zdo_hubs.obj (.text.zb_wwah_set_leave_without_rejoin_allowed)
                  0002bbf0    00000068     lto46 (.text.zb_zcl_finish_and_send_packet_new)
                  0002bc58    00000068     zb_cluster_ed.a : zboss_r23_zcl_zcl_identify_commands.obj (.text.zb_zcl_identify_effect_invoke_user_app)
                  0002bcc0    00000068     lto46 (.text.zdo_validate_desc_resp)
                  0002bd28    00000064     drivers_cc23x0r5.a : AESCommonLPF3.c.obj (.text.AESCommonLPF3_construct)
                  0002bd8c    00000064     lto46 (.text.RCL_Handler_Ieee_findPbeErrorEndStatus)
                  0002bdf0    00000064     lto46 (.text.bdb_finding_n_binding_machine)
                  0002be54    00000064     lto46 (.text.bdb_force_rejoin_if_not_in_progress)
                  0002beb8    00000064     lto46 (.text.bdb_precomm_rejoin_over_all_channels)
                  0002bf1c    00000064     zb_cluster_ed.a : zboss_r23_zcl_zcl_common.obj (.text.get_endpoint_by_cluster)
                  0002bf80    00000064     zb_ed_role.a : zboss_r23_nwk_nwk_main.obj (.text.nwk_call_nlde_data_confirm)
                  0002bfe4    00000064     lto46 (.text.nwk_cancel_network_discovery_response)
                  0002c048    00000064     ti_freertos_config.o (.text.xTaskCreate)
                  0002c0ac    00000064     ti_freertos_config.o (.text.xTaskPriorityDisinherit)
                  0002c110    00000064     zb_ed_role.a : zboss_r23_common_zb_address.obj (.text.zb_address_by_ref)
                  0002c174    00000064                  : zboss_r23_common_zb_address.obj (.text.zb_address_cmp_two_refs)
                  0002c1d8    00000064     zb_zdo_ed.a : zboss_r23_zdo_af_rx.obj (.text.zb_apsde_data_indication_cont)
                  0002c23c    00000064     zb_ed_role.a : zboss_r23_commissioning_bdb_zdo_commissioning_bdb.obj (.text.zb_bdb_initiate_tc_rejoin)
                  0002c2a0    00000064                  : zboss_r23_commissioning_bdb_bdb_finding_binding.obj (.text.zb_bdb_send_identify_query_req)
                  0002c304    00000064     zb_cluster_ed.a : zboss_r23_zcl_zcl_identify_commands.obj (.text.zb_zcl_identify_time_handler)
                  0002c368    00000064     lto46 (.text.zb_zdo_node_desc_req)
                  0002c3cc    00000064     lto46 (.text.zb_zdo_pim_restart_poll)
                  0002c430    00000064     on_off_switch_ota_client.o (.text.zcl_specific_cluster_cmd_handler)
                  0002c494    00000062     zb_cluster_ed.a : zboss_r23_zcl_zcl_common.obj (.text.zb_zcl_finish_and_send_packet)
                  0002c4f6    00000002     --HOLE-- [fill = 0]
                  0002c4f8    00000060     lto46 (.text.RCL_Handler_Ieee_updateStats)
                  0002c558    00000060     lto46 (.text.aps_in_frag_send_ack)
                  0002c5b8    00000060     zb_ti_platform_zed_log.a : mac_ti_f3_mac.obj (.text.mac_ti23xx_start_ed_scan)
                  0002c618    00000060     lto46 (.text.nwk_broadcasting_btr_aging_alarm)
                  0002c678    00000060     lto46 (.text.rclSchedulerFindEarliestStopTime)
                  0002c6d8    00000060     ti_freertos_config.o (.text.xQueueGiveFromISR)
                  0002c738    00000060     zb_cluster_ed.a : zboss_r23_zcl_zcl_common.obj (.text.zb_af_get_endpoint_desc)
                  0002c798    00000060     lto46 (.text.zb_get_buf_delayed)
                  0002c7f8    00000060     zb_ti_platform_zed_log.a : osif_ti_f3_crypto.obj (.text.zb_hw_sha_256)
                  0002c858    00000060     lto46 (.text.zb_nvram_get_dataset_version)
                  0002c8b8    00000060     zb_ed_role.a : zboss_r23_nwk_nwk_disc_table.obj (.text.zb_nwk_exneighbor_by_short)
                  0002c918    00000060     zb_cluster_ed.a : zboss_r23_zcl_zcl_groups.obj (.text.zb_zcl_process_groups_commands_cli)
                  0002c978    00000060     zb_zdo_ed.a : zboss_r23_zdo_zdo_bind_manage.obj (.text.zb_zdo_send_check_bind_unbind)
                  0002c9d8    00000060     zb_ed_role.a : zboss_r23_secur_bdb_secur.obj (.text.zdo_secur_update_tclk_done)
                  0002ca38    00000060     zb_zdo_ed.a : zboss_r23_zdo_zdo_common.obj (.text.zdo_send_resp_by_short)
                  0002ca98    0000005c     drivers_cc23x0r5.a : AESCommonLPF3.c.obj (.text.AESCommonLPF3_init)
                  0002caf4    0000005c     ti_freertos_config.o (.text.ClockP_walkQueueDynamic)
                  0002cb50    0000005c     rcl_cc23x0r5.a : LRFCC23X0.c.obj (.text.LRF_enableTemperatureMonitoring)
                  0002cbac    0000005c     lto46 (.text.get_endpoint_by_cluster_with_role)
                  0002cc08    0000005c     lto46 (.text.get_manufacturer_index_by_ieee_addr)
                  0002cc64    0000005c     lto46 (.text.nwk_join_failure_confirm)
                  0002ccc0    0000005c     zb_ed_role.a : zboss_r23_common_zb_address.obj (.text.zb_address_done_ieee_disc)
                  0002cd1c    0000005c                  : zboss_r23_commissioning_bdb_bdb_finding_binding.obj (.text.zb_bdb_error_handle_buf)
                  0002cd78    0000005c                  : zboss_r23_common_zb_bufpool_mult.obj (.text.zb_buf_alloc_left_func)
                  0002cdd4    0000005c                  : zboss_r23_common_zb_sleep.obj (.text.zb_sleep_calc_sleep_tmo)
                  0002ce30    0000005c                  : zboss_r23_common_zb_time.obj (.text.zb_timer_start)
                  0002ce8c    0000005c     lto46 (.text.zb_zcl_basic_reset_invoke_user_app)
                  0002cee8    0000005c     zb_zdo_ed.a : zboss_r23_zdo_zdo_channel_manager.obj (.text.zb_zdo_ed_scan_request)
                  0002cf44    0000005c                 : zboss_r23_zdo_zdo_nwk_manage_srv.obj (.text.zb_zdo_nwk_upd_notify)
                  0002cfa0    0000005c                 : zboss_r23_zdo_zdo_app.obj (.text.zb_zdo_startup_complete_int)
                  0002cffc    0000005c                 : zboss_r23_zdo_zdo_app.obj (.text.zb_zdo_tclk_valid)
                  0002d058    00000058     lto46 (.text.AESCMACLPF3_hwiFxn)
                  0002d0b0    00000058     lto46 (.text.LogSinkBuf_printf)
                  0002d108    00000058     libclang_rt.builtins.a : clzsi2.c.obj (.text.__clzsi2)
                  0002d160    00000058     zb_ed_role.a : zboss_r23_commissioning_bdb_zdo_commissioning_bdb.obj (.text.bdb_not_ever_joined)
                  0002d1b8    00000058     zb_cluster_ed.a : zboss_r23_zcl_zcl_scenes.obj (.text.check_value_scenes)
                  0002d210    00000058     lto46 (.text.mac_ti23xx_set_channel)
                  0002d268    00000058     lto46 (.text.send_unknown_command_status)
                  0002d2c0    00000058     zb_ed_role.a : zboss_r23_common_zb_address.obj (.text.zb_ieee_addr_compress)
                  0002d318    00000058     lto46 (.text.zb_nvram_dataset_is_supported)
                  0002d370    00000058     zb_ed_role.a : zboss_r23_common_zb_scheduler.obj (.text.zb_schedule_callback2)
                  0002d3c8    00000058                  : zboss_r23_common_zb_scheduler.obj (.text.zb_schedule_get_alarm_time)
                  0002d420    00000058                  : zboss_r23_common_zb_scheduler.obj (.text.zb_schedule_tx_cb)
                  0002d478    00000058     lto46 (.text.zb_secur_get_auth_token_key_by_ieee)
                  0002d4d0    00000058     lto46 (.text.zb_start_device_interview_on_joiner)
                  0002d528    00000058     zb_zdo_ed.a : zboss_r23_zdo_zdo_hubs.obj (.text.zb_wwah_set_require_lk_encryption)
                  0002d580    00000058     lto46 (.text.zb_zcl_init_periodic_activities)
                  0002d5d8    00000058     zb_zdo_ed.a : zboss_r23_zdo_zdo_disc_cli.obj (.text.zb_zdo_nwk_addr_req)
                  0002d630    00000058     zb_ed_role.a : zboss_r23_secur_zdo_secur.obj (.text.zb_zdo_verify_tclk)
                  0002d688    00000058     lto46 (.text.zdo_wwah_start_survey_beacons_cont)
                  0002d6e0    00000056     libclang_rt.builtins.a : aeabi_idivmod.S.obj (.text.__aeabi_idivmod)
                  0002d736    00000056     ti_freertos_config.o (.text.xQueueGenericCreate)
                  0002d78c    00000056     zb_ed_role.a : zboss_r23_secur_secur_ccm.obj (.text.zb_cmm_key_hash)
                  0002d7e2    00000002     --HOLE-- [fill = 0]
                  0002d7e4    00000054     lto46 (.text.AESECBLPF3_hwiFxn)
                  0002d838    00000054     lto46 (.text.GPIO_setConfig)
                  0002d88c    00000054     rcl_cc23x0r5.a : RCL.c.obj (.text.RCL_Command_pend)
                  0002d8e0    00000054     lto46 (.text.RCL_Handler_Ieee_restoreStopTime)
                  0002d934    00000054     rcl_cc23x0r5.a : RCL_Scheduler.c.obj (.text.RCL_Scheduler_setStartStopTimeEarliestStart)
                  0002d988    00000054     lto46 (.text.aps_in_frag_kill_stopped_entries)
                  0002d9dc    00000054     lto46 (.text.aps_in_frag_send_ack_delayed)
                  0002da30    00000054     lto46 (.text.aps_in_frag_total_window_size)
                  0002da84    00000054     lto46 (.text.bdb_network_formation_machine)
                  0002dad8    00000054     lto46 (.text.bdb_start_top_level_commissioning)
                  0002db2c    00000054     lto46 (.text.manuf_tbl_clear_unusable_entries)
                  0002db80    00000054     ti_freertos_config.o (.text.vQueueWaitForMessageRestricted)
                  0002dbd4    00000054     zb_ed_role.a : zboss_r23_common_zb_signal_common.obj (.text.zb_get_app_signal)
                  0002dc28    00000054     lto46 (.text.zb_mac_diagnostics_init)
                  0002dc7c    00000054     zb_ed_role.a : zboss_r23_mac_mac_scan.obj (.text.zb_mac_send_beacon_request_command)
                  0002dcd0    00000054                  : zboss_r23_common_zb_nvram.obj (.text.zb_nvram_read_data)
                  0002dd24    00000054     lto46 (.text.zb_schedule_callback_prior)
                  0002dd78    00000054     lto46 (.text.zb_secur_ic_generate_key)
                  0002ddcc    00000054     lto46 (.text.zb_timer_callback)
                  0002de20    00000054     zb_ed_role.a : zboss_r23_common_zb_tlv.obj (.text.zb_tlv_get_tlv_ptr)
                  0002de74    00000054     zb_zdo_ed.a : zboss_r23_zdo_zdo_hubs.obj (.text.zb_wwah_set_configuration_mode)
                  0002dec8    00000054     zb_cluster_ed.a : zboss_r23_zcl_zcl_basic_commands.obj (.text.zb_zcl_check_is_device_enabled)
                  0002df1c    00000054                     : zboss_r23_zcl_zcl_identify_commands.obj (.text.zb_zcl_stop_identifying)
                  0002df70    00000054                     : zboss_r23_zcl_zcl_reporting.obj (.text.zb_zcl_update_reporting_info)
                  0002dfc4    00000054                     : zboss_r23_zcl_zcl_s_wwah.obj (.text.zb_zcl_wwah_check_if_aps_link_key_authorization_needed)
                  0002e018    00000054     zb_zdo_ed.a : zboss_r23_zdo_zdo_bind_manage.obj (.text.zb_zdo_bind_unbind_check_cb)
                  0002e06c    00000054     zb_ed_role.a : zboss_r23_secur_zdo_secur.obj (.text.zb_zdo_update_tclk)
                  0002e0c0    00000050     drivers_cc23x0r5.a : AESCommonLPF3.c.obj (.text.AESCommonLPF3_cleanup)
                  0002e110    00000050     lto46 (.text.Power_releaseDependency)
                  0002e160    00000050     lto46 (.text.Power_setDependency)
                  0002e1b0    00000050     ti_freertos_config.o (.text.__aeabi_errno_addr)
                  0002e200    00000050     lto46 (.text.aps_in_frag_find_by_hdr)
                  0002e250    00000050     lto46 (.text.aps_out_frag_schedule_queued_requests)
                  0002e2a0    00000050     lto46 (.text.handle_bind_check_response)
                  0002e2f0    00000050     lto46 (.text.nvram_write_dataset_tail)
                  0002e340    00000050     lto46 (.text.rclPowerNotify)
                  0002e390    00000050     lto46 (.text.sleepTicks)
                  0002e3e0    00000050     lto46 (.text.uDMASetChannelTransfer)
                  0002e430    00000050     lto46 (.text.validate_new_channel)
                  0002e480    00000050     ti_freertos_config.o (.text.xTaskCreateStatic)
                  0002e4d0    00000050     zb_ed_role.a : zboss_r23_common_zb_address.obj (.text.zb_address_by_ieee)
                  0002e520    00000050     zb_zdo_ed.a : zboss_r23_zdo_af_rx.obj (.text.zb_af_handle_zcl_frame)
                  0002e570    00000050     lto46 (.text.zb_bdb_finding_binding_initiator_stop)
                  0002e5c0    00000050     zb_ed_role.a : zboss_r23_mac_mac.obj (.text.zb_mlme_poll_request)
                  0002e610    00000050     lto46 (.text.zb_nvram_check_and_read_page_hdr_ds)
                  0002e660    00000050     zb_ti_platform_zed_log.a : osif_ti_f3_nvram.obj (.text.zb_osif_nvram_read)
                  0002e6b0    00000050                              : osif_ti_f3_nvram.obj (.text.zb_osif_nvram_write)
                  0002e700    00000050     zb_ed_role.a : zboss_r23_common_zb_scheduler.obj (.text.zb_schedule_callback)
                  0002e750    00000050     lto46 (.text.zb_zcl_ota_upgrade_finish_upgrade)
                  0002e7a0    00000050     zb_cluster_ed.a : zboss_r23_zcl_zcl_basic_commands.obj (.text.zb_zcl_process_basic_specific_commands_srv)
                  0002e7f0    00000050                     : zboss_r23_zcl_zcl_common.obj (.text.zb_zcl_register_cb)
                  0002e840    00000050                     : zboss_r23_zcl_zcl_s_wwah.obj (.text.zb_zcl_wwah_match_desc_resp_handle)
                  0002e890    00000050     zb_zdo_ed.a : zboss_r23_zdo_zdo_tlv_mgmt.obj (.text.zb_zdo_get_tunneled_frame_from_relay)
                  0002e8e0    00000050     lto46 (.text.zb_zdo_mgmt_permit_joining_req)
                  0002e930    00000050     zb_zdo_ed.a : zboss_r23_zdo_zdo_commissioning.obj (.text.zdo_commissioning_nwk_discovery_failed)
                  0002e980    0000004e     ti_freertos_config.o (.text.realloc)
                  0002e9ce    0000004e     lto46 (.text.zb_nwk_neighbor_update_lqa)
                  0002ea1c    0000004e     lto46 (.text.zb_zdo_process_eui64_array)
                  0002ea6a    00000002     --HOLE-- [fill = 0]
                  0002ea6c    0000004c     lto46 (.text.AESCTRLPF3_processData)
                  0002eab8    0000004c     driverlib.a : lrfd.c.obj (.text.LRFDApplyClockDependencies)
                  0002eb04    0000004c     rcl_cc23x0r5.a : LRFCC23X0.c.obj (.text.LRF_programTemperatureCompensatedTxPower)
                  0002eb50    0000004c                    : LRFCC23X0.c.obj (.text.LRF_writeTxFifoWords)
                  0002eb9c    0000004c     lto46 (.text.SHA2_open)
                  0002ebe8    0000004c     drivers_cc23x0r5.a : UDMALPF3.c.obj (.text.UDMALPF3_init)
                  0002ec34    0000004c     lto46 (.text.aps_in_frag_find_by_buf)
                  0002ec80    0000004c     zb_ed_role.a : zboss_r23_secur_bdb_secur.obj (.text.bdb_initiate_key_verify)
                  0002eccc    0000004c                  : zboss_r23_commissioning_bdb_zdo_commissioning_bdb.obj (.text.bdb_start_rejoin_recovery)
                  0002ed18    0000004c     lto46 (.text.call_nlme_status_ind)
                  0002ed64    0000004c     lto46 (.text.del_short_sorted)
                  0002edb0    0000004c     lto46 (.text.forward_req_packet_or_delay)
                  0002edfc    0000004c     zb_cluster_ed.a : zboss_r23_zcl_zcl_common.obj (.text.get_cluster_desc)
                  0002ee48    0000004c     lto46 (.text.schedule_resend_buffer)
                  0002ee94    0000004c     zb_ed_role.a : zboss_r23_secur_zdo_secur.obj (.text.secur_nwk_key_by_seq)
                  0002eee0    0000004c                  : zboss_r23_common_zb_signal_common.obj (.text.zb_app_signal_pack_with_detailed_status)
                  0002ef2c    0000004c                  : zboss_r23_commissioning_bdb_bdb_finding_binding.obj (.text.zb_bdb_finding_binding_target_cancel)
                  0002ef78    0000004c                  : zboss_r23_mac_mac.obj (.text.zb_mac_check_frame_dst_addr)
                  0002efc4    0000004c                  : zboss_r23_mac_mac_zcl_diagnostic.obj (.text.zb_mac_diagnostics_periodic_handler)
                  0002f010    0000004c                  : zboss_r23_nwk_nwk_main.obj (.text.zb_nwk_handle_init)
                  0002f05c    0000004c     lto46 (.text.zb_nwk_reset_nwk_addr_in_mac_pib)
                  0002f0a8    0000004c     zb_ed_role.a : zboss_r23_nwk_nwk_main.obj (.text.zb_nwk_unlock_in)
                  0002f0f4    0000004c                  : zboss_r23_secur_zdo_secur.obj (.text.zb_secur_delete_link_key_by_idx)
                  0002f140    0000004c     lto46 (.text.zb_zcl_send_default_handler)
                  0002f18c    0000004c     zb_zdo_ed.a : zboss_r23_zdo_zdo_bind_manage.obj (.text.zb_zdo_end_device_bind_resp)
                  0002f1d8    0000004c     lto46 (.text.zb_zdo_pim_start_fast_poll)
                  0002f224    0000004a     rcl_cc23x0r5.a : LRF.c.obj (.text.LRF_loadImage)
                  0002f26e    0000004a     ti_freertos_config.o (.text.calloc)
                  0002f2b8    0000004a     zb_ed_role.a : zboss_r23_secur_apsme_secur.obj (.text.zb_secur_apsme_request_key)
                  0002f302    0000004a     zb_cluster_ed.a : zboss_r23_zcl_zcl_common.obj (.text.zb_zcl_schedule_status_abort)
                  0002f34c    00000048     ti_freertos_config.o (.text.ClockP_construct)
                  0002f394    00000048     lto46 (.text.LRF_setTemperatureTrim)
                  0002f3dc    00000048     lto46 (.text.PowerCC23X0_hfxtAmpsettledTimeout)
                  0002f424    00000048     lto46 (.text.degreesToCode)
                  0002f46c    00000048     lto46 (.text.handle_scan_during_poll)
                  0002f4b4    00000048     lto46 (.text.initiate_short_disc)
                  0002f4fc    00000048     ti_freertos_config.o (.text.localProgramStart)
                  0002f544    00000048     lto46 (.text.mac_get_tx_power)
                  0002f58c    00000048     lto46 (.text.prvSampleTimeNow)
                  0002f5d4    00000048     lto46 (.text.removeThreadKeys)
                  0002f61c    00000048     ti_freertos_config.o (.text.xTimerCreateTimerTask)
                  0002f664    00000048     zb_ed_role.a : zboss_r23_aps_aps_bind.obj (.text.zb_apsme_clear_all_bind_by_ieee)
                  0002f6ac    00000048                  : zboss_r23_common_zb_bufpool_mult.obj (.text.zb_buf_reuse_func)
                  0002f6f4    00000048     lto46 (.text.zb_calculate_mic64_for_challenge)
                  0002f73c    00000048     lto46 (.text.zb_ecc_dlk_create_base_point)
                  0002f784    00000048     zb_ed_role.a : zboss_r23_mac_mac_associate.obj (.text.zb_mac_assoc_send_data_req)
                  0002f7cc    00000048                  : zboss_r23_nwk_nwk_nlme.obj (.text.zb_mlme_poll_confirm)
                  0002f814    00000048                  : zboss_r23_nwk_nwk_broadcasting.obj (.text.zb_nwk_broadcasting_find_btr)
                  0002f85c    00000048     lto46 (.text.zb_panid_conflict_set_panid_conf)
                  0002f8a4    00000048     zb_ed_role.a : zboss_r23_common_zb_tlv.obj (.text.zb_tlv_parse_value_fragmentation_parameters)
                  0002f8ec    00000048     zb_zdo_ed.a : zboss_r23_zdo_zdo_hubs.obj (.text.zb_wwah_set_pending_panid)
                  0002f934    00000048     zb_cluster_ed.a : zboss_r23_zcl_zcl_s_wwah.obj (.text.zb_zcl_wwah_bad_parent_recovery_signal)
                  0002f97c    00000048                     : zboss_r23_zcl_zcl_s_wwah.obj (.text.zb_zcl_wwah_recounter_checkin)
                  0002f9c4    00000048     zb_zdo_ed.a : zboss_r23_zdo_zdo_poll.obj (.text.zb_zdo_pim_set_long_poll_interval)
                  0002fa0c    00000048     lto46 (.text.zb_zdo_pim_start_poll)
                  0002fa54    00000048     lto46 (.text.zb_zdo_pim_stop_poll)
                  0002fa9c    00000048     zb_zdo_ed.a : zboss_r23_zdo_zdo_poll.obj (.text.zb_zdo_pim_turbo_poll_continuous_leave)
                  0002fae4    00000048     lto46 (.text.zb_zdo_pim_work_poll_interval_update)
                  0002fb2c    00000048     zb_zdo_ed.a : zboss_r23_zdo_zdo_app_leave.obj (.text.zdo_device_removed)
                  0002fb74    00000046     ti_freertos_config.o (.text.pthread_exit)
                  0002fbba    00000002     --HOLE-- [fill = 0]
                  0002fbbc    00000044     lto46 (.text.AESCMACLPF3_generateSubKey)
                  0002fc00    00000044     zb_ed_role.a : zboss_r23_aps_aps_main.obj (.text.aps_force_retx)
                  0002fc44    00000044     lto46 (.text.aps_in_frag_stop_ack_timer)
                  0002fc88    00000044     lto46 (.text.aps_retrans_ent_free)
                  0002fccc    00000044     zb_ed_role.a : zboss_r23_secur_bdb_secur.obj (.text.bdb_request_tclk_alarm)
                  0002fd10    00000044     lto46 (.text.bdb_touchlink_machine)
                  0002fd54    00000044     zb_ed_role.a : zboss_r23_secur_bdb_secur.obj (.text.bdb_verify_tclk_alarm)
                  0002fd98    00000044     lto46 (.text.call_status_indication)
                  0002fddc    00000044     rcl_cc23x0r5.a : hal_cc23x0.c.obj (.text.hal_power_release_swtcxo_update_constraint)
                  0002fe20    00000044     lto46 (.text.mgmt_leave_to_unauth_chld)
                  0002fe64    00000044     lto46 (.text.prvInsertBlockIntoFreeList)
                  0002fea8    00000044     lto46 (.text.setNextThresholds)
                  0002feec    00000044     lto46 (.text.startCSMABackoff)
                  0002ff30    00000044     ti_freertos_config.o (.text.vPortFree)
                  0002ff74    0000000c     lto46 (.text.OUTLINED_FUNCTION_123)
                  0002ff80    00000044     ti_freertos_portable_config.o (.text.xPortPendSVHandler)
                  0002ffc4    00000044     zb_ed_role.a : zboss_r23_aps_aps_main.obj (.text.zb_aps_get_max_buffer_size)
                  00030008    00000044                  : zboss_r23_aps_aps_main.obj (.text.zb_aps_get_max_trans_size)
                  0003004c    00000044     lto46 (.text.zb_apsde_check_selfie)
                  00030090    00000044     zb_ed_role.a : zboss_r23_common_zb_address.obj (.text.zb_ieee_addr_decompress)
                  000300d4    00000044     ti_f3_main.o (.text.zb_memmove)
                  00030118    00000044     zb_ed_role.a : zboss_r23_nwk_nwk_nlme.obj (.text.zb_nwk_pib_set)
                  0003015c    00000044                  : zboss_r23_common_zb_random.obj (.text.zb_random_val)
                  000301a0    00000044     lto46 (.text.zb_zcl_call_identify_time_attr_device_cb)
                  000301e4    00000044     zb_cluster_ed.a : zboss_r23_zcl_zcl_attr_value.obj (.text.zb_zcl_write_attr_hook)
                  00030228    00000044     zb_zdo_ed.a : zboss_r23_zdo_zdo_app.obj (.text.zb_zdo_dev_start_cont)
                  0003026c    00000044     lto46 (.text.zb_zdo_set_channel_cont)
                  000302b0    00000044     lto46 (.text.zdo_validate_nwk_addr_resp)
                  000302f4    00000042     lto46 (.text.squeeze)
                  00030336    00000042     zb_zdo_ed.a : zboss_r23_zdo_zdo_rx.obj (.text.zb_zdo_send_status_res)
                  00030378    00000040     drivers_cc23x0r5.a : NVSLPF3.c.obj (.text.NVSLPF3_read)
                  000303b8    00000040     ti_freertos_config.o (.text.SemaphoreP_construct)
                  000303f8    00000040     libclang_rt.builtins.a : aeabi_uidivmod.S.obj (.text.__aeabi_uidivmod)
                  00030438    00000040     lto46 (.text.find_binding_whitelist_entry)
                  00030478    00000040     zb_ed_role.a : zboss_r23_mac_mac_associate.obj (.text.mac_association_req_sent)
                  000304b8    00000040     lto46 (.text.schedule_wwah_rejoin_backoff_attempt)
                  000304f8    00000040     lto46 (.text.start_wait_reporting_timer)
                  00030538    00000040     ti_freertos_config.o (.text.vTaskPlaceOnEventListRestricted)
                  00030578    00000040     ti_freertos_config.o (.text.vTaskStepTick)
                  000305b8    00000040     lto46 (.text.zb_bdb_find_respondent)
                  000305f8    00000040     zb_ed_role.a : zboss_r23_commissioning_bdb_bdb_finding_binding.obj (.text.zb_bdb_finding_binding_initiator_alarm)
                  00030638    00000040                  : zboss_r23_common_zb_bufpool_mult.obj (.text.zb_buf_cut_left_func)
                  00030678    00000040     zb_zdo_ed.a : zboss_r23_zdo_zdo_app_leave.obj (.text.zb_nlme_leave_indication)
                  000306b8    00000040     zb_ed_role.a : zboss_r23_nwk_nwk_join.obj (.text.zb_nlme_rejoin_set_channel)
                  000306f8    00000040     lto46 (.text.zb_nvs_open)
                  00030738    00000040     zb_cluster_ed.a : zboss_r23_zcl_zcl_main.obj (.text.zb_zcl_map_ret_code_to_zcl_status)
                  00030778    00000040     lto46 (.text.zb_zcl_ota_upgrade_request_server)
                  000307b8    00000040     zb_cluster_ed.a : zboss_r23_zcl_zcl_s_wwah.obj (.text.zb_zcl_wwah_periodic_checkin_timeout)
                  000307f8    00000040     zb_zdo_ed.a : zboss_r23_zdo_zdo_disc_cli.obj (.text.zb_zdo_ieee_addr_req)
                  00030838    00000040                 : zboss_r23_zdo_zdo_poll.obj (.text.zb_zdo_pim_set_fast_poll_timeout)
                  00030878    00000040     lto46 (.text.zdo_join_done)
                  000308b8    0000003c     drivers_cc23x0r5.a : GPIO.c.obj (.text.GPIO_resetConfig)
                  000308f4    0000003c     lto46 (.text.SHA2_finalize)
                  00030930    0000003c     ti_freertos_config.o (.text.SemaphoreP_pend)
                  0003096c    0000003c     lto46 (.text.aps_start_dups_alarm)
                  000309a8    0000003c     zb_ed_role.a : zboss_r23_commissioning_bdb_zdo_commissioning_bdb.obj (.text.bdb_joined)
                  000309e4    0000003c     lto46 (.text.call_ed_scan_confirm)
                  00030a20    0000003c     lto46 (.text.countLeadingZeros)
                  00030a5c    0000003c     ti_freertos_config.o (.text.eTaskConfirmSleepModeStatus)
                  00030a98    0000003c     zb_ti_platform_zed_log.a : mac_ti_f3_mac.obj (.text.mac_ti23xx_24_set_tx_power)
                  00030ad4    0000003c                              : mac_ti_f3_mac.obj (.text.mac_ti23xx_get_energy_level)
                  00030b10    0000003c     lto46 (.text.prvProcessExpiredTimer)
                  00030b4c    0000003c     lto46 (.text.updateThresholds)
                  00030b88    0000003c     zb_ed_role.a : zboss_r23_aps_aps_main.obj (.text.zb_aps_send_command)
                  00030bc4    0000003c                  : zboss_r23_mac_mac_data.obj (.text.zb_mlme_send_data_req_done)
                  00030c00    0000003c                  : zboss_r23_secur_zdo_secur.obj (.text.zb_need_start_device_interview_on_joiner)
                  00030c3c    0000003c     lto46 (.text.zb_nlme_rejoin_set_page)
                  00030c78    0000003c     lto46 (.text.zb_nwk_mm_sync_assoc_get_coord_addr_conf)
                  00030cb4    0000003c     lto46 (.text.zb_nwk_set_or_get_pib_attr)
                  00030cf0    0000003c     lto46 (.text.zb_panid_conflict_set_panid)
                  00030d2c    0000003c     zb_ed_role.a : zboss_r23_aps_aps_bind.obj (.text.zb_reinit_aps_binding_dst_table_entry_by_index)
                  00030d68    0000003c                  : zboss_r23_aps_aps_aib.obj (.text.zb_reinit_aps_device_key_pair_storage)
                  00030da4    0000003c                  : zboss_r23_secur_zdo_secur.obj (.text.zb_secur_send_get_auth_token_req)
                  00030de0    0000003c     zb_cluster_ed.a : zboss_r23_zcl_zcl_s_wwah.obj (.text.zb_zcl_wwah_periodic_checkin_countdown)
                  00030e1c    0000003c     libc.a : autoinit.c.obj (.text:__TI_auto_init_nobinit_nopinit)
                  00030e58    0000003a     libclang_rt.builtins.a : muldsi3.S.obj (.text.__muldsi3)
                  00030e92    0000003a     zb_ed_role.a : zboss_r23_common_zb_tlv.obj (.text.zb_tlv_parse_value_supported_key_neg_methods)
                  00030ecc    00000038     drivers_cc23x0r5.a : AESCommonLPF3.c.obj (.text.AESCommonLPF3_configInputDMA)
                  00030f04    00000038                        : AESCommonLPF3.c.obj (.text.AESCommonLPF3_configOutputDMA)
                  00030f3c    00000038                        : GPIOLPF3.c.obj (.text.GPIO_hwiIntFxn)
                  00030f74    00000038     lto46 (.text.RCL_Scheduler_postEvent)
                  00030fac    00000038     ti_freertos_config.o (.text.SemaphoreP_create)
                  00030fe4    00000038     drivers_cc23x0r5.a : TemperatureLPF3.c.obj (.text.Temperature_getTemperature)
                  0003101c    00000038     zb_ed_role.a : zboss_r23_aps_aps_bind.obj (.text.aps_find_src_ref)
                  00031054    00000038     lto46 (.text.aps_in_frag_is_block_within_window)
                  0003108c    00000038     lto46 (.text.aps_in_frag_stop_fail_timer)
                  000310c4    00000038     zb_ed_role.a : zboss_r23_secur_bdb_secur.obj (.text.bdb_update_tclk_stop)
                  000310fc    00000038     lto46 (.text.ieee_disc_complete)
                  00031134    00000038     ti_freertos_config.o (.text.malloc)
                  0003116c    00000038     lto46 (.text.prvInsertTimerInActiveList)
                  000311a4    00000038     lto46 (.text.zb_aps_buf_retrans_isbusy)
                  000311dc    00000038     zb_ed_role.a : zboss_r23_aps_aps_bind.obj (.text.zb_aps_is_in_group)
                  00031214    00000038     zb_zdo_ed.a : zboss_r23_zdo_zb_zboss_api_common.obj (.text.zb_bdb_reset_via_local_action)
                  0003124c    00000038     zb_ed_role.a : zboss_r23_common_zb_bufpool_mult.obj (.text.zb_buf_flags_or_func)
                  00031284    00000038                  : zboss_r23_mac_mac_common.obj (.text.zb_mac_calculate_mhr_length)
                  000312bc    00000038                  : zboss_r23_mac_mac.obj (.text.zb_mlme_reset_request)
                  000312f4    00000038                  : zboss_r23_nwk_nwk_discovery.obj (.text.zb_nwk_blacklist_check)
                  0003132c    00000038                  : zboss_r23_common_zb_tlv.obj (.text.zb_tlv_put_next)
                  00031364    00000038     lto46 (.text.zb_zcl_call_on_off_attr_device_cb)
                  0003139c    00000038     zb_cluster_ed.a : zboss_r23_zcl_zcl_main.obj (.text.zb_zcl_get_cluster_handler)
                  000313d4    00000038     lto46 (.text.zb_zcl_wwah_check_if_forced_to_use_tc)
                  0003140c    00000038     zb_cluster_ed.a : zboss_r23_zcl_zcl_s_wwah.obj (.text.zb_zcl_wwah_restart_bad_parent_recovery)
                  00031444    00000038     zb_zdo_ed.a : zboss_r23_zdo_zdo_poll.obj (.text.zb_zdo_pim_repeat_poll)
                  0003147c    00000038                 : zboss_r23_zdo_zdo_app.obj (.text.zdo_aps_decryption_failed)
                  000314b4    00000038                 : zboss_r23_zdo_zdo_app.obj (.text.zdo_authentication_failed)
                  000314ec    00000038                 : zboss_r23_zdo_zdo_app_join.obj (.text.zdo_retry_joining)
                  00031524    00000036     lto46 (.text.AESCMACLPF3_deriveSubKey)
                  0003155a    00000036     ti_freertos_config.o (.text.xQueueGenericCreateStatic)
                  00031590    00000036     zb_ed_role.a : zboss_r23_aps_aps_main.obj (.text.zb_aps_hdr_size)
                  000315c6    00000036                  : zboss_r23_common_zb_bufpool_mult.obj (.text.zb_buf_get_func)
                  000315fc    00000036                  : zboss_r23_nwk_nwk_discovery.obj (.text.zb_nlme_beacon_survey_scan)
                  00031632    00000036     lto46 (.text.zb_zcl_ota_upgrade_block_req_cb)
                  00031668    00000034     lto46 (.text.AESCTRDRBGXX_addBigendCounter)
                  0003169c    00000034     ti_freertos_config.o (.text.HwiP_disable)
                  000316d0    00000034     lto46 (.text.LRF_findExtTrim1TrimAdjustment)
                  00031704    00000034     drivers_cc23x0r5.a : PowerCC23X0.c.obj (.text.PowerCC23X0_notify)
                  00031738    00000034                        : PowerCC23X0.c.obj (.text.Power_getDependencyCount)
                  0003176c    00000034     lto46 (.text.SHA2_addData)
                  000317a0    00000034     lto46 (.text.add_ep_sorted)
                  000317d4    00000034     zb_ed_role.a : zboss_r23_commissioning_bdb_zdo_commissioning_bdb.obj (.text.bdb_after_mgmt_permit_joining_cb)
                  00031808    00000034     lto46 (.text.failCsma)
                  0003183c    00000034     lto46 (.text.prvGetExpectedIdleTime)
                  00031870    00000034     lto46 (.text.send_bind_unbind_response)
                  000318a4    0000000c     lto46 (.text.OUTLINED_FUNCTION_126)
                  000318b0    00000034     lto46 (.text.vPortStartFirstTask)
                  000318e4    00000034     ti_freertos_config.o (.text.vTaskSetApplicationTaskTag)
                  00031918    00000034     ti_freertos_config.o (.text.xTaskGetApplicationTaskTag)
                  0003194c    00000034     lto46 (.text.zb_address_by_short)
                  00031980    00000034     zb_ed_role.a : zboss_r23_aps_aps_main.obj (.text.zb_aps_pass_up_group_buf)
                  000319b4    00000034                  : zboss_r23_common_zb_random.obj (.text.zb_crc32)
                  000319e8    00000034     lto46 (.text.zb_nlme_sync_pibcache_set_parent_short)
                  00031a1c    00000034     zb_ed_role.a : zboss_r23_common_zb_nvram.obj (.text.zb_nvram_store_addr_n_nbt)
                  00031a50    00000034     lto46 (.text.zb_nwk_call_leave_ind)
                  00031a84    00000034     zb_ed_role.a : zboss_r23_nwk_nwk_join.obj (.text.zb_nwk_generate_random_network_address)
                  00031ab8    00000034                  : zboss_r23_secur_zdo_secur.obj (.text.zb_secur_delete_link_keys_by_long_addr)
                  00031aec    00000034                  : zboss_r23_common_zb_signal_common.obj (.text.zb_signal_dispatch)
                  00031b20    00000034                  : zboss_r23_common_zb_tlv.obj (.text.zb_tlv_get_next)
                  00031b54    00000034     lto46 (.text.zb_zcl_start_command_header)
                  00031b88    00000034     zb_zdo_ed.a : zboss_r23_zdo_zdo_app.obj (.text.zb_zdo_forced_parent_link_failure)
                  00031bbc    00000034     lto46 (.text.zb_zdo_pim_stop_fast_poll)
                  00031bf0    00000034     zb_zdo_ed.a : zboss_r23_zdo_zdo_poll.obj (.text.zb_zdo_turbo_poll_packets_leave)
[...]
00031cbd  HwiP_dispatch                                       
00032651  HwiP_restore                                        
00034cb1  HwiP_setFunc                                        
00033f51  HwiP_setPriority                                    
2000695c  HwiP_swiPIntNum                                     
00033945  PTLS_taskDeleteHook                                 
000180f9  PowerCC23X0_standbyPolicy                           
UNDEFED   RCL_Debug_assertProxy                               
UNDEFED   RCL_Profiling_eventHook                             
000303b9  SemaphoreP_construct                                
00033195  SemaphoreP_constructBinary                          
00030fad  SemaphoreP_create                                   
000338b3  SemaphoreP_createBinary                             
00030931  SemaphoreP_pend                                     
00033409  SemaphoreP_post                                     
00034c4b  TI_memcpy_small                                     
00035249  TI_memset_small                                     
00039838  TimestampP_nativeFormat32                           
900029cc  TimestampP_nativeFormat32_copy                      
0003983c  TimestampP_nativeFormat64                           
900029c8  TimestampP_nativeFormat64_copy                      
0003d800  _MCUBOOT_MAX_SLOT_SIZE                              
00004000  _PRIMARY_SLOT_BASE                                  
00041800  _SECONDARY_SLOT_BASE                                
20009000  __STACK_END                                         
00000400  __STACK_SIZE                                        
00000000  __TI_ATRegion0_region_sz                            
00000000  __TI_ATRegion0_src_addr                             
00000000  __TI_ATRegion0_trg_addr                             
00000000  __TI_ATRegion1_region_sz                            
00000000  __TI_ATRegion1_src_addr                             
00000000  __TI_ATRegion1_trg_addr                             
00000000  __TI_ATRegion2_region_sz                            
00000000  __TI_ATRegion2_src_addr                             
00000000  __TI_ATRegion2_trg_addr                             
00039ae0  __TI_CINIT_Base                                     
00039b00  __TI_CINIT_Limit                                    
00039b00  __TI_CINIT_Warm                                     
00039abc  __TI_Handler_Table_Base                             
00039ac8  __TI_Handler_Table_Limit                            
00030e1d  __TI_auto_init_nobinit_nopinit                      
200068e0  __TI_cleanup_ptr                                    
0002a501  __TI_decompress_lzss                                
00034c5d  __TI_decompress_none                                
200068e4  __TI_dtors_ptr                                      
ffffffff  __TI_pprof_out_hndl                                 
ffffffff  __TI_prof_data_size                                 
ffffffff  __TI_prof_data_start                                
00004100  __TI_static_base__                                  
00034fa1  __TI_zero_init                                      
0002e1b1  __aeabi_errno_addr                                  
0002d6e1  __aeabi_idiv                                        
0002266f  __aeabi_idiv0                                       
0002d6e1  __aeabi_idivmod                                     
00025c2b  __aeabi_ldiv0                                       
000338d1  __aeabi_llsl                                        
00032d4d  __aeabi_lmul                                        
00035339  __aeabi_memclr                                      
00035339  __aeabi_memclr4                                     
00035339  __aeabi_memclr8                                     
00035ab5  __aeabi_memcpy                                      
00035ab5  __aeabi_memcpy4                                     
00035ab5  __aeabi_memcpy8                                     
00035211  __aeabi_memset                                      
00035211  __aeabi_memset4                                     
00035211  __aeabi_memset8                                     
000303f9  __aeabi_uidiv                                       
000303f9  __aeabi_uidivmod                                    
0003482d  __aeabi_uldivmod                                    
000338d1  __ashldi3                                           
ffffffff  __binit__                                           
0002d109  __clzsi2                                            
UNDEFED   __mpu_init                                          
00032d4d  __muldi3                                            
00030e59  __muldsi3                                           
20008c00  __stack                                             
20000000  __start___llvm_prf_bits                             
20000000  __start___llvm_prf_cnts                             
20000000  __stop___llvm_prf_bits                              
20000000  __stop___llvm_prf_cnts                              
00026ce9  __udivmoddi4                                        
00033cfd  _c_int00                                            
UNDEFED   _system_post_cinit                                  
000361f9  abort                                               
00035ac5  aligned_alloc                                       
ffffffff  binit                                               
0002f26f  calloc                                              
4e020000  ccfg                                                
00030a5d  eTaskConfirmSleepModeStatus                         
00034e31  free                                                
0002f4fd  localProgramStart                                   
00031135  malloc                                              
000290c5  memalign                                            
00024125  pthread_create                                      
0002fb75  pthread_exit                                        
00034e41  pthread_self                                        
00023961  pvPortMalloc                                        
00034199  pvTaskIncrementMutexHeldCount                       
200070e4  pxCurrentTCB                                        
0002e981  realloc                                             
00034e51  resetISR                                            
00004100  resetVectors                                        
00039831  sysTimerResolutionShift                             
20004f40  sysTimerTimeouts                                    
4e020000  ti_utils_build_GenMap_sym_CRC_CCFG_BOOT_CFG_begin   
4e02000b  ti_utils_build_GenMap_sym_CRC_CCFG_BOOT_CFG_end     
4e0207d0  ti_utils_build_GenMap_sym_CRC_CCFG_DEBUG_begin      
4e0207fb  ti_utils_build_GenMap_sym_CRC_CCFG_DEBUG_end        
4e020750  ti_utils_build_GenMap_sym_CRC_CCFG_USER_RECORD_begin
4e0207cb  ti_utils_build_GenMap_sym_CRC_CCFG_USER_RECORD_end  
4e020010  ti_utils_build_GenMap_sym_CRC_CCFG_begin            
4e02074b  ti_utils_build_GenMap_sym_CRC_CCFG_end              
0003323f  uxListRemove                                        
00039844  uxTopUsedPriority                                   
0002815f  vApplicationStackOverflowHook                       
000322f1  vListInsert                                         
00033eed  vListInsertEnd                                      
0002ff31  vPortFree                                           
00034bf3  vQueueDelete                                        
0002db81  vQueueWaitForMessageRestricted                      
00026475  vTaskDelete                                         
00033a79  vTaskPlaceOnEventList                               
00030539  vTaskPlaceOnEventListRestricted                     
0002b981  vTaskPriorityDisinheritAfterTimeout                 
000318e5  vTaskSetApplicationTaskTag                          
00028435  vTaskStartScheduler                                 
00030579  vTaskStepTick                                       
0002542d  vTaskSuspend                                        
00029251  vTaskSwitchContext                                  
00032ec5  xQueueCreateCountingSemaphore                       
00032583  xQueueCreateCountingSemaphoreStatic                 
0002d737  xQueueGenericCreate                                 
0003155b  xQueueGenericCreateStatic                           
000254e9  xQueueGenericReset                                  
0001f941  xQueueGenericSend                                   
0002c6d9  xQueueGiveFromISR                                   
00020b4d  xQueueReceive                                       
0002a231  xQueueReceiveFromISR                                
0001db99  xQueueSemaphoreTake                                 
0002b9e9  xTaskCheckForTimeOut                                
0002c049  xTaskCreate                                         
0002e481  xTaskCreateStatic                                   
00031919  xTaskGetApplicationTaskTag                          
00022041  xTaskIncrementTick                                  
0002c0ad  xTaskPriorityDisinherit                             
000297ed  xTaskPriorityInherit                                
00026065  xTaskRemoveFromEventList                            
00021455  xTaskResumeAll                                      
0002f61d  xTimerCreateTimerTask                               


GLOBAL SYMBOLS: SORTED BY Symbol Address 

address   name                                                
-------   ----                                                
00000000  __TI_ATRegion0_region_sz                            
00000000  __TI_ATRegion0_src_addr                             
00000000  __TI_ATRegion0_trg_addr                             
00000000  __TI_ATRegion1_region_sz                            
00000000  __TI_ATRegion1_src_addr                             
00000000  __TI_ATRegion1_trg_addr                             
00000000  __TI_ATRegion2_region_sz                            
00000000  __TI_ATRegion2_src_addr                             
00000000  __TI_ATRegion2_trg_addr                             
00000400  __STACK_SIZE                                        
00004000  _PRIMARY_SLOT_BASE                                  
00004100  __TI_static_base__                                  
00004100  resetVectors                                        
000180f9  PowerCC23X0_standbyPolicy                           
0001db99  xQueueSemaphoreTake                                 
0001f941  xQueueGenericSend                                   
00020b4d  xQueueReceive                                       
00021455  xTaskResumeAll                                      
00022041  xTaskIncrementTick                                  
0002266f  __aeabi_idiv0                                       
00023961  pvPortMalloc                                        
00024125  pthread_create                                      
0002542d  vTaskSuspend                                        
000254e9  xQueueGenericReset                                  
00025c2b  __aeabi_ldiv0                                       
00026065  xTaskRemoveFromEventList                            
00026475  vTaskDelete                                         
00026ce9  __udivmoddi4                                        
0002815f  vApplicationStackOverflowHook                       
00028161  AESProcessAlignedBlocksCMAC                         
00028171  AESProcessAlignedBlocksCTR                          
00028189  AESProcessAlignedBlocksECB                          
000281d1  AESCopyBlock                                        
00028435  vTaskStartScheduler                                 
00028a61  ClockP_startup                                      
000290c5  memalign                                            
00029251  vTaskSwitchContext                                  
000297ed  xTaskPriorityInherit                                
0002a0c9  HwiP_construct                                      
0002a231  xQueueReceiveFromISR                                
0002a501  __TI_decompress_lzss                                
0002abd5  ClockP_start                                        
0002b3b5  ClockP_stop                                         
0002b981  vTaskPriorityDisinheritAfterTimeout                 
0002b9e9  xTaskCheckForTimeOut                                
0002c049  xTaskCreate                                         
0002c0ad  xTaskPriorityDisinherit                             
0002c6d9  xQueueGiveFromISR                                   
0002caf5  ClockP_walkQueueDynamic                             
0002d109  __clzsi2                                            
0002d6e1  __aeabi_idiv                                        
0002d6e1  __aeabi_idivmod                                     
0002d737  xQueueGenericCreate                                 
0002db81  vQueueWaitForMessageRestricted                      
0002e1b1  __aeabi_errno_addr                                  
0002e481  xTaskCreateStatic                                   
0002e981  realloc                                             
0002f26f  calloc                                              
0002f34d  ClockP_construct                                    
0002f4fd  localProgramStart                                   
0002f61d  xTimerCreateTimerTask                               
0002fb75  pthread_exit                                        
0002ff31  vPortFree                                           
000303b9  SemaphoreP_construct                                
000303f9  __aeabi_uidiv                                       
000303f9  __aeabi_uidivmod                                    
00030539  vTaskPlaceOnEventListRestricted                     
00030579  vTaskStepTick                                       
00030931  SemaphoreP_pend                                     
00030a5d  eTaskConfirmSleepModeStatus                         
00030e1d  __TI_auto_init_nobinit_nopinit                      
00030e59  __muldsi3                                           
00030fad  SemaphoreP_create                                   
00031135  malloc                                              
0003155b  xQueueGenericCreateStatic                           
0003169d  HwiP_disable                                        
000318e5  vTaskSetApplicationTaskTag                          
00031919  xTaskGetApplicationTaskTag                          
00031cbd  HwiP_dispatch                                       
000322f1  vListInsert                                         
00032583  xQueueCreateCountingSemaphoreStatic                 
00032629  ClockP_usleep                                       
00032651  HwiP_restore                                        
00032d4d  __aeabi_lmul                                        
00032d4d  __muldi3                                            
00032ec5  xQueueCreateCountingSemaphore                       
00033195  SemaphoreP_constructBinary                          
0003323f  uxListRemove                                        
00033409  SemaphoreP_post                                     
000338b3  SemaphoreP_createBinary                             
000338d1  __aeabi_llsl                                        
000338d1  __ashldi3                                           
00033945  PTLS_taskDeleteHook                                 
00033a79  vTaskPlaceOnEventList                               
00033cfd  _c_int00                                            
00033eed  vListInsertEnd                                      
00033f51  HwiP_setPriority                                    
00034199  pvTaskIncrementMutexHeldCount                       
000345ad  ClockP_destruct                                     
0003482d  __aeabi_uldivmod                                    
00034bf3  vQueueDelete                                        
00034c4b  TI_memcpy_small                                     
00034c5d  __TI_decompress_none                                
00034c91  ClockP_setFunc                                      
00034cb1  HwiP_setFunc                                        
00034e31  free                                                
00034e41  pthread_self                                        
00034e51  resetISR                                            
00034fa1  __TI_zero_init                                      
00035211  __aeabi_memset                                      
00035211  __aeabi_memset4                                     
00035211  __aeabi_memset8                                     
00035249  TI_memset_small                                     
00035339  __aeabi_memclr                                      
00035339  __aeabi_memclr4                                     
00035339  __aeabi_memclr8                                     
00035ab5  __aeabi_memcpy                                      
00035ab5  __aeabi_memcpy4                                     
00035ab5  __aeabi_memcpy8                                     
00035ac5  aligned_alloc                                       
00035d3f  Exception_handlerSpin                               
000361f8  C$$EXIT                                             
000361f9  abort                                               
00039831  sysTimerResolutionShift                             
00039838  TimestampP_nativeFormat32                           
0003983c  TimestampP_nativeFormat64                           
00039844  uxTopUsedPriority                                   
00039abc  __TI_Handler_Table_Base                             
00039ac8  __TI_Handler_Table_Limit                            
00039ae0  __TI_CINIT_Base                                     
00039b00  __TI_CINIT_Limit                                    
00039b00  __TI_CINIT_Warm                                     
0003d800  _MCUBOOT_MAX_SLOT_SIZE                              
00041800  _SECONDARY_SLOT_BASE                                
20000000  __start___llvm_prf_bits                             
20000000  __start___llvm_prf_cnts                             
20000000  __stop___llvm_prf_bits                              
20000000  __stop___llvm_prf_cnts                              
20004f40  sysTimerTimeouts                                    
200068e0  __TI_cleanup_ptr                                    
200068e4  __TI_dtors_ptr                                      
2000695c  HwiP_swiPIntNum                                     
200070e4  pxCurrentTCB                                        
20008c00  __stack                                             
20009000  __STACK_END                                         
4e020000  ccfg                                                
4e020000  ti_utils_build_GenMap_sym_CRC_CCFG_BOOT_CFG_begin   
4e02000b  ti_utils_build_GenMap_sym_CRC_CCFG_BOOT_CFG_end     
4e020010  ti_utils_build_GenMap_sym_CRC_CCFG_begin            
4e02074b  ti_utils_build_GenMap_sym_CRC_CCFG_end              
4e020750  ti_utils_build_GenMap_sym_CRC_CCFG_USER_RECORD_begin
4e0207cb  ti_utils_build_GenMap_sym_CRC_CCFG_USER_RECORD_end  
4e0207d0  ti_utils_build_GenMap_sym_CRC_CCFG_DEBUG_begin      
4e0207fb  ti_utils_build_GenMap_sym_CRC_CCFG_DEBUG_end        
900029c8  TimestampP_nativeFormat64_copy                      
900029cc  TimestampP_nativeFormat32_copy                      
ffffffff  __TI_pprof_out_hndl                                 
ffffffff  __TI_prof_data_size                                 
ffffffff  __TI_prof_data_start                                
ffffffff  __binit__                                           
ffffffff  binit                                               
UNDEFED   RCL_Debug_assertProxy                               
UNDEFED   RCL_Profiling_eventHook                             
UNDEFED   __mpu_init                                          
UNDEFED   _system_post_cinit                                  

[165 symbols]
